12.9268 	DEBUG 	Fullscreen settings ignored as running in pilot mode.
12.9279 	INFO 	Loaded monitor calibration from ['2025_07_24 17:26']
13.8475 	INFO 	Using renderer 'AMD Radeon (TM) Graphics' for graphics
13.8475 	INFO 	OpenGL version supported by driver is 4..
13.8766 	EXP 	Created window1 = Window(allowGUI=False, allowStencil=False, autoLog=True, backendConf=UNKNOWN, backgroundFit=<method-wrapper '__getattribute__' of attributeSetter object at 0x000001A6C9544CD0>, backgroundImage=<method-wrapper '__getattribute__' of attributeSetter object at 0x000001A6C9544C70>, bitsMode=UNKNOWN, blendMode='avg', bpc=(8, 8, 8), color=array([0., 0., 0.]), colorSpace='rgb', depthBits=8, fullscr=False, gamma=None, gammaErrorPolicy='raise', infoMsg=UNKNOWN, lms=UNKNOWN, monitor=<psychopy.monitors.calibTools.Monitor object at 0x000001A6C959C1F0>, multiSample=False, name='window1', numSamples=2, pos=[560.0, 240.0], screen=0, size=array([800, 600]), stencilBits=0, stereo=False, title='PsychoPy', units='height', useFBO=True, useRetina=False, viewOri=0.0, viewPos=None, viewScale=None, waitBlanking=True, winType='pyglet')
13.8767 	EXP 	window1: backgroundImage = ''
13.8767 	EXP 	window1: backgroundFit = 'none'
13.9039 	DEBUG 	TextBox2 loaded 1 chars with 0 blanks and 1 valid
13.9199 	DEBUG 	TextBox2 loaded 1 chars with 0 blanks and 1 valid
13.9360 	DEBUG 	TextBox2 loaded 1 chars with 0 blanks and 1 valid
13.9519 	DEBUG 	TextBox2 loaded 1 chars with 0 blanks and 1 valid
13.9678 	DEBUG 	TextBox2 loaded 1 chars with 0 blanks and 1 valid
13.9844 	DEBUG 	TextBox2 loaded 1 chars with 0 blanks and 1 valid
14.0033 	DEBUG 	TextBox2 loaded 1 chars with 0 blanks and 1 valid
14.0207 	DEBUG 	TextBox2 loaded 1 chars with 0 blanks and 1 valid
14.0379 	DEBUG 	TextBox2 loaded 1 chars with 0 blanks and 1 valid
14.0538 	DEBUG 	TextBox2 loaded 1 chars with 0 blanks and 1 valid
14.0705 	DEBUG 	TextBox2 loaded 1 chars with 0 blanks and 1 valid
14.0879 	DEBUG 	TextBox2 loaded 1 chars with 0 blanks and 1 valid
14.1057 	DEBUG 	TextBox2 loaded 1 chars with 0 blanks and 1 valid
14.1232 	DEBUG 	TextBox2 loaded 1 chars with 0 blanks and 1 valid
14.1395 	DEBUG 	TextBox2 loaded 1 chars with 0 blanks and 1 valid
14.1571 	DEBUG 	TextBox2 loaded 1 chars with 0 blanks and 1 valid
14.1739 	DEBUG 	TextBox2 loaded 1 chars with 0 blanks and 1 valid
14.1907 	DEBUG 	TextBox2 loaded 1 chars with 0 blanks and 1 valid
14.2073 	DEBUG 	TextBox2 loaded 1 chars with 0 blanks and 1 valid
14.2232 	DEBUG 	TextBox2 loaded 1 chars with 0 blanks and 1 valid
14.2393 	DEBUG 	TextBox2 loaded 1 chars with 0 blanks and 1 valid
14.2401 	DEBUG 	Uploading Texture Font fontname to graphics card
14.2418 	DEBUG 	Upload of Texture Font fontname complete
14.2673 	DEBUG 	TextBox2 loaded 1 chars with 0 blanks and 1 valid
14.2844 	DEBUG 	TextBox2 loaded 1 chars with 0 blanks and 1 valid
14.3013 	DEBUG 	TextBox2 loaded 1 chars with 0 blanks and 1 valid
14.3017 	DEBUG 	Uploading Texture Font fontname to graphics card
14.3028 	DEBUG 	Upload of Texture Font fontname complete
14.3052 	EXP 	window1: Attempting to measure frame rate of screen (0) ...
14.3052 	EXP 	window1: recordFrameIntervals = False
14.4835 	EXP 	window1: recordFrameIntervals = True
14.7006 	EXP 	Screen (0) actual frame rate measured at 60.57Hz
14.7006 	EXP 	window1: recordFrameIntervals = False
14.7211 	DEBUG 	TextBox2 loaded 1 chars with 0 blanks and 1 valid
14.7371 	DEBUG 	TextBox2 loaded 1 chars with 0 blanks and 1 valid
14.7548 	DEBUG 	TextBox2 loaded 1 chars with 0 blanks and 1 valid
14.7730 	DEBUG 	TextBox2 loaded 1 chars with 0 blanks and 1 valid
14.7908 	DEBUG 	TextBox2 loaded 1 chars with 0 blanks and 1 valid
14.8097 	DEBUG 	TextBox2 loaded 1 chars with 0 blanks and 1 valid
14.8270 	DEBUG 	TextBox2 loaded 1 chars with 0 blanks and 1 valid
14.8445 	DEBUG 	TextBox2 loaded 1 chars with 0 blanks and 1 valid
14.8629 	DEBUG 	TextBox2 loaded 1 chars with 0 blanks and 1 valid
14.8811 	DEBUG 	TextBox2 loaded 1 chars with 0 blanks and 1 valid
14.8818 	DEBUG 	Uploading Texture Font fontname to graphics card
14.8832 	DEBUG 	Upload of Texture Font fontname complete
15.2414 	INFO 	keyboard.Keyboard is using ptb backend.
15.2415 	EXP 	TSRlearn_localizer-concepts: status = STARTED
15.5053 	EXP 	Created instruction_part1 = TextStim(__class__=<class 'psychopy.visual.text.TextStim'>, alignHoriz=method-wrapper(...), alignText='center', alignVert=method-wrapper(...), anchorHoriz='center', anchorVert='center', antialias=True, autoDraw=False, autoLog=True, bold=False, color=array([1., 1., 1.]), colorSpace='rgb', contrast=1.0, depth=-1.0, draggable=False, flipHoriz=False, flipVert=False, font='Sans Sherif', fontFiles=[], height=0.025, italic=False, languageStyle='LTR', name='instruction_part1', opacity=1, ori=0.0, pos=array([0., 0.]), rgb=UNKNOWN, text='', units='height', win=Window(...), wrapWidth=1)
15.5065 	EXP 	Created instruction_part2 = TextStim(__class__=<class 'psychopy.visual.text.TextStim'>, alignHoriz=method-wrapper(...), alignText='center', alignVert=method-wrapper(...), anchorHoriz='center', anchorVert='center', antialias=True, autoDraw=False, autoLog=True, bold=False, color=array([1., 1., 1.]), colorSpace='rgb', contrast=1.0, depth=-1.0, draggable=False, flipHoriz=False, flipVert=False, font='Sans Sherif', fontFiles=[], height=0.025, italic=False, languageStyle='LTR', name='instruction_part2', opacity=1, ori=0.0, pos=array([0., 0.]), rgb=UNKNOWN, text='', units='height', win=Window(...), wrapWidth=1)
15.5077 	EXP 	Created instruction_part3 = TextStim(__class__=<class 'psychopy.visual.text.TextStim'>, alignHoriz=method-wrapper(...), alignText='center', alignVert=method-wrapper(...), anchorHoriz='center', anchorVert='center', antialias=True, autoDraw=False, autoLog=True, bold=False, color=array([1., 1., 1.]), colorSpace='rgb', contrast=1.0, depth=-1.0, draggable=False, flipHoriz=False, flipVert=False, font='Sans Sherif', fontFiles=[], height=0.025, italic=False, languageStyle='LTR', name='instruction_part3', opacity=1, ori=0.0, pos=array([0., 0.]), rgb=UNKNOWN, text='', units='height', win=Window(...), wrapWidth=1)
15.5087 	EXP 	Created instruction_part4 = TextStim(__class__=<class 'psychopy.visual.text.TextStim'>, alignHoriz=method-wrapper(...), alignText='center', alignVert=method-wrapper(...), anchorHoriz='center', anchorVert='center', antialias=True, autoDraw=False, autoLog=True, bold=False, color=array([1., 1., 1.]), colorSpace='rgb', contrast=1.0, depth=-1.0, draggable=False, flipHoriz=False, flipVert=False, font='Sans Sherif', fontFiles=[], height=0.025, italic=False, languageStyle='LTR', name='instruction_part4', opacity=1, ori=0.0, pos=array([0., 0.]), rgb=UNKNOWN, text='', units='height', win=Window(...), wrapWidth=1)
15.5203 	EXP 	Created image_prc = ImageStim(__class__=<class 'psychopy.visual.image.ImageStim'>, anchor=('center', 'center'), autoLog=True, color=array([1., 1., 1.]), colorSpace='rgb', contrast=1.0, depth=0.0, draggable=False, flipHoriz=False, flipVert=False, image='default.png', interpolate=True, mask=None, maskParams=None, name='image_prc', opacity=1, ori=0.0, pos=array([0., 0.]), size=array([0.2, 0.2]), texRes=128.0, units='height', win=Window(...))
15.6984 	INFO 	Loaded psychtoolbox audio version 3.0.19.696976569
16.0736 	WARNING 	No default speaker specified in Preferences / Hardware, using first speaker found: Lautsprecher (Realtek(R) Audio)
16.0737 	DEBUG 	Found speaker device: Lautsprecher (Realtek(R) Audio) (6.0)
16.4559 	INFO 	Created stream for speaker device: Lautsprecher (Realtek(R) Audio) (6.0)
16.4575 	EXP 	spoken_word_prc: sampleRate = 48000
16.4576 	EXP 	spoken_word_prc: channels = None
16.4671 	DEBUG 	Converted audio clip from mono to stereo
16.4735 	EXP 	Sound spoken_word_prc set volume 1.000
16.4829 	EXP 	Created fix_cross_prc = TextStim(__class__=<class 'psychopy.visual.text.TextStim'>, alignHoriz=method-wrapper(...), alignText='center', alignVert=method-wrapper(...), anchorHoriz='center', anchorVert='center', antialias=True, autoDraw=False, autoLog=True, bold=False, color=array([1., 1., 1.]), colorSpace='rgb', contrast=1.0, depth=-2.0, draggable=False, flipHoriz=False, flipVert=False, font='Sans Sherif', fontFiles=[], height=0.03, italic=False, languageStyle='LTR', name='fix_cross_prc', opacity=1, ori=0.0, pos=array([0., 0.]), rgb=UNKNOWN, text='+', units='height', win=Window(...), wrapWidth=1)
16.4850 	EXP 	Created fix_cross_2_prc = TextStim(__class__=<class 'psychopy.visual.text.TextStim'>, alignHoriz=method-wrapper(...), alignText='center', alignVert=method-wrapper(...), anchorHoriz='center', anchorVert='center', antialias=True, autoDraw=False, autoLog=True, bold=False, color=array([1., 1., 1.]), colorSpace='rgb', contrast=1.0, depth=0.0, draggable=False, flipHoriz=False, flipVert=False, font='Sans Sherif', fontFiles=[], height=0.03, italic=False, languageStyle='LTR', name='fix_cross_2_prc', opacity=1, ori=0.0, pos=array([0., 0.]), rgb=UNKNOWN, text='+', units='height', win=Window(...), wrapWidth=1)
16.4863 	EXP 	Created instruction_startexp = TextStim(__class__=<class 'psychopy.visual.text.TextStim'>, alignHoriz=method-wrapper(...), alignText='center', alignVert=method-wrapper(...), anchorHoriz='center', anchorVert='center', antialias=True, autoDraw=False, autoLog=True, bold=False, color=array([1., 1., 1.]), colorSpace='rgb', contrast=1.0, depth=-1.0, draggable=False, flipHoriz=False, flipVert=False, font='Sans Sherif', fontFiles=[], height=0.025, italic=False, languageStyle='LTR', name='instruction_startexp', opacity=1, ori=0.0, pos=array([0., 0.]), rgb=UNKNOWN, text='', units='height', win=Window(...), wrapWidth=1)
16.4876 	EXP 	Created instruction_startexp_2 = TextStim(__class__=<class 'psychopy.visual.text.TextStim'>, alignHoriz=method-wrapper(...), alignText='center', alignVert=method-wrapper(...), anchorHoriz='center', anchorVert='center', antialias=True, autoDraw=False, autoLog=True, bold=False, color=array([1., 1., 1.]), colorSpace='rgb', contrast=1.0, depth=-1.0, draggable=False, flipHoriz=False, flipVert=False, font='Sans Sherif', fontFiles=[], height=0.025, italic=False, languageStyle='LTR', name='instruction_startexp_2', opacity=1, ori=0.0, pos=array([0., 0.]), rgb=UNKNOWN, text='', units='height', win=Window(...), wrapWidth=1)
16.4920 	EXP 	Created image = ImageStim(__class__=<class 'psychopy.visual.image.ImageStim'>, anchor=('center', 'center'), autoLog=True, color=array([1., 1., 1.]), colorSpace='rgb', contrast=1.0, depth=-3.0, draggable=False, flipHoriz=False, flipVert=False, image='default.png', interpolate=True, mask=None, maskParams=None, name='image', opacity=1, ori=0.0, pos=array([0., 0.]), size=array([0.2, 0.2]), texRes=128.0, units='height', win=Window(...))
16.5303 	WARNING 	No default speaker specified in Preferences / Hardware, using first speaker found: Lautsprecher (Realtek(R) Audio)
16.5304 	DEBUG 	Found speaker device: Lautsprecher (Realtek(R) Audio) (6.0)
16.5458 	INFO 	Created stream for speaker device: Lautsprecher (Realtek(R) Audio) (6.0)
16.5489 	EXP 	spoken_word: sampleRate = 48000
16.5490 	EXP 	spoken_word: channels = None
16.5603 	DEBUG 	Converted audio clip from mono to stereo
16.5681 	EXP 	Sound spoken_word set volume 1.000
16.5708 	EXP 	Created fix_cross = TextStim(__class__=<class 'psychopy.visual.text.TextStim'>, alignHoriz=method-wrapper(...), alignText='center', alignVert=method-wrapper(...), anchorHoriz='center', anchorVert='center', antialias=True, autoDraw=False, autoLog=True, bold=False, color=array([1., 1., 1.]), colorSpace='rgb', contrast=1.0, depth=-4.0, draggable=False, flipHoriz=False, flipVert=False, font='Sans Sherif', fontFiles=[], height=0.03, italic=False, languageStyle='LTR', name='fix_cross', opacity=1, ori=0.0, pos=array([0., 0.]), rgb=UNKNOWN, text='+', units='height', win=Window(...), wrapWidth=1)
16.5728 	EXP 	Created fix_cross_2 = TextStim(__class__=<class 'psychopy.visual.text.TextStim'>, alignHoriz=method-wrapper(...), alignText='center', alignVert=method-wrapper(...), anchorHoriz='center', anchorVert='center', antialias=True, autoDraw=False, autoLog=True, bold=False, color=array([1., 1., 1.]), colorSpace='rgb', contrast=1.0, depth=-3.0, draggable=False, flipHoriz=False, flipVert=False, font='Sans Sherif', fontFiles=[], height=0.03, italic=False, languageStyle='LTR', name='fix_cross_2', opacity=1, ori=0.0, pos=array([0., 0.]), rgb=UNKNOWN, text='+', units='height', win=Window(...), wrapWidth=1)
16.5741 	EXP 	Created breaks_instruction = TextStim(__class__=<class 'psychopy.visual.text.TextStim'>, alignHoriz=method-wrapper(...), alignText='center', alignVert=method-wrapper(...), anchorHoriz='center', anchorVert='center', antialias=True, autoDraw=False, autoLog=True, bold=False, color=array([1., 1., 1.]), colorSpace='rgb', contrast=1.0, depth=-3.0, draggable=False, flipHoriz=False, flipVert=False, font='Sans Sherif', fontFiles=[], height=0.025, italic=False, languageStyle='LTR', name='breaks_instruction', opacity=1, ori=0.0, pos=array([0., 0.]), rgb=UNKNOWN, text='', units='height', win=Window(...), wrapWidth=1)
16.6013 	EXP 	Created progress_bar_breaks = Progress(__class__=<class 'psychopy.visual.progress.Progress'>, anchor=('left', 'center'), autoDraw=False, autoLog=True, closeShape=True, color=method-wrapper(...), colorSpace='rgb', contrast=None, depth=-6, draggable=False, fillColor=array([0, 0, 0]), fillColorSpace='rgb', fillRGB=array([0, 0, 0]), interpolate=True, lineColor=array([1., 1., 1.]), lineColorSpace='rgb', lineRGB=array([1, 1, 1]), lineWidth=4.0, name='progress_bar_breaks', opacity=1.0, ori=0.0, pos=array([-0.2 , -0.07]), size=array([0.4  , 0.015]), units='height', vertices=ndarray(...), win=Window(...), windingRule=None)
16.6033 	EXP 	Created progress_bar_breaksBar = ShapeStim(__class__=<class 'psychopy.visual.shape.ShapeStim'>, anchor=('left', 'center'), autoDraw=False, autoLog=True, closeShape=True, color=method-wrapper(...), colorSpace='rgb', contrast=None, depth=-6, draggable=False, fillColor=array([1, 1, 1]), fillColorSpace='rgb', fillRGB=array([1, 1, 1]), interpolate=True, lineColor=array([0., 0., 0.]), lineColorSpace='rgb', lineRGB=array([0, 0, 0]), lineWidth=1.5, name='progress_bar_breaksBar', opacity=1.0, ori=0.0, pos=array([-0.2 , -0.07]), size=array([0.4  , 0.015]), units='height', vertices=ndarray(...), win=Window(...), windingRule=None)
16.6047 	EXP 	Created instruction_continuebreak = TextStim(__class__=<class 'psychopy.visual.text.TextStim'>, alignHoriz=method-wrapper(...), alignText='center', alignVert=method-wrapper(...), anchorHoriz='center', anchorVert='center', antialias=True, autoDraw=False, autoLog=True, bold=False, color=array([1., 1., 1.]), colorSpace='rgb', contrast=1.0, depth=-8.0, draggable=False, flipHoriz=False, flipVert=False, font='Sans Sherif', fontFiles=[], height=0.025, italic=False, languageStyle='LTR', name='instruction_continuebreak', opacity=1, ori=0.0, pos=array([0., 0.]), rgb=UNKNOWN, text='', units='height', win=Window(...), wrapWidth=1)
16.6059 	EXP 	Created instruction_end = TextStim(__class__=<class 'psychopy.visual.text.TextStim'>, alignHoriz=method-wrapper(...), alignText='center', alignVert=method-wrapper(...), anchorHoriz='center', anchorVert='center', antialias=True, autoDraw=False, autoLog=True, bold=False, color=array([1., 1., 1.]), colorSpace='rgb', contrast=1.0, depth=-2.0, draggable=False, flipHoriz=False, flipVert=False, font='Sans Sherif', fontFiles=[], height=0.025, italic=False, languageStyle='LTR', name='instruction_end', opacity=1, ori=0.0, pos=array([0., 0.]), rgb=UNKNOWN, text='', units='height', win=Window(...), wrapWidth=1)
2026-08-05_17:02:22.845306 	EXP 	progress_bar_breaks: direction = 'horizontal'
2026-08-05_17:02:22.845306 	EXP 	progress_bar_breaks: progress = 0.0
2026-08-05_17:02:22.895241 	EXP 	instruction_part1: height = 0.025
2026-08-05_17:02:22.895241 	EXP 	instruction_part1: height = 0.025
2026-08-05_17:02:22.895241 	EXP 	instruction_part1: height = 0.025
2026-08-05_17:02:22.895241 	EXP 	instruction_part1: text = 'Willkommen zum ersten Teil des Experiments.\nIn diesem Teil sehen Sie verschiedene Bilder\nund hören Wörter.\nIhre Aufgabe ist es zu entscheiden, ob die Wörter\ndie Dinge beschreiben, die Sie auf den Bildern sehen.\n\n[Drücken Sie eine beliebige Taste, um fortzufahren.]'
2026-08-05_17:02:22.895241 	EXP 	instruction_part1: autoDraw = True
2026-08-05_17:02:23.364147 	INFO 	Keyboard events cleared
2026-08-05_17:02:24.804944 	DATA 	Mouse: Left button down, pos=(476,195)
2026-08-05_17:02:24.918881 	DATA 	Mouse:  Left button up, pos=(476,195)
2026-08-05_17:02:25.660075 	EXP 	Device response: <KeyPress from None: t=2.7606414000001678, value=r, duration=None>
2026-08-05_17:02:25.660988 	DATA 	Keypress: r
2026-08-05_17:02:25.716376 	EXP 	Device response: <KeyPress from None: t=2.7606414000001678, value=r, duration=0.11909949999972014>
2026-08-05_17:02:25.745687 	EXP 	instruction_part1: autoDraw = False
2026-08-05_17:02:25.745687 	EXP 	instruction_part2: height = 0.025
2026-08-05_17:02:25.745687 	EXP 	instruction_part2: height = 0.025
2026-08-05_17:02:25.745687 	EXP 	instruction_part2: height = 0.025
2026-08-05_17:02:25.745687 	EXP 	instruction_part2: text = 'Sie sehen zuerst ein Bild.\nDanach hören Sie ein gesprochenes Wort.\nEntscheiden Sie, ob das Wort zu dem Bild passt oder nicht.\n\n[Drücken Sie eine beliebige Taste, um fortzufahren.]'
2026-08-05_17:02:25.745687 	EXP 	instruction_part2: autoDraw = True
2026-08-05_17:02:26.229982 	INFO 	Keyboard events cleared
2026-08-05_17:02:26.316043 	EXP 	Device response: <KeyPress from None: t=3.4881991000002017, value=r, duration=None>
2026-08-05_17:02:26.316734 	DATA 	Keypress: r
2026-08-05_17:02:26.397877 	EXP 	Device response: <KeyPress from None: t=3.4881991000002017, value=r, duration=0.0877001000008022>
2026-08-05_17:02:26.428683 	EXP 	instruction_part2: autoDraw = False
2026-08-05_17:02:26.428683 	EXP 	instruction_part3: height = 0.025
2026-08-05_17:02:26.428683 	EXP 	instruction_part3: height = 0.025
2026-08-05_17:02:26.428683 	EXP 	instruction_part3: height = 0.025
2026-08-05_17:02:26.428683 	EXP 	instruction_part3: text = 'Wenn das Wort nicht zu dem Bild passt, reagieren Sie bitte sofort.\nDrücken Sie die obere Taste (rot), wenn das Wort\nnicht zu dem Bild passt, das Sie gerade gesehen haben.\n\nWenn das Wort zu dem Bild passt, drücken Sie keine Taste.\n\nDas Fixationskreuz verändert kurz seine Farbe,\num anzuzeigen, ob Ihre Antwort richtig war.\n\n[Drücken Sie eine beliebige Taste, um fortzufahren.]'
2026-08-05_17:02:26.428683 	EXP 	instruction_part3: autoDraw = True
2026-08-05_17:02:26.911602 	INFO 	Keyboard events cleared
2026-08-05_17:02:26.914462 	DATA 	Keypress: r
2026-08-05_17:02:28.181288 	EXP 	Device response: <KeyPress from None: t=5.351684400000522, value=r, duration=None>
2026-08-05_17:02:28.182191 	DATA 	Keypress: r
2026-08-05_17:02:28.313603 	EXP 	Device response: <KeyPress from None: t=5.351684400000522, value=r, duration=0.12837469999794848>
2026-08-05_17:02:28.343532 	EXP 	instruction_part3: autoDraw = False
2026-08-05_17:02:28.343532 	EXP 	instruction_part4: height = 0.025
2026-08-05_17:02:28.343532 	EXP 	instruction_part4: height = 0.025
2026-08-05_17:02:28.343532 	EXP 	instruction_part4: height = 0.025
2026-08-05_17:02:28.343532 	EXP 	instruction_part4: text = 'Bitte antworten Sie so schnell und genau wie möglich.\nWir beginnen nun mit einigen Übungsdurchgängen.\nNutzen Sie die obere Taste (rot) für Nicht-Übereinstimmungen.\n\n[Drücken Sie eine beliebige Taste, um fortzufahren.]'
2026-08-05_17:02:28.343532 	EXP 	instruction_part4: autoDraw = True
2026-08-05_17:02:28.827576 	INFO 	Keyboard events cleared
2026-08-05_17:02:29.116612 	EXP 	Device response: <KeyPress from None: t=6.288649300000543, value=r, duration=None>
2026-08-05_17:02:29.117200 	DATA 	Keypress: r
2026-08-05_17:02:29.247366 	EXP 	Device response: <KeyPress from None: t=6.288649300000543, value=r, duration=0.13520820000121603>
2026-08-05_17:02:29.254092 	DEBUG 	Read excel file with openpyxl: sequences/localiser_trials_prc.xlsx
2026-08-05_17:02:29.255436 	EXP 	Imported sequences/localiser_trials_prc.xlsx as conditions, 11 conditions, 8 params
2026-08-05_17:02:29.255874 	EXP 	New trial (rep=0, index=0): <Trial 0 (0 in rep 0) data={'image_shown': 'anchor.jpg', 'word_shown_german': 'Anker', 'word_shown_french': 'ancre', 'word_shown_english': 'anchor', 'ITI_length': 0.75, 'correct_response': 'y', 'match_idx': 1, 'nonmatch_pres_side': 'right', 'thisN': 0, 'thisTrialN': 0, 'thisRepN': 0}>
2026-08-05_17:02:29.315465 	EXP 	instruction_part4: autoDraw = False
2026-08-05_17:02:29.315465 	EXP 	image_prc: image = 'stimuli\\practice_images\\anchor.jpg'
2026-08-05_17:02:29.315465 	EXP 	image_prc: autoDraw = True
2026-08-05_17:02:29.399392 	DATA 	Mouse: Left button down, pos=(488,189)
2026-08-05_17:02:29.547087 	DATA 	Mouse:  Left button up, pos=(488,189)
2026-08-05_17:02:30.063924 	EXP 	spoken_word_prc: sampleRate = 44100
2026-08-05_17:02:30.068370 	INFO 	Resampled audio from 44100Hz to 48000Hz using method 'default'.
2026-08-05_17:02:30.068395 	DEBUG 	Converted audio clip from mono to stereo
2026-08-05_17:02:30.069088 	EXP 	Sound spoken_word_prc reached end of file
7.2583 	EXP 	Playing sound spoken_word_prc on speaker Lautsprecher (Realtek(R) Audio)
2026-08-05_17:02:30.077030 	INFO 	Keyboard events cleared
2026-08-05_17:02:30.076950 	EXP 	image_prc: autoDraw = False
2026-08-05_17:02:30.076950 	EXP 	image_prc: autoDraw = False
2026-08-05_17:02:30.076950 	EXP 	fix_cross_prc: foreColor = <psychopy.colors.Color: white, alpha=1.0>
2026-08-05_17:02:30.076950 	EXP 	fix_cross_prc: autoDraw = True
2026-08-05_17:02:30.615187 	EXP 	Sound spoken_word_prc reached end of file
2026-08-05_17:02:30.629505 	EXP 	Sound spoken_word_prc reached end of file
2026-08-05_17:02:31.593104 	EXP 	fix_cross_prc: autoDraw = True
2026-08-05_17:02:31.593104 	EXP 	fix_cross_prc: autoDraw = False
2026-08-05_17:02:31.593104 	EXP 	fix_cross_2_prc: autoDraw = True
2026-08-05_17:02:32.329522 	EXP 	New trial (rep=0, index=1): <Trial 1 (1 in rep 0) data={'image_shown': 'ant.jpg', 'word_shown_german': 'Ameise', 'word_shown_french': 'fourmi', 'word_shown_english': 'ant', 'ITI_length': 0.89, 'correct_response': 'r', 'match_idx': 1, 'nonmatch_pres_side': 'left', 'thisN': 1, 'thisTrialN': 1, 'thisRepN': 0}>
2026-08-05_17:02:32.378456 	EXP 	fix_cross_2_prc: autoDraw = False
2026-08-05_17:02:32.378456 	EXP 	fix_cross_2_prc: autoDraw = False
2026-08-05_17:02:32.378456 	EXP 	image_prc: image = 'stimuli\\practice_images\\ant.jpg'
2026-08-05_17:02:32.378456 	EXP 	image_prc: autoDraw = True
2026-08-05_17:02:33.145527 	EXP 	spoken_word_prc: sampleRate = 44100
2026-08-05_17:02:33.155126 	INFO 	Resampled audio from 44100Hz to 48000Hz using method 'default'.
2026-08-05_17:02:33.155200 	DEBUG 	Converted audio clip from mono to stereo
2026-08-05_17:02:33.156472 	EXP 	Sound spoken_word_prc reached end of file
10.3417 	EXP 	Playing sound spoken_word_prc on speaker Lautsprecher (Realtek(R) Audio)
2026-08-05_17:02:33.175740 	INFO 	Keyboard events cleared
2026-08-05_17:02:33.175636 	EXP 	image_prc: autoDraw = False
2026-08-05_17:02:33.175636 	EXP 	image_prc: autoDraw = False
2026-08-05_17:02:33.175636 	EXP 	fix_cross_prc: foreColor = <psychopy.colors.Color: white, alpha=1.0>
2026-08-05_17:02:33.175636 	EXP 	fix_cross_prc: autoDraw = True
2026-08-05_17:02:33.865074 	EXP 	Sound spoken_word_prc reached end of file
2026-08-05_17:02:33.878217 	EXP 	Sound spoken_word_prc reached end of file
2026-08-05_17:02:34.660963 	EXP 	fix_cross_prc: autoDraw = True
2026-08-05_17:02:34.660963 	EXP 	fix_cross_prc: autoDraw = False
2026-08-05_17:02:34.660963 	EXP 	fix_cross_2_prc: autoDraw = True
2026-08-05_17:02:35.544683 	EXP 	New trial (rep=0, index=2): <Trial 2 (2 in rep 0) data={'image_shown': 'axe.jpg', 'word_shown_german': 'Pferd', 'word_shown_french': 'cheval', 'word_shown_english': 'horse', 'ITI_length': 0.85, 'correct_response': 'y', 'match_idx': 0, 'nonmatch_pres_side': 'left', 'thisN': 2, 'thisTrialN': 2, 'thisRepN': 0}>
2026-08-05_17:02:35.594533 	EXP 	fix_cross_2_prc: autoDraw = False
2026-08-05_17:02:35.594533 	EXP 	fix_cross_2_prc: autoDraw = False
2026-08-05_17:02:35.594533 	EXP 	image_prc: image = 'stimuli\\practice_images\\axe.jpg'
2026-08-05_17:02:35.594533 	EXP 	image_prc: autoDraw = True
2026-08-05_17:02:36.345793 	EXP 	spoken_word_prc: sampleRate = 44100
2026-08-05_17:02:36.348533 	INFO 	Resampled audio from 44100Hz to 48000Hz using method 'default'.
2026-08-05_17:02:36.348554 	DEBUG 	Converted audio clip from mono to stereo
2026-08-05_17:02:36.349011 	EXP 	Sound spoken_word_prc reached end of file
13.5402 	EXP 	Playing sound spoken_word_prc on speaker Lautsprecher (Realtek(R) Audio)
2026-08-05_17:02:36.360915 	INFO 	Keyboard events cleared
2026-08-05_17:02:36.360701 	EXP 	image_prc: autoDraw = False
2026-08-05_17:02:36.360701 	EXP 	image_prc: autoDraw = False
2026-08-05_17:02:36.360701 	EXP 	fix_cross_prc: foreColor = <psychopy.colors.Color: white, alpha=1.0>
2026-08-05_17:02:36.360701 	EXP 	fix_cross_prc: autoDraw = True
2026-08-05_17:02:36.896784 	EXP 	Sound spoken_word_prc reached end of file
2026-08-05_17:02:36.910931 	EXP 	Sound spoken_word_prc reached end of file
2026-08-05_17:02:37.874812 	EXP 	fix_cross_prc: foreColor = <psychopy.colors.Color: red, alpha=1.0>
2026-08-05_17:02:38.090897 	EXP 	fix_cross_prc: autoDraw = False
2026-08-05_17:02:38.090897 	EXP 	fix_cross_2_prc: autoDraw = True
2026-08-05_17:02:38.926331 	EXP 	New trial (rep=0, index=3): <Trial 3 (3 in rep 0) data={'image_shown': 'bus.jpg', 'word_shown_german': 'Bus', 'word_shown_french': 'bus', 'word_shown_english': 'bus', 'ITI_length': 1.01, 'correct_response': 'y', 'match_idx': 1, 'nonmatch_pres_side': 'right', 'thisN': 3, 'thisTrialN': 3, 'thisRepN': 0}>
2026-08-05_17:02:38.977736 	EXP 	fix_cross_2_prc: autoDraw = False
2026-08-05_17:02:38.977736 	EXP 	fix_cross_2_prc: autoDraw = False
2026-08-05_17:02:38.977736 	EXP 	image_prc: image = 'stimuli\\practice_images\\bus.jpg'
2026-08-05_17:02:38.977736 	EXP 	image_prc: autoDraw = True
2026-08-05_17:02:39.753074 	EXP 	spoken_word_prc: sampleRate = 44100
2026-08-05_17:02:39.756425 	INFO 	Resampled audio from 44100Hz to 48000Hz using method 'default'.
2026-08-05_17:02:39.756455 	DEBUG 	Converted audio clip from mono to stereo
2026-08-05_17:02:39.757161 	EXP 	Sound spoken_word_prc reached end of file
16.9387 	EXP 	Playing sound spoken_word_prc on speaker Lautsprecher (Realtek(R) Audio)
2026-08-05_17:02:39.776026 	INFO 	Keyboard events cleared
2026-08-05_17:02:39.775788 	EXP 	image_prc: autoDraw = False
2026-08-05_17:02:39.775788 	EXP 	image_prc: autoDraw = False
2026-08-05_17:02:39.775788 	EXP 	fix_cross_prc: foreColor = <psychopy.colors.Color: white, alpha=1.0>
2026-08-05_17:02:39.775788 	EXP 	fix_cross_prc: autoDraw = True
2026-08-05_17:02:40.224660 	EXP 	Sound spoken_word_prc reached end of file
2026-08-05_17:02:40.242437 	EXP 	Sound spoken_word_prc reached end of file
2026-08-05_17:02:41.256883 	EXP 	fix_cross_prc: autoDraw = True
2026-08-05_17:02:41.256883 	EXP 	fix_cross_prc: autoDraw = False
2026-08-05_17:02:41.256883 	EXP 	fix_cross_2_prc: autoDraw = True
2026-08-05_17:02:42.259877 	EXP 	New trial (rep=0, index=4): <Trial 4 (4 in rep 0) data={'image_shown': 'ball.jpg', 'word_shown_german': 'Gesicht', 'word_shown_french': 'visage', 'word_shown_english': 'face', 'ITI_length': 1.04, 'correct_response': 'r', 'match_idx': 0, 'nonmatch_pres_side': 'right', 'thisN': 4, 'thisTrialN': 4, 'thisRepN': 0}>
2026-08-05_17:02:42.327422 	EXP 	fix_cross_2_prc: autoDraw = False
2026-08-05_17:02:42.327422 	EXP 	fix_cross_2_prc: autoDraw = False
2026-08-05_17:02:42.327422 	EXP 	image_prc: image = 'stimuli\\practice_images\\ball.jpg'
2026-08-05_17:02:42.327422 	EXP 	image_prc: autoDraw = True
2026-08-05_17:02:43.077595 	EXP 	spoken_word_prc: sampleRate = 44100
2026-08-05_17:02:43.079688 	INFO 	Resampled audio from 44100Hz to 48000Hz using method 'default'.
2026-08-05_17:02:43.079706 	DEBUG 	Converted audio clip from mono to stereo
2026-08-05_17:02:43.080197 	EXP 	Sound spoken_word_prc reached end of file
20.2712 	EXP 	Playing sound spoken_word_prc on speaker Lautsprecher (Realtek(R) Audio)
2026-08-05_17:02:43.089585 	INFO 	Keyboard events cleared
2026-08-05_17:02:43.089484 	EXP 	image_prc: autoDraw = False
2026-08-05_17:02:43.089484 	EXP 	image_prc: autoDraw = False
2026-08-05_17:02:43.089484 	EXP 	fix_cross_prc: foreColor = <psychopy.colors.Color: white, alpha=1.0>
2026-08-05_17:02:43.089484 	EXP 	fix_cross_prc: autoDraw = True
2026-08-05_17:02:43.701639 	EXP 	Sound spoken_word_prc reached end of file
2026-08-05_17:02:43.726442 	EXP 	Sound spoken_word_prc reached end of file
2026-08-05_17:02:44.605872 	EXP 	fix_cross_prc: foreColor = <psychopy.colors.Color: red, alpha=1.0>
2026-08-05_17:02:44.806143 	EXP 	fix_cross_prc: autoDraw = False
2026-08-05_17:02:44.806143 	EXP 	fix_cross_2_prc: autoDraw = True
2026-08-05_17:02:45.840724 	EXP 	New trial (rep=0, index=5): <Trial 5 (5 in rep 0) data={'image_shown': 'banana.jpg', 'word_shown_german': 'Banane', 'word_shown_french': 'banane', 'word_shown_english': 'banana', 'ITI_length': 0.99, 'correct_response': 'y', 'match_idx': 1, 'nonmatch_pres_side': 'right', 'thisN': 5, 'thisTrialN': 5, 'thisRepN': 0}>
2026-08-05_17:02:45.892249 	EXP 	fix_cross_2_prc: autoDraw = False
2026-08-05_17:02:45.892249 	EXP 	fix_cross_2_prc: autoDraw = False
2026-08-05_17:02:45.892249 	EXP 	image_prc: image = 'stimuli\\practice_images\\banana.jpg'
2026-08-05_17:02:45.892249 	EXP 	image_prc: autoDraw = True
2026-08-05_17:02:46.644627 	EXP 	spoken_word_prc: sampleRate = 44100
2026-08-05_17:02:46.650728 	INFO 	Resampled audio from 44100Hz to 48000Hz using method 'default'.
2026-08-05_17:02:46.650778 	DEBUG 	Converted audio clip from mono to stereo
2026-08-05_17:02:46.651775 	EXP 	Sound spoken_word_prc reached end of file
23.8369 	EXP 	Playing sound spoken_word_prc on speaker Lautsprecher (Realtek(R) Audio)
2026-08-05_17:02:46.671627 	INFO 	Keyboard events cleared
2026-08-05_17:02:46.671520 	EXP 	image_prc: autoDraw = False
2026-08-05_17:02:46.671520 	EXP 	image_prc: autoDraw = False
2026-08-05_17:02:46.671520 	EXP 	fix_cross_prc: foreColor = <psychopy.colors.Color: white, alpha=1.0>
2026-08-05_17:02:46.671520 	EXP 	fix_cross_prc: autoDraw = True
2026-08-05_17:02:47.288236 	EXP 	Sound spoken_word_prc reached end of file
2026-08-05_17:02:47.309928 	EXP 	Sound spoken_word_prc reached end of file
2026-08-05_17:02:48.171226 	EXP 	fix_cross_prc: autoDraw = True
2026-08-05_17:02:48.171226 	EXP 	fix_cross_prc: autoDraw = False
2026-08-05_17:02:48.171226 	EXP 	fix_cross_2_prc: autoDraw = True
2026-08-05_17:02:49.157639 	EXP 	New trial (rep=0, index=6): <Trial 6 (6 in rep 0) data={'image_shown': 'glasses.jpg', 'word_shown_german': 'Brille', 'word_shown_french': 'lunettes', 'word_shown_english': 'glasses', 'ITI_length': 0.79, 'correct_response': 'r', 'match_idx': 1, 'nonmatch_pres_side': 'left', 'thisN': 6, 'thisTrialN': 6, 'thisRepN': 0}>
2026-08-05_17:02:49.189735 	EXP 	fix_cross_2_prc: autoDraw = False
2026-08-05_17:02:49.189735 	EXP 	fix_cross_2_prc: autoDraw = False
2026-08-05_17:02:49.189735 	EXP 	image_prc: image = 'stimuli\\practice_images\\glasses.jpg'
2026-08-05_17:02:49.189735 	EXP 	image_prc: autoDraw = True
2026-08-05_17:02:49.941644 	EXP 	spoken_word_prc: sampleRate = 44100
2026-08-05_17:02:49.944900 	INFO 	Resampled audio from 44100Hz to 48000Hz using method 'default'.
2026-08-05_17:02:49.944920 	DEBUG 	Converted audio clip from mono to stereo
2026-08-05_17:02:49.945439 	EXP 	Sound spoken_word_prc reached end of file
27.1358 	EXP 	Playing sound spoken_word_prc on speaker Lautsprecher (Realtek(R) Audio)
2026-08-05_17:02:49.956371 	INFO 	Keyboard events cleared
2026-08-05_17:02:49.956223 	EXP 	image_prc: autoDraw = False
2026-08-05_17:02:49.956223 	EXP 	image_prc: autoDraw = False
2026-08-05_17:02:49.956223 	EXP 	fix_cross_prc: foreColor = <psychopy.colors.Color: white, alpha=1.0>
2026-08-05_17:02:49.956223 	EXP 	fix_cross_prc: autoDraw = True
2026-08-05_17:02:50.439923 	EXP 	Sound spoken_word_prc reached end of file
2026-08-05_17:02:50.455825 	EXP 	Sound spoken_word_prc reached end of file
2026-08-05_17:02:51.470521 	EXP 	fix_cross_prc: autoDraw = True
2026-08-05_17:02:51.470521 	EXP 	fix_cross_prc: autoDraw = False
2026-08-05_17:02:51.470521 	EXP 	fix_cross_2_prc: autoDraw = True
2026-08-05_17:02:52.258509 	EXP 	New trial (rep=0, index=7): <Trial 7 (7 in rep 0) data={'image_shown': 'basket.jpg', 'word_shown_german': 'Korb', 'word_shown_french': 'panier', 'word_shown_english': 'basket', 'ITI_length': 0.77, 'correct_response': 'y', 'match_idx': 1, 'nonmatch_pres_side': 'right', 'thisN': 7, 'thisTrialN': 7, 'thisRepN': 0}>
2026-08-05_17:02:52.306120 	EXP 	fix_cross_2_prc: autoDraw = False
2026-08-05_17:02:52.306120 	EXP 	fix_cross_2_prc: autoDraw = False
2026-08-05_17:02:52.306120 	EXP 	image_prc: image = 'stimuli\\practice_images\\basket.jpg'
2026-08-05_17:02:52.306120 	EXP 	image_prc: autoDraw = True
2026-08-05_17:02:53.056479 	EXP 	spoken_word_prc: sampleRate = 44100
2026-08-05_17:02:53.058661 	INFO 	Resampled audio from 44100Hz to 48000Hz using method 'default'.
2026-08-05_17:02:53.058682 	DEBUG 	Converted audio clip from mono to stereo
2026-08-05_17:02:53.059218 	EXP 	Sound spoken_word_prc reached end of file
30.2511 	EXP 	Playing sound spoken_word_prc on speaker Lautsprecher (Realtek(R) Audio)
2026-08-05_17:02:53.070359 	INFO 	Keyboard events cleared
2026-08-05_17:02:53.070258 	EXP 	image_prc: autoDraw = False
2026-08-05_17:02:53.070258 	EXP 	image_prc: autoDraw = False
2026-08-05_17:02:53.070258 	EXP 	fix_cross_prc: foreColor = <psychopy.colors.Color: white, alpha=1.0>
2026-08-05_17:02:53.070258 	EXP 	fix_cross_prc: autoDraw = True
2026-08-05_17:02:53.530340 	EXP 	Sound spoken_word_prc reached end of file
2026-08-05_17:02:53.539530 	EXP 	Sound spoken_word_prc reached end of file
2026-08-05_17:02:54.586789 	EXP 	fix_cross_prc: autoDraw = True
2026-08-05_17:02:54.586789 	EXP 	fix_cross_prc: autoDraw = False
2026-08-05_17:02:54.586789 	EXP 	fix_cross_2_prc: autoDraw = True
2026-08-05_17:02:55.356444 	EXP 	New trial (rep=0, index=8): <Trial 8 (8 in rep 0) data={'image_shown': 'bear.jpg', 'word_shown_german': 'Milch', 'word_shown_french': 'lait', 'word_shown_english': 'milk', 'ITI_length': 1.23, 'correct_response': 'r', 'match_idx': 0, 'nonmatch_pres_side': 'right', 'thisN': 8, 'thisTrialN': 8, 'thisRepN': 0}>
2026-08-05_17:02:55.404604 	EXP 	fix_cross_2_prc: autoDraw = False
2026-08-05_17:02:55.404604 	EXP 	fix_cross_2_prc: autoDraw = False
2026-08-05_17:02:55.404604 	EXP 	image_prc: image = 'stimuli\\practice_images\\bear.jpg'
2026-08-05_17:02:55.404604 	EXP 	image_prc: autoDraw = True
2026-08-05_17:02:56.161105 	EXP 	spoken_word_prc: sampleRate = 44100
2026-08-05_17:02:56.164994 	INFO 	Resampled audio from 44100Hz to 48000Hz using method 'default'.
2026-08-05_17:02:56.165042 	DEBUG 	Converted audio clip from mono to stereo
2026-08-05_17:02:56.165872 	EXP 	Sound spoken_word_prc reached end of file
33.3534 	EXP 	Playing sound spoken_word_prc on speaker Lautsprecher (Realtek(R) Audio)
2026-08-05_17:02:56.184780 	INFO 	Keyboard events cleared
2026-08-05_17:02:56.184690 	EXP 	image_prc: autoDraw = False
2026-08-05_17:02:56.184690 	EXP 	image_prc: autoDraw = False
2026-08-05_17:02:56.184690 	EXP 	fix_cross_prc: foreColor = <psychopy.colors.Color: white, alpha=1.0>
2026-08-05_17:02:56.184690 	EXP 	fix_cross_prc: autoDraw = True
2026-08-05_17:02:56.707158 	EXP 	Sound spoken_word_prc reached end of file
2026-08-05_17:02:56.723835 	EXP 	Sound spoken_word_prc reached end of file
2026-08-05_17:02:57.685088 	EXP 	fix_cross_prc: foreColor = <psychopy.colors.Color: red, alpha=1.0>
2026-08-05_17:02:57.884737 	EXP 	fix_cross_prc: autoDraw = False
2026-08-05_17:02:57.884737 	EXP 	fix_cross_2_prc: autoDraw = True
2026-08-05_17:02:59.104114 	EXP 	New trial (rep=0, index=9): <Trial 9 (9 in rep 0) data={'image_shown': 'belt.jpg', 'word_shown_german': 'Gürtel', 'word_shown_french': 'ceinture', 'word_shown_english': 'belt', 'ITI_length': 1.1, 'correct_response': 'y', 'match_idx': 1, 'nonmatch_pres_side': 'left', 'thisN': 9, 'thisTrialN': 9, 'thisRepN': 0}>
2026-08-05_17:02:59.160205 	EXP 	fix_cross_2_prc: autoDraw = False
2026-08-05_17:02:59.160205 	EXP 	fix_cross_2_prc: autoDraw = False
2026-08-05_17:02:59.160205 	EXP 	image_prc: image = 'stimuli\\practice_images\\belt.jpg'
2026-08-05_17:02:59.160205 	EXP 	image_prc: autoDraw = True
2026-08-05_17:02:59.904363 	EXP 	spoken_word_prc: sampleRate = 48000
2026-08-05_17:02:59.905144 	DEBUG 	Converted audio clip from mono to stereo
2026-08-05_17:02:59.905634 	EXP 	Sound spoken_word_prc reached end of file
37.0988 	EXP 	Playing sound spoken_word_prc on speaker Lautsprecher (Realtek(R) Audio)
2026-08-05_17:02:59.916789 	INFO 	Keyboard events cleared
2026-08-05_17:02:59.916715 	EXP 	image_prc: autoDraw = False
2026-08-05_17:02:59.916715 	EXP 	image_prc: autoDraw = False
2026-08-05_17:02:59.916715 	EXP 	fix_cross_prc: foreColor = <psychopy.colors.Color: white, alpha=1.0>
2026-08-05_17:02:59.916715 	EXP 	fix_cross_prc: autoDraw = True
2026-08-05_17:03:00.470476 	EXP 	Sound spoken_word_prc reached end of file
2026-08-05_17:03:00.485566 	EXP 	Sound spoken_word_prc reached end of file
2026-08-05_17:03:01.433881 	EXP 	fix_cross_prc: autoDraw = True
2026-08-05_17:03:01.433881 	EXP 	fix_cross_prc: autoDraw = False
2026-08-05_17:03:01.433881 	EXP 	fix_cross_2_prc: autoDraw = True
2026-08-05_17:03:02.518354 	EXP 	New trial (rep=0, index=10): <Trial 10 (10 in rep 0) data={'image_shown': 'bike.jpg', 'word_shown_german': 'Fahrrad', 'word_shown_french': 'vélo', 'word_shown_english': 'bicycle', 'ITI_length': 1.25, 'correct_response': 'y', 'match_idx': 1, 'nonmatch_pres_side': 'left', 'thisN': 10, 'thisTrialN': 10, 'thisRepN': 0}>
2026-08-05_17:03:02.568590 	EXP 	fix_cross_2_prc: autoDraw = False
2026-08-05_17:03:02.568590 	EXP 	fix_cross_2_prc: autoDraw = False
2026-08-05_17:03:02.568590 	EXP 	image_prc: image = 'stimuli\\practice_images\\bike.jpg'
2026-08-05_17:03:02.568590 	EXP 	image_prc: autoDraw = True
2026-08-05_17:03:03.319911 	EXP 	spoken_word_prc: sampleRate = 48000
2026-08-05_17:03:03.320661 	DEBUG 	Converted audio clip from mono to stereo
2026-08-05_17:03:03.321149 	EXP 	Sound spoken_word_prc reached end of file
40.5145 	EXP 	Playing sound spoken_word_prc on speaker Lautsprecher (Realtek(R) Audio)
2026-08-05_17:03:03.333270 	INFO 	Keyboard events cleared
2026-08-05_17:03:03.333171 	EXP 	image_prc: autoDraw = False
2026-08-05_17:03:03.333171 	EXP 	image_prc: autoDraw = False
2026-08-05_17:03:03.333171 	EXP 	fix_cross_prc: foreColor = <psychopy.colors.Color: white, alpha=1.0>
2026-08-05_17:03:03.333171 	EXP 	fix_cross_prc: autoDraw = True
2026-08-05_17:03:04.008616 	EXP 	Sound spoken_word_prc reached end of file
2026-08-05_17:03:04.017503 	EXP 	Sound spoken_word_prc reached end of file
2026-08-05_17:03:04.849331 	EXP 	fix_cross_prc: autoDraw = True
2026-08-05_17:03:04.849331 	EXP 	fix_cross_prc: autoDraw = False
2026-08-05_17:03:04.849331 	EXP 	fix_cross_2_prc: autoDraw = True
2026-08-05_17:03:06.200689 	INFO 	saved data to C:\sync_folder\TSRlearn-task\psychopy_exp_files\data\0_TSRlearn_localizer-concepts_2026-08-05_17h02.13.222_trials_practice.csv
2026-08-05_17:03:06.231277 	EXP 	fix_cross_2_prc: autoDraw = False
2026-08-05_17:03:06.231277 	EXP 	fix_cross_2_prc: autoDraw = False
2026-08-05_17:03:06.231277 	EXP 	instruction_startexp: height = 0.025
2026-08-05_17:03:06.231277 	EXP 	instruction_startexp: height = 0.025
2026-08-05_17:03:06.231277 	EXP 	instruction_startexp: height = 0.025
2026-08-05_17:03:06.231277 	EXP 	instruction_startexp: text = 'Sie haben alle Übungsdurchgänge abgeschlossen.\n\nDie Hauptaufgabe beginnt jetzt.\n\nDrücken Sie immer die obere Taste (rot), wenn das Wort\nnicht zu dem vorherigen Bild passt.\n\n[Drücken Sie eine beliebige Taste, um weiterzumachen.]'
2026-08-05_17:03:06.231277 	EXP 	instruction_startexp: autoDraw = True
2026-08-05_17:03:06.599094 	INFO 	Keyboard events cleared
2026-08-05_17:03:07.617129 	EXP 	Device response: <KeyPress from None: t=44.79275899999993, value=r, duration=None>
2026-08-05_17:03:07.617566 	DATA 	Keypress: r
2026-08-05_17:03:07.700719 	EXP 	Device response: <KeyPress from None: t=44.79275899999993, value=r, duration=0.079772299999604>
2026-08-05_17:03:07.730942 	EXP 	instruction_startexp: autoDraw = False
2026-08-05_17:03:07.730942 	EXP 	instruction_startexp_2: height = 0.025
2026-08-05_17:03:07.730942 	EXP 	instruction_startexp_2: height = 0.025
2026-08-05_17:03:07.730942 	EXP 	instruction_startexp_2: height = 0.025
2026-08-05_17:03:07.730942 	EXP 	instruction_startexp_2: text = 'Das MEG-Signal ist sehr empfindlich gegenüber\nAugen- und Körperbewegungen. Bitte bewegen und blinzeln Sie\nwährend der Aufgabenblöcke so wenig wie möglich.\n\nNach jedem Block gibt es eine kurze Pause, in der Sie sich\nbewegen und ausruhen können.\n\nSobald die Aufgabe wieder beginnt, sitzen Sie bitte wieder still.\n\n[Drücken Sie eine beliebige Taste, um die Hauptaufgabe zu starten.]'
2026-08-05_17:03:07.730942 	EXP 	instruction_startexp_2: autoDraw = True
2026-08-05_17:03:07.834254 	EXP 	Device response: <KeyPress from None: t=45.008558300000004, value=r, duration=None>
2026-08-05_17:03:07.834731 	DATA 	Keypress: r
2026-08-05_17:03:07.900605 	EXP 	Device response: <KeyPress from None: t=45.008558300000004, value=r, duration=0.07200820000070962>
2026-08-05_17:03:08.051410 	EXP 	Device response: <KeyPress from None: t=45.21677020000061, value=r, duration=None>
2026-08-05_17:03:08.051946 	DATA 	Keypress: r
2026-08-05_17:03:08.084728 	EXP 	Device response: <KeyPress from None: t=45.21677020000061, value=r, duration=0.04781889999867417>
2026-08-05_17:03:08.215159 	INFO 	Keyboard events cleared
2026-08-05_17:03:08.233840 	EXP 	Device response: <KeyPress from None: t=45.40869250000105, value=r, duration=None>
2026-08-05_17:03:08.234290 	DATA 	Keypress: r
2026-08-05_17:03:08.300388 	EXP 	Device response: <KeyPress from None: t=45.40869250000105, value=r, duration=0.05589939999845228>
2026-08-05_17:03:08.369854 	DEBUG 	Read excel file with openpyxl: sequences/localizer_conditions_00_old.xlsx
2026-08-05_17:03:08.465866 	EXP 	Imported sequences/localizer_conditions_00_old.xlsx as conditions, 500 conditions, 15 params
2026-08-05_17:03:08.471025 	EXP 	New trial (rep=0, index=0): <Trial 0 (0 in rep 0) data={'block': 1, 'trial_in_block': 1, 'concept': 'hammer', 'concept_num': 7, 'concept_num_word': 7, 'exemplar_num': 47, 'image_shown': 'hammer\\hammer_47.jpg', 'word_shown_english': 'hammer', 'word_shown_german': 'Hammer', 'word_shown_french': 'Marteau', 'is_prompt': 1, 'is_mismatch': 0, 'ITI_length': 0.97, 'correct_response': None, 'nonmatch_pres_side': None, 'thisN': 0, 'thisTrialN': 0, 'thisRepN': 0}>
2026-08-05_17:03:08.514229 	EXP 	Device response: <KeyPress from None: t=45.584670899999765, value=r, duration=None>
2026-08-05_17:03:08.514263 	EXP 	Device response: <KeyPress from None: t=45.584670899999765, value=r, duration=0.05601600000227336>
2026-08-05_17:03:08.515604 	DATA 	Keypress: r
2026-08-05_17:03:08.537108 	EXP 	instruction_startexp_2: autoDraw = False
2026-08-05_17:03:08.537108 	EXP 	image: image = 'stimuli\\hammer\\hammer_47.jpg'
2026-08-05_17:03:08.537108 	EXP 	image: autoDraw = True
2026-08-05_17:03:08.583752 	EXP 	Device response: <KeyPress from None: t=45.76065100000051, value=r, duration=None>
2026-08-05_17:03:08.584073 	DATA 	Keypress: r
2026-08-05_17:03:08.652427 	EXP 	Device response: <KeyPress from None: t=45.76065100000051, value=r, duration=0.06429239999852143>
2026-08-05_17:03:08.783782 	EXP 	Device response: <KeyPress from None: t=45.960632300000725, value=r, duration=None>
2026-08-05_17:03:08.784121 	DATA 	Keypress: r
2026-08-05_17:03:08.867429 	EXP 	Device response: <KeyPress from None: t=45.960632300000725, value=r, duration=0.07203669999944395>
2026-08-05_17:03:09.303952 	EXP 	spoken_word: sampleRate = 44100
2026-08-05_17:03:09.306930 	INFO 	Resampled audio from 44100Hz to 48000Hz using method 'default'.
2026-08-05_17:03:09.306957 	DEBUG 	Converted audio clip from mono to stereo
2026-08-05_17:03:09.307845 	EXP 	Sound spoken_word reached end of file
46.4960 	EXP 	Playing sound spoken_word on speaker Lautsprecher (Realtek(R) Audio)
2026-08-05_17:03:09.314055 	INFO 	Keyboard events cleared
2026-08-05_17:03:09.313970 	EXP 	image: autoDraw = False
2026-08-05_17:03:09.313970 	EXP 	image: autoDraw = False
2026-08-05_17:03:09.313970 	EXP 	fix_cross: foreColor = <psychopy.colors.Color: white, alpha=1.0>
2026-08-05_17:03:09.313970 	EXP 	fix_cross: autoDraw = True
2026-08-05_17:03:09.800081 	EXP 	Sound spoken_word reached end of file
2026-08-05_17:03:09.816847 	EXP 	Sound spoken_word reached end of file
2026-08-05_17:03:10.813886 	EXP 	fix_cross: autoDraw = False
2026-08-05_17:03:10.813886 	EXP 	fix_cross: foreColor = <psychopy.colors.Color: white, alpha=1.0>
2026-08-05_17:03:10.813886 	EXP 	fix_cross_prc: autoDraw = True
2026-08-05_17:03:10.813886 	EXP 	fix_cross: autoDraw = False
2026-08-05_17:03:10.813886 	EXP 	fix_cross_2: autoDraw = True
2026-08-05_17:03:11.792814 	EXP 	New trial (rep=0, index=1): <Trial 1 (1 in rep 0) data={'block': 1, 'trial_in_block': 2, 'concept': 'hand', 'concept_num': 8, 'concept_num_word': 8, 'exemplar_num': 50, 'image_shown': 'hand\\hand_50.jpg', 'word_shown_english': 'hand', 'word_shown_german': 'Hand', 'word_shown_french': 'Main', 'is_prompt': 1, 'is_mismatch': 0, 'ITI_length': 0.77, 'correct_response': None, 'nonmatch_pres_side': None, 'thisN': 1, 'thisTrialN': 1, 'thisRepN': 0}>
2026-08-05_17:03:11.866510 	EXP 	fix_cross_2: autoDraw = False
2026-08-05_17:03:11.866510 	EXP 	fix_cross_2: autoDraw = False
2026-08-05_17:03:11.866510 	EXP 	breaks_instruction: height = 0.025
2026-08-05_17:03:11.866510 	EXP 	breaks_instruction: height = 0.025
2026-08-05_17:03:11.866510 	EXP 	breaks_instruction: height = 0.025
2026-08-05_17:03:11.866510 	EXP 	breaks_instruction: text = 'Pause, die Aufgabe geht gleich weiter.\nEs sind noch 9 Blöcke übrig.'
2026-08-05_17:03:11.866510 	EXP 	instruction_continuebreak: height = 0.025
2026-08-05_17:03:11.866510 	EXP 	instruction_continuebreak: height = 0.025
2026-08-05_17:03:11.866510 	EXP 	instruction_continuebreak: height = 0.025
2026-08-05_17:03:11.866510 	EXP 	instruction_continuebreak: text = 'Die Pause ist vorbei.\nBitte drücken Sie eine beliebige Taste,\nsobald sie bereit sind, weiterzumachen.'
2026-08-05_17:03:11.866510 	EXP 	breaks_instruction: autoDraw = False
2026-08-05_17:03:11.866510 	EXP 	progress_bar_breaks: autoDraw = False
2026-08-05_17:03:11.866510 	EXP 	instruction_continuebreak: autoDraw = False
2026-08-05_17:03:11.866510 	EXP 	image: image = 'stimuli\\hand\\hand_50.jpg'
2026-08-05_17:03:11.866510 	EXP 	image: autoDraw = True
2026-08-05_17:03:12.616466 	EXP 	spoken_word: sampleRate = 44100
2026-08-05_17:03:12.618476 	INFO 	Resampled audio from 44100Hz to 48000Hz using method 'default'.
2026-08-05_17:03:12.618491 	DEBUG 	Converted audio clip from mono to stereo
2026-08-05_17:03:12.619008 	EXP 	Sound spoken_word reached end of file
49.8113 	EXP 	Playing sound spoken_word on speaker Lautsprecher (Realtek(R) Audio)
2026-08-05_17:03:12.630183 	INFO 	Keyboard events cleared
2026-08-05_17:03:12.630111 	EXP 	image: autoDraw = False
2026-08-05_17:03:12.630111 	EXP 	image: autoDraw = False
2026-08-05_17:03:12.630111 	EXP 	fix_cross: foreColor = <psychopy.colors.Color: white, alpha=1.0>
2026-08-05_17:03:12.630111 	EXP 	fix_cross: autoDraw = True
2026-08-05_17:03:13.094300 	EXP 	Sound spoken_word reached end of file
2026-08-05_17:03:13.115009 	EXP 	Sound spoken_word reached end of file
2026-08-05_17:03:14.129975 	EXP 	fix_cross: autoDraw = False
2026-08-05_17:03:14.129975 	EXP 	fix_cross: foreColor = <psychopy.colors.Color: white, alpha=1.0>
2026-08-05_17:03:14.129975 	EXP 	fix_cross_prc: autoDraw = True
2026-08-05_17:03:14.129975 	EXP 	fix_cross: autoDraw = False
2026-08-05_17:03:14.129975 	EXP 	fix_cross_2: autoDraw = True
2026-08-05_17:03:14.898321 	EXP 	New trial (rep=0, index=2): <Trial 2 (2 in rep 0) data={'block': 1, 'trial_in_block': 3, 'concept': 'hammer', 'concept_num': 7, 'concept_num_word': 7, 'exemplar_num': 37, 'image_shown': 'hammer\\hammer_37.jpg', 'word_shown_english': 'hammer', 'word_shown_german': 'Hammer', 'word_shown_french': 'Marteau', 'is_prompt': 1, 'is_mismatch': 0, 'ITI_length': 1.06, 'correct_response': None, 'nonmatch_pres_side': None, 'thisN': 2, 'thisTrialN': 2, 'thisRepN': 0}>
2026-08-05_17:03:14.932729 	EXP 	fix_cross_2: autoDraw = False
2026-08-05_17:03:14.932729 	EXP 	fix_cross_2: autoDraw = False
2026-08-05_17:03:14.932729 	EXP 	breaks_instruction: text = 'Pause, die Aufgabe geht gleich weiter.\nEs sind noch 9 Blöcke übrig.'
2026-08-05_17:03:14.932729 	EXP 	instruction_continuebreak: text = 'Die Pause ist vorbei.\nBitte drücken Sie eine beliebige Taste,\nsobald sie bereit sind, weiterzumachen.'
2026-08-05_17:03:14.932729 	EXP 	breaks_instruction: autoDraw = False
2026-08-05_17:03:14.932729 	EXP 	progress_bar_breaks: autoDraw = False
2026-08-05_17:03:14.932729 	EXP 	instruction_continuebreak: autoDraw = False
2026-08-05_17:03:14.932729 	EXP 	image: image = 'stimuli\\hammer\\hammer_37.jpg'
2026-08-05_17:03:14.932729 	EXP 	image: autoDraw = True
2026-08-05_17:03:15.682516 	EXP 	spoken_word: sampleRate = 44100
2026-08-05_17:03:15.684860 	INFO 	Resampled audio from 44100Hz to 48000Hz using method 'default'.
2026-08-05_17:03:15.684882 	DEBUG 	Converted audio clip from mono to stereo
2026-08-05_17:03:15.685483 	EXP 	Sound spoken_word reached end of file
52.8771 	EXP 	Playing sound spoken_word on speaker Lautsprecher (Realtek(R) Audio)
2026-08-05_17:03:15.695970 	INFO 	Keyboard events cleared
2026-08-05_17:03:15.695882 	EXP 	image: autoDraw = False
2026-08-05_17:03:15.695882 	EXP 	image: autoDraw = False
2026-08-05_17:03:15.695882 	EXP 	fix_cross: foreColor = <psychopy.colors.Color: white, alpha=1.0>
2026-08-05_17:03:15.695882 	EXP 	fix_cross: autoDraw = True
2026-08-05_17:03:16.180888 	EXP 	Sound spoken_word reached end of file
2026-08-05_17:03:16.197796 	EXP 	Sound spoken_word reached end of file
2026-08-05_17:03:17.195149 	EXP 	fix_cross: autoDraw = False
2026-08-05_17:03:17.211862 	EXP 	fix_cross: foreColor = <psychopy.colors.Color: white, alpha=1.0>
2026-08-05_17:03:17.211862 	EXP 	fix_cross_prc: autoDraw = True
2026-08-05_17:03:17.211862 	EXP 	fix_cross: autoDraw = False
2026-08-05_17:03:17.211862 	EXP 	fix_cross_2: autoDraw = True
2026-08-05_17:03:18.264328 	EXP 	New trial (rep=0, index=3): <Trial 3 (3 in rep 0) data={'block': 1, 'trial_in_block': 4, 'concept': 'jacket', 'concept_num': 10, 'concept_num_word': 10, 'exemplar_num': 45, 'image_shown': 'jacket\\jacket_45.jpg', 'word_shown_english': 'jacket', 'word_shown_german': 'Jacke', 'word_shown_french': 'Veste', 'is_prompt': 1, 'is_mismatch': 0, 'ITI_length': 1.17, 'correct_response': None, 'nonmatch_pres_side': None, 'thisN': 3, 'thisTrialN': 3, 'thisRepN': 0}>
2026-08-05_17:03:18.333600 	EXP 	fix_cross_2: autoDraw = False
2026-08-05_17:03:18.333600 	EXP 	fix_cross_2: autoDraw = False
2026-08-05_17:03:18.333600 	EXP 	breaks_instruction: text = 'Pause, die Aufgabe geht gleich weiter.\nEs sind noch 9 Blöcke übrig.'
2026-08-05_17:03:18.333600 	EXP 	instruction_continuebreak: text = 'Die Pause ist vorbei.\nBitte drücken Sie eine beliebige Taste,\nsobald sie bereit sind, weiterzumachen.'
2026-08-05_17:03:18.333600 	EXP 	breaks_instruction: autoDraw = False
2026-08-05_17:03:18.333600 	EXP 	progress_bar_breaks: autoDraw = False
2026-08-05_17:03:18.333600 	EXP 	instruction_continuebreak: autoDraw = False
2026-08-05_17:03:18.333600 	EXP 	image: image = 'stimuli\\jacket\\jacket_45.jpg'
2026-08-05_17:03:18.333600 	EXP 	image: autoDraw = True
2026-08-05_17:03:19.081998 	EXP 	spoken_word: sampleRate = 44100
2026-08-05_17:03:19.087344 	INFO 	Resampled audio from 44100Hz to 48000Hz using method 'default'.
2026-08-05_17:03:19.087366 	DEBUG 	Converted audio clip from mono to stereo
2026-08-05_17:03:19.087955 	EXP 	Sound spoken_word reached end of file
56.2761 	EXP 	Playing sound spoken_word on speaker Lautsprecher (Realtek(R) Audio)
2026-08-05_17:03:19.094869 	INFO 	Keyboard events cleared
2026-08-05_17:03:19.094793 	EXP 	image: autoDraw = False
2026-08-05_17:03:19.094793 	EXP 	image: autoDraw = False
2026-08-05_17:03:19.094793 	EXP 	fix_cross: foreColor = <psychopy.colors.Color: white, alpha=1.0>
2026-08-05_17:03:19.094793 	EXP 	fix_cross: autoDraw = True
2026-08-05_17:03:19.605866 	EXP 	Sound spoken_word reached end of file
2026-08-05_17:03:19.613525 	EXP 	Sound spoken_word reached end of file
2026-08-05_17:03:20.594316 	EXP 	fix_cross: autoDraw = False
2026-08-05_17:03:20.610713 	EXP 	fix_cross: foreColor = <psychopy.colors.Color: white, alpha=1.0>
2026-08-05_17:03:20.610713 	EXP 	fix_cross_prc: autoDraw = True
2026-08-05_17:03:20.610713 	EXP 	fix_cross: autoDraw = False
2026-08-05_17:03:20.610713 	EXP 	fix_cross_2: autoDraw = True
2026-08-05_17:03:21.779496 	EXP 	New trial (rep=0, index=4): <Trial 4 (4 in rep 0) data={'block': 1, 'trial_in_block': 5, 'concept': 'house', 'concept_num': 9, 'concept_num_word': 9, 'exemplar_num': 24, 'image_shown': 'house\\house_24.jpg', 'word_shown_english': 'house', 'word_shown_german': 'Haus', 'word_shown_french': 'Maison', 'is_prompt': 1, 'is_mismatch': 0, 'ITI_length': 0.81, 'correct_response': None, 'nonmatch_pres_side': None, 'thisN': 4, 'thisTrialN': 4, 'thisRepN': 0}>
2026-08-05_17:03:21.830491 	EXP 	fix_cross_2: autoDraw = False
2026-08-05_17:03:21.830491 	EXP 	fix_cross_2: autoDraw = False
2026-08-05_17:03:21.830491 	EXP 	breaks_instruction: text = 'Pause, die Aufgabe geht gleich weiter.\nEs sind noch 9 Blöcke übrig.'
2026-08-05_17:03:21.830491 	EXP 	instruction_continuebreak: text = 'Die Pause ist vorbei.\nBitte drücken Sie eine beliebige Taste,\nsobald sie bereit sind, weiterzumachen.'
2026-08-05_17:03:21.830491 	EXP 	breaks_instruction: autoDraw = False
2026-08-05_17:03:21.830491 	EXP 	progress_bar_breaks: autoDraw = False
2026-08-05_17:03:21.830491 	EXP 	instruction_continuebreak: autoDraw = False
2026-08-05_17:03:21.830491 	EXP 	image: image = 'stimuli\\house\\house_24.jpg'
2026-08-05_17:03:21.830491 	EXP 	image: autoDraw = True
2026-08-05_17:03:22.580872 	EXP 	spoken_word: sampleRate = 44100
2026-08-05_17:03:22.584831 	INFO 	Resampled audio from 44100Hz to 48000Hz using method 'default'.
2026-08-05_17:03:22.584860 	DEBUG 	Converted audio clip from mono to stereo
2026-08-05_17:03:22.585617 	EXP 	Sound spoken_word reached end of file
59.7752 	EXP 	Playing sound spoken_word on speaker Lautsprecher (Realtek(R) Audio)
2026-08-05_17:03:22.594034 	INFO 	Keyboard events cleared
2026-08-05_17:03:22.593945 	EXP 	image: autoDraw = False
2026-08-05_17:03:22.593945 	EXP 	image: autoDraw = False
2026-08-05_17:03:22.593945 	EXP 	fix_cross: foreColor = <psychopy.colors.Color: white, alpha=1.0>
2026-08-05_17:03:22.593945 	EXP 	fix_cross: autoDraw = True
2026-08-05_17:03:23.114954 	EXP 	Sound spoken_word reached end of file
2026-08-05_17:03:23.128997 	EXP 	Sound spoken_word reached end of file
2026-08-05_17:03:24.093054 	EXP 	fix_cross: autoDraw = False
2026-08-05_17:03:24.109758 	EXP 	fix_cross: foreColor = <psychopy.colors.Color: white, alpha=1.0>
2026-08-05_17:03:24.109758 	EXP 	fix_cross_prc: autoDraw = True
2026-08-05_17:03:24.109758 	EXP 	fix_cross: autoDraw = False
2026-08-05_17:03:24.109758 	EXP 	fix_cross_2: autoDraw = True
2026-08-05_17:03:24.912550 	EXP 	New trial (rep=0, index=5): <Trial 5 (5 in rep 0) data={'block': 1, 'trial_in_block': 6, 'concept': 'bread', 'concept_num': 3, 'concept_num_word': 3, 'exemplar_num': 32, 'image_shown': 'bread\\bread_32.jpg', 'word_shown_english': 'bread', 'word_shown_german': 'Brot', 'word_shown_french': 'Pain', 'is_prompt': 1, 'is_mismatch': 0, 'ITI_length': 1.18, 'correct_response': None, 'nonmatch_pres_side': None, 'thisN': 5, 'thisTrialN': 5, 'thisRepN': 0}>
2026-08-05_17:03:24.962421 	EXP 	fix_cross_2: autoDraw = False
2026-08-05_17:03:24.962421 	EXP 	fix_cross_2: autoDraw = False
2026-08-05_17:03:24.962421 	EXP 	breaks_instruction: text = 'Pause, die Aufgabe geht gleich weiter.\nEs sind noch 9 Blöcke übrig.'
2026-08-05_17:03:24.962421 	EXP 	instruction_continuebreak: text = 'Die Pause ist vorbei.\nBitte drücken Sie eine beliebige Taste,\nsobald sie bereit sind, weiterzumachen.'
2026-08-05_17:03:24.962421 	EXP 	breaks_instruction: autoDraw = False
2026-08-05_17:03:24.962421 	EXP 	progress_bar_breaks: autoDraw = False
2026-08-05_17:03:24.962421 	EXP 	instruction_continuebreak: autoDraw = False
2026-08-05_17:03:24.962421 	EXP 	image: image = 'stimuli\\bread\\bread_32.jpg'
2026-08-05_17:03:24.962421 	EXP 	image: autoDraw = True
2026-08-05_17:03:25.713143 	EXP 	spoken_word: sampleRate = 24000
2026-08-05_17:03:25.714810 	INFO 	Resampled audio from 24000Hz to 48000Hz using method 'default'.
2026-08-05_17:03:25.714827 	DEBUG 	Converted audio clip from mono to stereo
2026-08-05_17:03:25.715471 	EXP 	Sound spoken_word reached end of file
62.9074 	EXP 	Playing sound spoken_word on speaker Lautsprecher (Realtek(R) Audio)
2026-08-05_17:03:25.726212 	INFO 	Keyboard events cleared
2026-08-05_17:03:25.726121 	EXP 	image: autoDraw = False
2026-08-05_17:03:25.726121 	EXP 	image: autoDraw = False
2026-08-05_17:03:25.726121 	EXP 	fix_cross: foreColor = <psychopy.colors.Color: white, alpha=1.0>
2026-08-05_17:03:25.726121 	EXP 	fix_cross: autoDraw = True
2026-08-05_17:03:26.624159 	EXP 	Sound spoken_word reached end of file
2026-08-05_17:03:26.643881 	EXP 	Sound spoken_word reached end of file
2026-08-05_17:03:27.225417 	EXP 	fix_cross: autoDraw = False
2026-08-05_17:03:27.242133 	EXP 	fix_cross: foreColor = <psychopy.colors.Color: white, alpha=1.0>
2026-08-05_17:03:27.242133 	EXP 	fix_cross_prc: autoDraw = True
2026-08-05_17:03:27.242133 	EXP 	fix_cross: autoDraw = False
2026-08-05_17:03:27.242133 	EXP 	fix_cross_2: autoDraw = True
2026-08-05_17:03:28.410842 	EXP 	New trial (rep=0, index=6): <Trial 6 (6 in rep 0) data={'block': 1, 'trial_in_block': 7, 'concept': 'jacket', 'concept_num': 10, 'concept_num_word': 10, 'exemplar_num': 19, 'image_shown': 'jacket\\jacket_19.jpg', 'word_shown_english': 'jacket', 'word_shown_german': 'Jacke', 'word_shown_french': 'Veste', 'is_prompt': 1, 'is_mismatch': 0, 'ITI_length': 1.22, 'correct_response': None, 'nonmatch_pres_side': None, 'thisN': 6, 'thisTrialN': 6, 'thisRepN': 0}>
2026-08-05_17:03:28.460907 	EXP 	fix_cross_2: autoDraw = False
2026-08-05_17:03:28.460907 	EXP 	fix_cross_2: autoDraw = False
2026-08-05_17:03:28.460907 	EXP 	breaks_instruction: text = 'Pause, die Aufgabe geht gleich weiter.\nEs sind noch 9 Blöcke übrig.'
2026-08-05_17:03:28.460907 	EXP 	instruction_continuebreak: text = 'Die Pause ist vorbei.\nBitte drücken Sie eine beliebige Taste,\nsobald sie bereit sind, weiterzumachen.'
2026-08-05_17:03:28.460907 	EXP 	breaks_instruction: autoDraw = False
2026-08-05_17:03:28.460907 	EXP 	progress_bar_breaks: autoDraw = False
2026-08-05_17:03:28.460907 	EXP 	instruction_continuebreak: autoDraw = False
2026-08-05_17:03:28.460907 	EXP 	image: image = 'stimuli\\jacket\\jacket_19.jpg'
2026-08-05_17:03:28.460907 	EXP 	image: autoDraw = True
2026-08-05_17:03:29.211054 	EXP 	spoken_word: sampleRate = 44100
2026-08-05_17:03:29.214606 	INFO 	Resampled audio from 44100Hz to 48000Hz using method 'default'.
2026-08-05_17:03:29.214625 	DEBUG 	Converted audio clip from mono to stereo
2026-08-05_17:03:29.215175 	EXP 	Sound spoken_word reached end of file
66.4059 	EXP 	Playing sound spoken_word on speaker Lautsprecher (Realtek(R) Audio)
2026-08-05_17:03:29.224858 	INFO 	Keyboard events cleared
2026-08-05_17:03:29.224788 	EXP 	image: autoDraw = False
2026-08-05_17:03:29.224788 	EXP 	image: autoDraw = False
2026-08-05_17:03:29.224788 	EXP 	fix_cross: foreColor = <psychopy.colors.Color: white, alpha=1.0>
2026-08-05_17:03:29.224788 	EXP 	fix_cross: autoDraw = True
2026-08-05_17:03:29.739881 	EXP 	Sound spoken_word reached end of file
2026-08-05_17:03:29.759531 	EXP 	Sound spoken_word reached end of file
2026-08-05_17:03:30.724386 	EXP 	fix_cross: autoDraw = False
2026-08-05_17:03:30.724386 	EXP 	fix_cross: foreColor = <psychopy.colors.Color: white, alpha=1.0>
2026-08-05_17:03:30.724386 	EXP 	fix_cross_prc: autoDraw = True
2026-08-05_17:03:30.724386 	EXP 	fix_cross: autoDraw = False
2026-08-05_17:03:30.724386 	EXP 	fix_cross_2: autoDraw = True
2026-08-05_17:03:31.942969 	EXP 	New trial (rep=0, index=7): <Trial 7 (7 in rep 0) data={'block': 1, 'trial_in_block': 8, 'concept': 'bread', 'concept_num': 3, 'concept_num_word': 3, 'exemplar_num': 28, 'image_shown': 'bread\\bread_28.jpg', 'word_shown_english': 'bread', 'word_shown_german': 'Brot', 'word_shown_french': 'Pain', 'is_prompt': 1, 'is_mismatch': 0, 'ITI_length': 1.09, 'correct_response': None, 'nonmatch_pres_side': None, 'thisN': 7, 'thisTrialN': 7, 'thisRepN': 0}>
2026-08-05_17:03:31.993068 	EXP 	fix_cross_2: autoDraw = False
2026-08-05_17:03:31.993068 	EXP 	fix_cross_2: autoDraw = False
2026-08-05_17:03:31.993068 	EXP 	breaks_instruction: text = 'Pause, die Aufgabe geht gleich weiter.\nEs sind noch 9 Blöcke übrig.'
2026-08-05_17:03:31.993068 	EXP 	instruction_continuebreak: text = 'Die Pause ist vorbei.\nBitte drücken Sie eine beliebige Taste,\nsobald sie bereit sind, weiterzumachen.'
2026-08-05_17:03:31.993068 	EXP 	breaks_instruction: autoDraw = False
2026-08-05_17:03:31.993068 	EXP 	progress_bar_breaks: autoDraw = False
2026-08-05_17:03:31.993068 	EXP 	instruction_continuebreak: autoDraw = False
2026-08-05_17:03:31.993068 	EXP 	image: image = 'stimuli\\bread\\bread_28.jpg'
2026-08-05_17:03:31.993068 	EXP 	image: autoDraw = True
2026-08-05_17:03:32.743548 	EXP 	spoken_word: sampleRate = 24000
2026-08-05_17:03:32.745032 	INFO 	Resampled audio from 24000Hz to 48000Hz using method 'default'.
2026-08-05_17:03:32.745053 	DEBUG 	Converted audio clip from mono to stereo
2026-08-05_17:03:32.745780 	EXP 	Sound spoken_word reached end of file
69.9383 	EXP 	Playing sound spoken_word on speaker Lautsprecher (Realtek(R) Audio)
2026-08-05_17:03:32.757159 	INFO 	Keyboard events cleared
2026-08-05_17:03:32.757094 	EXP 	image: autoDraw = False
2026-08-05_17:03:32.757094 	EXP 	image: autoDraw = False
2026-08-05_17:03:32.757094 	EXP 	fix_cross: foreColor = <psychopy.colors.Color: white, alpha=1.0>
2026-08-05_17:03:32.757094 	EXP 	fix_cross: autoDraw = True
2026-08-05_17:03:33.649594 	EXP 	Sound spoken_word reached end of file
2026-08-05_17:03:33.659571 	EXP 	Sound spoken_word reached end of file
2026-08-05_17:03:34.256368 	EXP 	fix_cross: autoDraw = False
2026-08-05_17:03:34.273306 	EXP 	fix_cross: foreColor = <psychopy.colors.Color: white, alpha=1.0>
2026-08-05_17:03:34.273306 	EXP 	fix_cross_prc: autoDraw = True
2026-08-05_17:03:34.273306 	EXP 	fix_cross: autoDraw = False
2026-08-05_17:03:34.273306 	EXP 	fix_cross_2: autoDraw = True
2026-08-05_17:03:35.359255 	EXP 	New trial (rep=0, index=8): <Trial 8 (8 in rep 0) data={'block': 1, 'trial_in_block': 9, 'concept': 'jacket', 'concept_num': 10, 'concept_num_word': 4, 'exemplar_num': 48, 'image_shown': 'jacket\\jacket_48.jpg', 'word_shown_english': 'chair', 'word_shown_german': 'Stuhl', 'word_shown_french': 'Chaise', 'is_prompt': 1, 'is_mismatch': 1, 'ITI_length': 1.19, 'correct_response': 'r', 'nonmatch_pres_side': 'right', 'thisN': 8, 'thisTrialN': 8, 'thisRepN': 0}>
2026-08-05_17:03:35.428689 	EXP 	fix_cross_2: autoDraw = False
2026-08-05_17:03:35.428689 	EXP 	fix_cross_2: autoDraw = False
2026-08-05_17:03:35.428689 	EXP 	breaks_instruction: text = 'Pause, die Aufgabe geht gleich weiter.\nEs sind noch 9 Blöcke übrig.'
2026-08-05_17:03:35.428689 	EXP 	instruction_continuebreak: text = 'Die Pause ist vorbei.\nBitte drücken Sie eine beliebige Taste,\nsobald sie bereit sind, weiterzumachen.'
2026-08-05_17:03:35.428689 	EXP 	breaks_instruction: autoDraw = False
2026-08-05_17:03:35.428689 	EXP 	progress_bar_breaks: autoDraw = False
2026-08-05_17:03:35.428689 	EXP 	instruction_continuebreak: autoDraw = False
2026-08-05_17:03:35.428689 	EXP 	image: image = 'stimuli\\jacket\\jacket_48.jpg'
2026-08-05_17:03:35.428689 	EXP 	image: autoDraw = True
2026-08-05_17:03:36.176607 	EXP 	spoken_word: sampleRate = 44100
2026-08-05_17:03:36.179198 	INFO 	Resampled audio from 44100Hz to 48000Hz using method 'default'.
2026-08-05_17:03:36.179220 	DEBUG 	Converted audio clip from mono to stereo
2026-08-05_17:03:36.179995 	EXP 	Sound spoken_word reached end of file
73.3710 	EXP 	Playing sound spoken_word on speaker Lautsprecher (Realtek(R) Audio)
2026-08-05_17:03:36.189671 	INFO 	Keyboard events cleared
2026-08-05_17:03:36.189580 	EXP 	image: autoDraw = False
2026-08-05_17:03:36.189580 	EXP 	image: autoDraw = False
2026-08-05_17:03:36.189580 	EXP 	fix_cross: foreColor = <psychopy.colors.Color: white, alpha=1.0>
2026-08-05_17:03:36.189580 	EXP 	fix_cross: autoDraw = True
2026-08-05_17:03:36.729224 	EXP 	Sound spoken_word reached end of file
2026-08-05_17:03:36.741769 	EXP 	Sound spoken_word reached end of file
2026-08-05_17:03:37.688874 	EXP 	fix_cross: autoDraw = False
2026-08-05_17:03:37.705338 	EXP 	fix_cross: foreColor = <psychopy.colors.Color: red, alpha=1.0>
2026-08-05_17:03:37.705338 	EXP 	fix_cross: autoDraw = True
2026-08-05_17:03:37.722078 	EXP 	fix_cross: autoDraw = False
2026-08-05_17:03:37.722078 	EXP 	fix_cross: autoDraw = True
2026-08-05_17:03:37.739048 	EXP 	fix_cross: autoDraw = False
2026-08-05_17:03:37.739048 	EXP 	fix_cross: autoDraw = True
2026-08-05_17:03:37.755498 	EXP 	fix_cross: autoDraw = False
2026-08-05_17:03:37.755498 	EXP 	fix_cross: autoDraw = True
2026-08-05_17:03:37.772110 	EXP 	fix_cross: autoDraw = False
2026-08-05_17:03:37.772110 	EXP 	fix_cross: autoDraw = True
2026-08-05_17:03:37.788925 	EXP 	fix_cross: autoDraw = False
2026-08-05_17:03:37.788925 	EXP 	fix_cross: autoDraw = True
2026-08-05_17:03:37.805372 	EXP 	fix_cross: autoDraw = False
2026-08-05_17:03:37.805372 	EXP 	fix_cross: autoDraw = True
2026-08-05_17:03:37.822086 	EXP 	fix_cross: autoDraw = False
2026-08-05_17:03:37.822086 	EXP 	fix_cross: autoDraw = True
2026-08-05_17:03:37.838541 	EXP 	fix_cross: autoDraw = False
2026-08-05_17:03:37.838541 	EXP 	fix_cross: autoDraw = True
2026-08-05_17:03:37.855169 	EXP 	fix_cross: autoDraw = False
2026-08-05_17:03:37.855169 	EXP 	fix_cross: autoDraw = True
2026-08-05_17:03:37.872133 	EXP 	fix_cross: autoDraw = False
2026-08-05_17:03:37.872133 	EXP 	fix_cross: autoDraw = True
2026-08-05_17:03:37.888826 	EXP 	fix_cross: autoDraw = False
2026-08-05_17:03:37.888826 	EXP 	fix_cross: autoDraw = True
2026-08-05_17:03:37.905659 	EXP 	fix_cross: autoDraw = False
2026-08-05_17:03:37.905659 	EXP 	fix_cross: autoDraw = True
2026-08-05_17:03:37.923618 	EXP 	fix_cross: autoDraw = False
2026-08-05_17:03:37.923618 	EXP 	fix_cross: autoDraw = True
2026-08-05_17:03:37.923618 	EXP 	fix_cross: autoDraw = False
2026-08-05_17:03:37.923618 	EXP 	fix_cross_2: autoDraw = True
2026-08-05_17:03:39.108090 	EXP 	New trial (rep=0, index=9): <Trial 9 (9 in rep 0) data={'block': 1, 'trial_in_block': 10, 'concept': 'dog', 'concept_num': 5, 'concept_num_word': 5, 'exemplar_num': 10, 'image_shown': 'dog\\dog_10.jpg', 'word_shown_english': 'dog', 'word_shown_german': 'Hund', 'word_shown_french': 'Chien', 'is_prompt': 1, 'is_mismatch': 0, 'ITI_length': 1.12, 'correct_response': None, 'nonmatch_pres_side': None, 'thisN': 9, 'thisTrialN': 9, 'thisRepN': 0}>
2026-08-05_17:03:39.161037 	EXP 	fix_cross_2: autoDraw = False
2026-08-05_17:03:39.161037 	EXP 	fix_cross_2: autoDraw = False
2026-08-05_17:03:39.161037 	EXP 	breaks_instruction: text = 'Pause, die Aufgabe geht gleich weiter.\nEs sind noch 9 Blöcke übrig.'
2026-08-05_17:03:39.161037 	EXP 	instruction_continuebreak: text = 'Die Pause ist vorbei.\nBitte drücken Sie eine beliebige Taste,\nsobald sie bereit sind, weiterzumachen.'
2026-08-05_17:03:39.161037 	EXP 	breaks_instruction: autoDraw = False
2026-08-05_17:03:39.161037 	EXP 	progress_bar_breaks: autoDraw = False
2026-08-05_17:03:39.161037 	EXP 	instruction_continuebreak: autoDraw = False
2026-08-05_17:03:39.161037 	EXP 	image: image = 'stimuli\\dog\\dog_10.jpg'
2026-08-05_17:03:39.161037 	EXP 	image: autoDraw = True
2026-08-05_17:03:39.908260 	EXP 	spoken_word: sampleRate = 44100
2026-08-05_17:03:39.910247 	INFO 	Resampled audio from 44100Hz to 48000Hz using method 'default'.
2026-08-05_17:03:39.910262 	DEBUG 	Converted audio clip from mono to stereo
2026-08-05_17:03:39.910830 	EXP 	Sound spoken_word reached end of file
77.1029 	EXP 	Playing sound spoken_word on speaker Lautsprecher (Realtek(R) Audio)
2026-08-05_17:03:39.921465 	INFO 	Keyboard events cleared
2026-08-05_17:03:39.921395 	EXP 	image: autoDraw = False
2026-08-05_17:03:39.921395 	EXP 	image: autoDraw = False
2026-08-05_17:03:39.921395 	EXP 	fix_cross: foreColor = <psychopy.colors.Color: white, alpha=1.0>
2026-08-05_17:03:39.921395 	EXP 	fix_cross: autoDraw = True
2026-08-05_17:03:40.379510 	EXP 	Sound spoken_word reached end of file
2026-08-05_17:03:40.393152 	EXP 	Sound spoken_word reached end of file
2026-08-05_17:03:41.421163 	EXP 	fix_cross: autoDraw = False
2026-08-05_17:03:41.421163 	EXP 	fix_cross: foreColor = <psychopy.colors.Color: white, alpha=1.0>
2026-08-05_17:03:41.421163 	EXP 	fix_cross_prc: autoDraw = True
2026-08-05_17:03:41.421163 	EXP 	fix_cross: autoDraw = False
2026-08-05_17:03:41.421163 	EXP 	fix_cross_2: autoDraw = True
2026-08-05_17:03:42.542804 	EXP 	New trial (rep=0, index=10): <Trial 10 (10 in rep 0) data={'block': 1, 'trial_in_block': 11, 'concept': 'flower', 'concept_num': 6, 'concept_num_word': 6, 'exemplar_num': 45, 'image_shown': 'flower\\flower_45.jpg', 'word_shown_english': 'flower', 'word_shown_german': 'Blume', 'word_shown_french': 'Fleur', 'is_prompt': 1, 'is_mismatch': 0, 'ITI_length': 1.17, 'correct_response': None, 'nonmatch_pres_side': None, 'thisN': 10, 'thisTrialN': 10, 'thisRepN': 0}>
2026-08-05_17:03:42.608995 	EXP 	fix_cross_2: autoDraw = False
2026-08-05_17:03:42.608995 	EXP 	fix_cross_2: autoDraw = False
2026-08-05_17:03:42.608995 	EXP 	breaks_instruction: text = 'Pause, die Aufgabe geht gleich weiter.\nEs sind noch 9 Blöcke übrig.'
2026-08-05_17:03:42.608995 	EXP 	instruction_continuebreak: text = 'Die Pause ist vorbei.\nBitte drücken Sie eine beliebige Taste,\nsobald sie bereit sind, weiterzumachen.'
2026-08-05_17:03:42.608995 	EXP 	breaks_instruction: autoDraw = False
2026-08-05_17:03:42.608995 	EXP 	progress_bar_breaks: autoDraw = False
2026-08-05_17:03:42.608995 	EXP 	instruction_continuebreak: autoDraw = False
2026-08-05_17:03:42.608995 	EXP 	image: image = 'stimuli\\flower\\flower_45.jpg'
2026-08-05_17:03:42.608995 	EXP 	image: autoDraw = True
2026-08-05_17:03:43.361115 	EXP 	spoken_word: sampleRate = 24000
2026-08-05_17:03:43.362954 	INFO 	Resampled audio from 24000Hz to 48000Hz using method 'default'.
2026-08-05_17:03:43.362976 	DEBUG 	Converted audio clip from mono to stereo
2026-08-05_17:03:43.363749 	EXP 	Sound spoken_word reached end of file
80.5546 	EXP 	Playing sound spoken_word on speaker Lautsprecher (Realtek(R) Audio)
2026-08-05_17:03:43.371586 	INFO 	Keyboard events cleared
2026-08-05_17:03:43.371521 	EXP 	image: autoDraw = False
2026-08-05_17:03:43.371521 	EXP 	image: autoDraw = False
2026-08-05_17:03:43.371521 	EXP 	fix_cross: foreColor = <psychopy.colors.Color: white, alpha=1.0>
2026-08-05_17:03:43.371521 	EXP 	fix_cross: autoDraw = True
2026-08-05_17:03:44.242133 	EXP 	Sound spoken_word reached end of file
2026-08-05_17:03:44.255500 	EXP 	Sound spoken_word reached end of file
2026-08-05_17:03:44.325323 	EXP 	Device response: <KeyPress from None: t=81.50473250000141, value=escape, duration=None>
2026-08-05_17:03:44.326114 	DATA 	Keypress: escape
2026-08-05_17:03:44.389983 	EXP 	Device response: <KeyPress from None: t=81.50473250000141, value=escape, duration=0.06504779999886523>
2026-08-05_17:03:44.390027 	EXP 	TSRlearn_localizer-concepts: status = STOPPED
2026-08-05_17:03:44.403704 	EXP 	fix_cross_prc: autoDraw = False
2026-08-05_17:03:44.403704 	EXP 	fix_cross: autoDraw = False
2026-08-05_17:03:44.406790 	EXP 	TSRlearn_localizer-concepts: status = STOPPED
2026-08-05_17:03:44.432151 	INFO 	saved data to 'C:\\sync_folder\\TSRlearn-task\\psychopy_exp_files\\data\\0_TSRlearn_localizer-concepts_2026-08-05_17h02.13.222.csv'
2026-08-05_17:03:44.438254 	INFO 	saved data to C:\sync_folder\TSRlearn-task\psychopy_exp_files\data\0_TSRlearn_localizer-concepts_2026-08-05_17h02.13.222.psydat
2026-08-05_17:03:44.939574 	DEBUG 	Saving data for TSRlearn_localizer-concepts ExperimentHandler
2026-08-05_17:03:44.941486 	WARNING 	Stopping key buffers but this could be dangerous ifother keyboards rely on the same.
