23.7163 	DEBUG 	Fullscreen settings ignored as running in pilot mode.
23.7178 	INFO 	Loaded monitor calibration from ['2025_07_24 17:26']
24.7222 	INFO 	Using renderer 'AMD Radeon (TM) Graphics' for graphics
24.7222 	INFO 	OpenGL version supported by driver is 4..
24.7500 	EXP 	Created window1 = Window(allowGUI=False, allowStencil=False, autoLog=True, backendConf=UNKNOWN, backgroundFit=<method-wrapper '__getattribute__' of attributeSetter object at 0x000001B80EECFC70>, backgroundImage=<method-wrapper '__getattribute__' of attributeSetter object at 0x000001B80EECFC10>, bitsMode=UNKNOWN, blendMode='avg', bpc=(8, 8, 8), color=array([0., 0., 0.]), colorSpace='rgb', depthBits=8, fullscr=False, gamma=None, gammaErrorPolicy='raise', infoMsg=UNKNOWN, lms=UNKNOWN, monitor=<psychopy.monitors.calibTools.Monitor object at 0x000001B80EF5B190>, multiSample=False, name='window1', numSamples=2, pos=[560.0, 240.0], screen=0, size=array([800, 600]), stencilBits=0, stereo=False, title='PsychoPy', units='height', useFBO=True, useRetina=False, viewOri=0.0, viewPos=None, viewScale=None, waitBlanking=True, winType='pyglet')
24.7501 	EXP 	window1: backgroundImage = ''
24.7501 	EXP 	window1: backgroundFit = 'none'
24.7785 	DEBUG 	TextBox2 loaded 1 chars with 0 blanks and 1 valid
24.7964 	DEBUG 	TextBox2 loaded 1 chars with 0 blanks and 1 valid
24.8136 	DEBUG 	TextBox2 loaded 1 chars with 0 blanks and 1 valid
24.8310 	DEBUG 	TextBox2 loaded 1 chars with 0 blanks and 1 valid
24.8480 	DEBUG 	TextBox2 loaded 1 chars with 0 blanks and 1 valid
24.8646 	DEBUG 	TextBox2 loaded 1 chars with 0 blanks and 1 valid
24.8811 	DEBUG 	TextBox2 loaded 1 chars with 0 blanks and 1 valid
24.8977 	DEBUG 	TextBox2 loaded 1 chars with 0 blanks and 1 valid
24.9145 	DEBUG 	TextBox2 loaded 1 chars with 0 blanks and 1 valid
24.9304 	DEBUG 	TextBox2 loaded 1 chars with 0 blanks and 1 valid
24.9471 	DEBUG 	TextBox2 loaded 1 chars with 0 blanks and 1 valid
24.9639 	DEBUG 	TextBox2 loaded 1 chars with 0 blanks and 1 valid
24.9805 	DEBUG 	TextBox2 loaded 1 chars with 0 blanks and 1 valid
24.9961 	DEBUG 	TextBox2 loaded 1 chars with 0 blanks and 1 valid
25.0111 	DEBUG 	TextBox2 loaded 1 chars with 0 blanks and 1 valid
25.0266 	DEBUG 	TextBox2 loaded 1 chars with 0 blanks and 1 valid
25.0440 	DEBUG 	TextBox2 loaded 1 chars with 0 blanks and 1 valid
25.0604 	DEBUG 	TextBox2 loaded 1 chars with 0 blanks and 1 valid
25.0778 	DEBUG 	TextBox2 loaded 1 chars with 0 blanks and 1 valid
25.0956 	DEBUG 	TextBox2 loaded 1 chars with 0 blanks and 1 valid
25.1118 	DEBUG 	TextBox2 loaded 1 chars with 0 blanks and 1 valid
25.1124 	DEBUG 	Uploading Texture Font fontname to graphics card
25.1148 	DEBUG 	Upload of Texture Font fontname complete
25.1371 	DEBUG 	TextBox2 loaded 1 chars with 0 blanks and 1 valid
25.1530 	DEBUG 	TextBox2 loaded 1 chars with 0 blanks and 1 valid
25.1689 	DEBUG 	TextBox2 loaded 1 chars with 0 blanks and 1 valid
25.1697 	DEBUG 	Uploading Texture Font fontname to graphics card
25.1707 	DEBUG 	Upload of Texture Font fontname complete
25.1731 	EXP 	window1: Attempting to measure frame rate of screen (0) ...
25.1731 	EXP 	window1: recordFrameIntervals = False
25.3595 	EXP 	window1: recordFrameIntervals = True
25.6430 	EXP 	Screen (0) actual frame rate measured at 59.89Hz
25.6430 	EXP 	window1: recordFrameIntervals = False
25.6664 	DEBUG 	TextBox2 loaded 1 chars with 0 blanks and 1 valid
25.6834 	DEBUG 	TextBox2 loaded 1 chars with 0 blanks and 1 valid
25.7008 	DEBUG 	TextBox2 loaded 1 chars with 0 blanks and 1 valid
25.7182 	DEBUG 	TextBox2 loaded 1 chars with 0 blanks and 1 valid
25.7366 	DEBUG 	TextBox2 loaded 1 chars with 0 blanks and 1 valid
25.7541 	DEBUG 	TextBox2 loaded 1 chars with 0 blanks and 1 valid
25.7705 	DEBUG 	TextBox2 loaded 1 chars with 0 blanks and 1 valid
25.7885 	DEBUG 	TextBox2 loaded 1 chars with 0 blanks and 1 valid
25.8068 	DEBUG 	TextBox2 loaded 1 chars with 0 blanks and 1 valid
25.8242 	DEBUG 	TextBox2 loaded 1 chars with 0 blanks and 1 valid
25.8250 	DEBUG 	Uploading Texture Font fontname to graphics card
25.8268 	DEBUG 	Upload of Texture Font fontname complete
26.1834 	INFO 	keyboard.Keyboard is using ptb backend.
26.1834 	EXP 	TSRlearn_localizer-concepts: status = STARTED
26.4628 	EXP 	Created instruction_part1 = TextStim(__class__=<class 'psychopy.visual.text.TextStim'>, alignHoriz=method-wrapper(...), alignText='center', alignVert=method-wrapper(...), anchorHoriz='center', anchorVert='center', antialias=True, autoDraw=False, autoLog=True, bold=False, color=array([1., 1., 1.]), colorSpace='rgb', contrast=1.0, depth=-1.0, draggable=False, flipHoriz=False, flipVert=False, font='Sans Sherif', fontFiles=[], height=0.025, italic=False, languageStyle='LTR', name='instruction_part1', opacity=1, ori=0.0, pos=array([0., 0.]), rgb=UNKNOWN, text='', units='height', win=Window(...), wrapWidth=1)
26.4639 	EXP 	Created instruction_part2 = TextStim(__class__=<class 'psychopy.visual.text.TextStim'>, alignHoriz=method-wrapper(...), alignText='center', alignVert=method-wrapper(...), anchorHoriz='center', anchorVert='center', antialias=True, autoDraw=False, autoLog=True, bold=False, color=array([1., 1., 1.]), colorSpace='rgb', contrast=1.0, depth=-1.0, draggable=False, flipHoriz=False, flipVert=False, font='Sans Sherif', fontFiles=[], height=0.025, italic=False, languageStyle='LTR', name='instruction_part2', opacity=1, ori=0.0, pos=array([0., 0.]), rgb=UNKNOWN, text='', units='height', win=Window(...), wrapWidth=1)
26.4650 	EXP 	Created instruction_part3 = TextStim(__class__=<class 'psychopy.visual.text.TextStim'>, alignHoriz=method-wrapper(...), alignText='center', alignVert=method-wrapper(...), anchorHoriz='center', anchorVert='center', antialias=True, autoDraw=False, autoLog=True, bold=False, color=array([1., 1., 1.]), colorSpace='rgb', contrast=1.0, depth=-1.0, draggable=False, flipHoriz=False, flipVert=False, font='Sans Sherif', fontFiles=[], height=0.025, italic=False, languageStyle='LTR', name='instruction_part3', opacity=1, ori=0.0, pos=array([0., 0.]), rgb=UNKNOWN, text='', units='height', win=Window(...), wrapWidth=1)
26.4659 	EXP 	Created instruction_part4 = TextStim(__class__=<class 'psychopy.visual.text.TextStim'>, alignHoriz=method-wrapper(...), alignText='center', alignVert=method-wrapper(...), anchorHoriz='center', anchorVert='center', antialias=True, autoDraw=False, autoLog=True, bold=False, color=array([1., 1., 1.]), colorSpace='rgb', contrast=1.0, depth=-1.0, draggable=False, flipHoriz=False, flipVert=False, font='Sans Sherif', fontFiles=[], height=0.025, italic=False, languageStyle='LTR', name='instruction_part4', opacity=1, ori=0.0, pos=array([0., 0.]), rgb=UNKNOWN, text='', units='height', win=Window(...), wrapWidth=1)
26.4766 	EXP 	Created image_prc = ImageStim(__class__=<class 'psychopy.visual.image.ImageStim'>, anchor=('center', 'center'), autoLog=True, color=array([1., 1., 1.]), colorSpace='rgb', contrast=1.0, depth=0.0, draggable=False, flipHoriz=False, flipVert=False, image='default.png', interpolate=True, mask=None, maskParams=None, name='image_prc', opacity=1, ori=0.0, pos=array([0., 0.]), size=array([0.2, 0.2]), texRes=128.0, units='height', win=Window(...))
26.7039 	INFO 	Loaded psychtoolbox audio version 3.0.19.696976569
27.1133 	WARNING 	No default speaker specified in Preferences / Hardware, using first speaker found: Lautsprecher (Realtek(R) Audio)
27.1133 	DEBUG 	Found speaker device: Lautsprecher (Realtek(R) Audio) (8.0)
27.4760 	INFO 	Created stream for speaker device: Lautsprecher (Realtek(R) Audio) (8.0)
27.4777 	EXP 	spoken_word_prc: sampleRate = 48000
27.4777 	EXP 	spoken_word_prc: channels = None
27.4873 	DEBUG 	Converted audio clip from mono to stereo
27.4939 	EXP 	Sound spoken_word_prc set volume 1.000
27.5032 	EXP 	Created fix_cross_prc = TextStim(__class__=<class 'psychopy.visual.text.TextStim'>, alignHoriz=method-wrapper(...), alignText='center', alignVert=method-wrapper(...), anchorHoriz='center', anchorVert='center', antialias=True, autoDraw=False, autoLog=True, bold=False, color=array([1., 1., 1.]), colorSpace='rgb', contrast=1.0, depth=-2.0, draggable=False, flipHoriz=False, flipVert=False, font='Sans Sherif', fontFiles=[], height=0.03, italic=False, languageStyle='LTR', name='fix_cross_prc', opacity=1, ori=0.0, pos=array([0., 0.]), rgb=UNKNOWN, text='+', units='height', win=Window(...), wrapWidth=1)
27.5050 	EXP 	Created fix_cross_2_prc = TextStim(__class__=<class 'psychopy.visual.text.TextStim'>, alignHoriz=method-wrapper(...), alignText='center', alignVert=method-wrapper(...), anchorHoriz='center', anchorVert='center', antialias=True, autoDraw=False, autoLog=True, bold=False, color=array([1., 1., 1.]), colorSpace='rgb', contrast=1.0, depth=0.0, draggable=False, flipHoriz=False, flipVert=False, font='Sans Sherif', fontFiles=[], height=0.03, italic=False, languageStyle='LTR', name='fix_cross_2_prc', opacity=1, ori=0.0, pos=array([0., 0.]), rgb=UNKNOWN, text='+', units='height', win=Window(...), wrapWidth=1)
27.5061 	EXP 	Created instruction_startexp = TextStim(__class__=<class 'psychopy.visual.text.TextStim'>, alignHoriz=method-wrapper(...), alignText='center', alignVert=method-wrapper(...), anchorHoriz='center', anchorVert='center', antialias=True, autoDraw=False, autoLog=True, bold=False, color=array([1., 1., 1.]), colorSpace='rgb', contrast=1.0, depth=-1.0, draggable=False, flipHoriz=False, flipVert=False, font='Sans Sherif', fontFiles=[], height=0.025, italic=False, languageStyle='LTR', name='instruction_startexp', opacity=1, ori=0.0, pos=array([0., 0.]), rgb=UNKNOWN, text='', units='height', win=Window(...), wrapWidth=1)
27.5072 	EXP 	Created instruction_startexp_2 = TextStim(__class__=<class 'psychopy.visual.text.TextStim'>, alignHoriz=method-wrapper(...), alignText='center', alignVert=method-wrapper(...), anchorHoriz='center', anchorVert='center', antialias=True, autoDraw=False, autoLog=True, bold=False, color=array([1., 1., 1.]), colorSpace='rgb', contrast=1.0, depth=-1.0, draggable=False, flipHoriz=False, flipVert=False, font='Sans Sherif', fontFiles=[], height=0.025, italic=False, languageStyle='LTR', name='instruction_startexp_2', opacity=1, ori=0.0, pos=array([0., 0.]), rgb=UNKNOWN, text='', units='height', win=Window(...), wrapWidth=1)
27.5115 	EXP 	Created image = ImageStim(__class__=<class 'psychopy.visual.image.ImageStim'>, anchor=('center', 'center'), autoLog=True, color=array([1., 1., 1.]), colorSpace='rgb', contrast=1.0, depth=-3.0, draggable=False, flipHoriz=False, flipVert=False, image='default.png', interpolate=True, mask=None, maskParams=None, name='image', opacity=1, ori=0.0, pos=array([0., 0.]), size=array([0.2, 0.2]), texRes=128.0, units='height', win=Window(...))
27.5485 	WARNING 	No default speaker specified in Preferences / Hardware, using first speaker found: Lautsprecher (Realtek(R) Audio)
27.5486 	DEBUG 	Found speaker device: Lautsprecher (Realtek(R) Audio) (8.0)
27.5701 	INFO 	Created stream for speaker device: Lautsprecher (Realtek(R) Audio) (8.0)
27.5735 	EXP 	spoken_word: sampleRate = 48000
27.5735 	EXP 	spoken_word: channels = None
27.5821 	DEBUG 	Converted audio clip from mono to stereo
27.5868 	EXP 	Sound spoken_word set volume 1.000
27.5901 	EXP 	Created fix_cross = TextStim(__class__=<class 'psychopy.visual.text.TextStim'>, alignHoriz=method-wrapper(...), alignText='center', alignVert=method-wrapper(...), anchorHoriz='center', anchorVert='center', antialias=True, autoDraw=False, autoLog=True, bold=False, color=array([1., 1., 1.]), colorSpace='rgb', contrast=1.0, depth=-4.0, draggable=False, flipHoriz=False, flipVert=False, font='Sans Sherif', fontFiles=[], height=0.03, italic=False, languageStyle='LTR', name='fix_cross', opacity=1, ori=0.0, pos=array([0., 0.]), rgb=UNKNOWN, text='+', units='height', win=Window(...), wrapWidth=1)
27.5918 	EXP 	Created fix_cross_2 = TextStim(__class__=<class 'psychopy.visual.text.TextStim'>, alignHoriz=method-wrapper(...), alignText='center', alignVert=method-wrapper(...), anchorHoriz='center', anchorVert='center', antialias=True, autoDraw=False, autoLog=True, bold=False, color=array([1., 1., 1.]), colorSpace='rgb', contrast=1.0, depth=-3.0, draggable=False, flipHoriz=False, flipVert=False, font='Sans Sherif', fontFiles=[], height=0.03, italic=False, languageStyle='LTR', name='fix_cross_2', opacity=1, ori=0.0, pos=array([0., 0.]), rgb=UNKNOWN, text='+', units='height', win=Window(...), wrapWidth=1)
27.5934 	EXP 	Created breaks_instruction = TextStim(__class__=<class 'psychopy.visual.text.TextStim'>, alignHoriz=method-wrapper(...), alignText='center', alignVert=method-wrapper(...), anchorHoriz='center', anchorVert='center', antialias=True, autoDraw=False, autoLog=True, bold=False, color=array([1., 1., 1.]), colorSpace='rgb', contrast=1.0, depth=-3.0, draggable=False, flipHoriz=False, flipVert=False, font='Sans Sherif', fontFiles=[], height=0.025, italic=False, languageStyle='LTR', name='breaks_instruction', opacity=1, ori=0.0, pos=array([0., 0.]), rgb=UNKNOWN, text='', units='height', win=Window(...), wrapWidth=1)
27.6163 	EXP 	Created progress_bar_breaks = Progress(__class__=<class 'psychopy.visual.progress.Progress'>, anchor=('left', 'center'), autoDraw=False, autoLog=True, closeShape=True, color=method-wrapper(...), colorSpace='rgb', contrast=None, depth=-6, draggable=False, fillColor=array([0, 0, 0]), fillColorSpace='rgb', fillRGB=array([0, 0, 0]), interpolate=True, lineColor=array([1., 1., 1.]), lineColorSpace='rgb', lineRGB=array([1, 1, 1]), lineWidth=4.0, name='progress_bar_breaks', opacity=1.0, ori=0.0, pos=array([-0.2 , -0.07]), size=array([0.4  , 0.015]), units='height', vertices=ndarray(...), win=Window(...), windingRule=None)
27.6179 	EXP 	Created progress_bar_breaksBar = ShapeStim(__class__=<class 'psychopy.visual.shape.ShapeStim'>, anchor=('left', 'center'), autoDraw=False, autoLog=True, closeShape=True, color=method-wrapper(...), colorSpace='rgb', contrast=None, depth=-6, draggable=False, fillColor=array([1, 1, 1]), fillColorSpace='rgb', fillRGB=array([1, 1, 1]), interpolate=True, lineColor=array([0., 0., 0.]), lineColorSpace='rgb', lineRGB=array([0, 0, 0]), lineWidth=1.5, name='progress_bar_breaksBar', opacity=1.0, ori=0.0, pos=array([-0.2 , -0.07]), size=array([0.4  , 0.015]), units='height', vertices=ndarray(...), win=Window(...), windingRule=None)
27.6190 	EXP 	Created instruction_continuebreak = TextStim(__class__=<class 'psychopy.visual.text.TextStim'>, alignHoriz=method-wrapper(...), alignText='center', alignVert=method-wrapper(...), anchorHoriz='center', anchorVert='center', antialias=True, autoDraw=False, autoLog=True, bold=False, color=array([1., 1., 1.]), colorSpace='rgb', contrast=1.0, depth=-8.0, draggable=False, flipHoriz=False, flipVert=False, font='Sans Sherif', fontFiles=[], height=0.025, italic=False, languageStyle='LTR', name='instruction_continuebreak', opacity=1, ori=0.0, pos=array([0., 0.]), rgb=UNKNOWN, text='', units='height', win=Window(...), wrapWidth=1)
27.6200 	EXP 	Created instruction_end = TextStim(__class__=<class 'psychopy.visual.text.TextStim'>, alignHoriz=method-wrapper(...), alignText='center', alignVert=method-wrapper(...), anchorHoriz='center', anchorVert='center', antialias=True, autoDraw=False, autoLog=True, bold=False, color=array([1., 1., 1.]), colorSpace='rgb', contrast=1.0, depth=-2.0, draggable=False, flipHoriz=False, flipVert=False, font='Sans Sherif', fontFiles=[], height=0.025, italic=False, languageStyle='LTR', name='instruction_end', opacity=1, ori=0.0, pos=array([0., 0.]), rgb=UNKNOWN, text='', units='height', win=Window(...), wrapWidth=1)
2026-08-05_16:44:32.745013 	EXP 	progress_bar_breaks: direction = 'horizontal'
2026-08-05_16:44:32.745013 	EXP 	progress_bar_breaks: progress = 0.0
2026-08-05_16:44:32.779884 	EXP 	instruction_part1: height = 0.025
2026-08-05_16:44:32.779884 	EXP 	instruction_part1: height = 0.025
2026-08-05_16:44:32.779884 	EXP 	instruction_part1: height = 0.025
2026-08-05_16:44:32.779884 	EXP 	instruction_part1: text = 'Willkommen zum ersten Teil des Experiments.\nIn diesem Teil sehen Sie verschiedene Bilder\nund hören Wörter.\nIhre Aufgabe ist es zu entscheiden, ob die Wörter\ndie Dinge beschreiben, die Sie auf den Bildern sehen.\n\n[Drücken Sie eine beliebige Taste, um fortzufahren.]'
2026-08-05_16:44:32.779884 	EXP 	instruction_part1: autoDraw = True
2026-08-05_16:44:32.931846 	DATA 	Mouse: Left button down, pos=(348,112)
2026-08-05_16:44:33.048639 	DATA 	Mouse:  Left button up, pos=(348,112)
2026-08-05_16:44:33.261391 	INFO 	Keyboard events cleared
2026-08-05_16:44:34.147449 	EXP 	Device response: <KeyPress from None: t=1.3564581999999064, value=r, duration=None>
2026-08-05_16:44:34.148307 	DATA 	Keypress: r
2026-08-05_16:44:34.162970 	EXP 	Device response: <KeyPress from None: t=1.3564581999999064, value=r, duration=0.07207329999801004>
2026-08-05_16:44:34.177879 	EXP 	instruction_part1: autoDraw = False
2026-08-05_16:44:34.177879 	EXP 	instruction_part2: height = 0.025
2026-08-05_16:44:34.177879 	EXP 	instruction_part2: height = 0.025
2026-08-05_16:44:34.177879 	EXP 	instruction_part2: height = 0.025
2026-08-05_16:44:34.177879 	EXP 	instruction_part2: text = 'Sie sehen zuerst ein Bild.\nDanach hören Sie ein gesprochenes Wort.\nEntscheiden Sie, ob das Wort zu dem Bild passt oder nicht.\n\n[Drücken Sie eine beliebige Taste, um fortzufahren.]'
2026-08-05_16:44:34.177879 	EXP 	instruction_part2: autoDraw = True
2026-08-05_16:44:34.397358 	EXP 	Device response: <KeyPress from None: t=1.6687345999998797, value=r, duration=None>
2026-08-05_16:44:34.397878 	DATA 	Keypress: r
2026-08-05_16:44:34.463038 	EXP 	Device response: <KeyPress from None: t=1.6687345999998797, value=r, duration=0.06399859999874025>
2026-08-05_16:44:34.646419 	EXP 	Device response: <KeyPress from None: t=1.9085229999982403, value=r, duration=None>
2026-08-05_16:44:34.646945 	DATA 	Keypress: r
2026-08-05_16:44:34.678048 	INFO 	Keyboard events cleared
2026-08-05_16:44:34.699016 	EXP 	Device response: <KeyPress from None: t=1.9085229999982403, value=r, duration=0.06448770000133663>
2026-08-05_16:44:34.725879 	EXP 	instruction_part2: autoDraw = False
2026-08-05_16:44:34.725879 	EXP 	instruction_part3: height = 0.025
2026-08-05_16:44:34.725879 	EXP 	instruction_part3: height = 0.025
2026-08-05_16:44:34.725879 	EXP 	instruction_part3: height = 0.025
2026-08-05_16:44:34.725879 	EXP 	instruction_part3: text = 'Wenn das Wort nicht zu dem Bild passt, reagieren Sie bitte sofort.\nDrücken Sie die obere Taste (rot), wenn das Wort\nnicht zu dem Bild passt, das Sie gerade gesehen haben.\n\nWenn das Wort zu dem Bild passt, drücken Sie keine Taste.\n\nDas Fixationskreuz verändert kurz seine Farbe,\num anzuzeigen, ob Ihre Antwort richtig war.\n\n[Drücken Sie eine beliebige Taste, um fortzufahren.]'
2026-08-05_16:44:34.725879 	EXP 	instruction_part3: autoDraw = True
2026-08-05_16:44:34.880184 	EXP 	Device response: <KeyPress from None: t=2.140420499999891, value=r, duration=None>
2026-08-05_16:44:34.880974 	DATA 	Keypress: r
2026-08-05_16:44:34.947441 	EXP 	Device response: <KeyPress from None: t=2.140420499999891, value=r, duration=0.07216939999852912>
2026-08-05_16:44:35.096373 	EXP 	Device response: <KeyPress from None: t=2.3728654999977152, value=r, duration=None>
2026-08-05_16:44:35.097126 	DATA 	Keypress: r
2026-08-05_16:44:35.179567 	EXP 	Device response: <KeyPress from None: t=2.3728654999977152, value=r, duration=0.07163009999931091>
2026-08-05_16:44:35.212040 	INFO 	Keyboard events cleared
2026-08-05_16:44:35.331603 	EXP 	Device response: <KeyPress from None: t=2.5970076999983576, value=r, duration=None>
2026-08-05_16:44:35.332211 	DATA 	Keypress: r
2026-08-05_16:44:35.399272 	EXP 	Device response: <KeyPress from None: t=2.5970076999983576, value=r, duration=0.0640053999995871>
2026-08-05_16:44:35.428336 	EXP 	instruction_part3: autoDraw = False
2026-08-05_16:44:35.428336 	EXP 	instruction_part4: height = 0.025
2026-08-05_16:44:35.428336 	EXP 	instruction_part4: height = 0.025
2026-08-05_16:44:35.428336 	EXP 	instruction_part4: height = 0.025
2026-08-05_16:44:35.428336 	EXP 	instruction_part4: text = 'Bitte antworten Sie so schnell und genau wie möglich.\nWir beginnen nun mit einigen Übungsdurchgängen.\nNutzen Sie die obere Taste (rot) für Nicht-Übereinstimmungen.\n\n[Drücken Sie eine beliebige Taste, um fortzufahren.]'
2026-08-05_16:44:35.428336 	EXP 	instruction_part4: autoDraw = True
2026-08-05_16:44:35.546396 	EXP 	Device response: <KeyPress from None: t=2.820836799997778, value=r, duration=None>
2026-08-05_16:44:35.546927 	DATA 	Keypress: r
2026-08-05_16:44:35.614034 	EXP 	Device response: <KeyPress from None: t=2.820836799997778, value=r, duration=0.06402730000263546>
2026-08-05_16:44:35.782515 	EXP 	Device response: <KeyPress from None: t=3.0444972999976017, value=r, duration=None>
2026-08-05_16:44:35.783401 	DATA 	Keypress: r
2026-08-05_16:44:35.848001 	EXP 	Device response: <KeyPress from None: t=3.0444972999976017, value=r, duration=0.0643049999998766>
2026-08-05_16:44:35.910619 	INFO 	Keyboard events cleared
2026-08-05_16:44:35.995943 	EXP 	Device response: <KeyPress from None: t=3.2605782999999064, value=r, duration=None>
2026-08-05_16:44:35.996430 	DATA 	Keypress: r
2026-08-05_16:44:36.048185 	EXP 	Device response: <KeyPress from None: t=3.2605782999999064, value=r, duration=0.06407689999832655>
2026-08-05_16:44:36.146045 	DEBUG 	Read excel file with openpyxl: sequences/localiser_trials_prc.xlsx
2026-08-05_16:44:36.147568 	EXP 	Imported sequences/localiser_trials_prc.xlsx as conditions, 11 conditions, 8 params
2026-08-05_16:44:36.147966 	EXP 	New trial (rep=0, index=0): <Trial 0 (0 in rep 0) data={'image_shown': 'anchor.jpg', 'word_shown_german': 'Anker', 'word_shown_french': 'ancre', 'word_shown_english': 'anchor', 'ITI_length': 0.75, 'correct_response': 'y', 'match_idx': 1, 'nonmatch_pres_side': 'right', 'thisN': 0, 'thisTrialN': 0, 'thisRepN': 0}>
2026-08-05_16:44:36.196638 	EXP 	instruction_part4: autoDraw = False
2026-08-05_16:44:36.196638 	EXP 	image_prc: image = 'stimuli\\practice_images\\anchor.jpg'
2026-08-05_16:44:36.196638 	EXP 	image_prc: autoDraw = True
2026-08-05_16:44:36.229807 	EXP 	Device response: <KeyPress from None: t=3.4927924999974493, value=r, duration=None>
2026-08-05_16:44:36.230176 	DATA 	Keypress: r
2026-08-05_16:44:36.280630 	EXP 	Device response: <KeyPress from None: t=3.4927924999974493, value=r, duration=0.06377330000032089>
2026-08-05_16:44:36.445283 	EXP 	Device response: <KeyPress from None: t=3.7165855999992345, value=r, duration=None>
2026-08-05_16:44:36.445615 	DATA 	Keypress: r
2026-08-05_16:44:36.514794 	EXP 	Device response: <KeyPress from None: t=3.7165855999992345, value=r, duration=0.07280170000012731>
2026-08-05_16:44:36.949331 	EXP 	spoken_word_prc: sampleRate = 44100
2026-08-05_16:44:36.953984 	INFO 	Resampled audio from 44100Hz to 48000Hz using method 'default'.
2026-08-05_16:44:36.954014 	DEBUG 	Converted audio clip from mono to stereo
2026-08-05_16:44:36.954957 	EXP 	Sound spoken_word_prc reached end of file
4.2388 	EXP 	Playing sound spoken_word_prc on speaker Lautsprecher (Realtek(R) Audio)
2026-08-05_16:44:36.976454 	INFO 	Keyboard events cleared
2026-08-05_16:44:36.976293 	EXP 	image_prc: autoDraw = False
2026-08-05_16:44:36.976293 	EXP 	image_prc: autoDraw = False
2026-08-05_16:44:36.976293 	EXP 	fix_cross_prc: foreColor = <psychopy.colors.Color: white, alpha=1.0>
2026-08-05_16:44:36.976293 	EXP 	fix_cross_prc: autoDraw = True
2026-08-05_16:44:37.497844 	EXP 	Sound spoken_word_prc reached end of file
2026-08-05_16:44:37.512657 	EXP 	Sound spoken_word_prc reached end of file
2026-08-05_16:44:38.476384 	EXP 	fix_cross_prc: autoDraw = False
2026-08-05_16:44:38.476384 	EXP 	fix_cross_2_prc: autoDraw = True
2026-08-05_16:44:39.213928 	EXP 	New trial (rep=0, index=1): <Trial 1 (1 in rep 0) data={'image_shown': 'ant.jpg', 'word_shown_german': 'Ameise', 'word_shown_french': 'fourmi', 'word_shown_english': 'ant', 'ITI_length': 0.89, 'correct_response': 'r', 'match_idx': 1, 'nonmatch_pres_side': 'left', 'thisN': 1, 'thisTrialN': 1, 'thisRepN': 0}>
2026-08-05_16:44:39.284196 	EXP 	fix_cross_2_prc: autoDraw = False
2026-08-05_16:44:39.284196 	EXP 	fix_cross_2_prc: autoDraw = False
2026-08-05_16:44:39.284196 	EXP 	image_prc: image = 'stimuli\\practice_images\\ant.jpg'
2026-08-05_16:44:39.284196 	EXP 	image_prc: autoDraw = True
2026-08-05_16:44:40.060091 	EXP 	spoken_word_prc: sampleRate = 44100
2026-08-05_16:44:40.069345 	INFO 	Resampled audio from 44100Hz to 48000Hz using method 'default'.
2026-08-05_16:44:40.069389 	DEBUG 	Converted audio clip from mono to stereo
2026-08-05_16:44:40.070179 	EXP 	Sound spoken_word_prc reached end of file
7.3534 	EXP 	Playing sound spoken_word_prc on speaker Lautsprecher (Realtek(R) Audio)
2026-08-05_16:44:40.096106 	INFO 	Keyboard events cleared
2026-08-05_16:44:40.095950 	EXP 	image_prc: autoDraw = False
2026-08-05_16:44:40.095950 	EXP 	image_prc: autoDraw = False
2026-08-05_16:44:40.095950 	EXP 	fix_cross_prc: foreColor = <psychopy.colors.Color: white, alpha=1.0>
2026-08-05_16:44:40.095950 	EXP 	fix_cross_prc: autoDraw = True
2026-08-05_16:44:40.779330 	EXP 	Sound spoken_word_prc reached end of file
2026-08-05_16:44:40.795647 	EXP 	Sound spoken_word_prc reached end of file
2026-08-05_16:44:41.544447 	EXP 	fix_cross_prc: autoDraw = False
2026-08-05_16:44:41.544447 	EXP 	fix_cross_2_prc: autoDraw = True
2026-08-05_16:44:42.428019 	EXP 	New trial (rep=0, index=2): <Trial 2 (2 in rep 0) data={'image_shown': 'axe.jpg', 'word_shown_german': 'Pferd', 'word_shown_french': 'cheval', 'word_shown_english': 'horse', 'ITI_length': 0.85, 'correct_response': 'y', 'match_idx': 0, 'nonmatch_pres_side': 'left', 'thisN': 2, 'thisTrialN': 2, 'thisRepN': 0}>
2026-08-05_16:44:42.496698 	EXP 	fix_cross_2_prc: autoDraw = False
2026-08-05_16:44:42.496698 	EXP 	fix_cross_2_prc: autoDraw = False
2026-08-05_16:44:42.496698 	EXP 	image_prc: image = 'stimuli\\practice_images\\axe.jpg'
2026-08-05_16:44:42.496698 	EXP 	image_prc: autoDraw = True
2026-08-05_16:44:43.266214 	EXP 	spoken_word_prc: sampleRate = 44100
2026-08-05_16:44:43.269002 	INFO 	Resampled audio from 44100Hz to 48000Hz using method 'default'.
2026-08-05_16:44:43.269020 	DEBUG 	Converted audio clip from mono to stereo
2026-08-05_16:44:43.269590 	EXP 	Sound spoken_word_prc reached end of file
10.5532 	EXP 	Playing sound spoken_word_prc on speaker Lautsprecher (Realtek(R) Audio)
2026-08-05_16:44:43.291860 	INFO 	Keyboard events cleared
2026-08-05_16:44:43.291754 	EXP 	image_prc: autoDraw = False
2026-08-05_16:44:43.291754 	EXP 	image_prc: autoDraw = False
2026-08-05_16:44:43.291754 	EXP 	fix_cross_prc: foreColor = <psychopy.colors.Color: white, alpha=1.0>
2026-08-05_16:44:43.291754 	EXP 	fix_cross_prc: autoDraw = True
2026-08-05_16:44:43.811726 	EXP 	Sound spoken_word_prc reached end of file
2026-08-05_16:44:43.828322 	EXP 	Sound spoken_word_prc reached end of file
2026-08-05_16:44:44.758146 	EXP 	fix_cross_prc: foreColor = <psychopy.colors.Color: red, alpha=1.0>
2026-08-05_16:44:44.959112 	EXP 	fix_cross_prc: autoDraw = False
2026-08-05_16:44:44.959112 	EXP 	fix_cross_2_prc: autoDraw = True
2026-08-05_16:44:45.524476 	DATA 	Mouse: Left button down, pos=(443,255)
2026-08-05_16:44:45.611260 	DATA 	Mouse:  Left button up, pos=(443,255)
2026-08-05_16:44:45.811746 	EXP 	New trial (rep=0, index=3): <Trial 3 (3 in rep 0) data={'image_shown': 'bus.jpg', 'word_shown_german': 'Bus', 'word_shown_french': 'bus', 'word_shown_english': 'bus', 'ITI_length': 1.01, 'correct_response': 'y', 'match_idx': 1, 'nonmatch_pres_side': 'right', 'thisN': 3, 'thisTrialN': 3, 'thisRepN': 0}>
2026-08-05_16:44:45.876776 	EXP 	fix_cross_2_prc: autoDraw = False
2026-08-05_16:44:45.876776 	EXP 	fix_cross_2_prc: autoDraw = False
2026-08-05_16:44:45.876776 	EXP 	image_prc: image = 'stimuli\\practice_images\\bus.jpg'
2026-08-05_16:44:45.876776 	EXP 	image_prc: autoDraw = True
2026-08-05_16:44:46.641966 	EXP 	spoken_word_prc: sampleRate = 44100
2026-08-05_16:44:46.644894 	INFO 	Resampled audio from 44100Hz to 48000Hz using method 'default'.
2026-08-05_16:44:46.644912 	DEBUG 	Converted audio clip from mono to stereo
2026-08-05_16:44:46.645453 	EXP 	Sound spoken_word_prc reached end of file
13.9348 	EXP 	Playing sound spoken_word_prc on speaker Lautsprecher (Realtek(R) Audio)
2026-08-05_16:44:46.658128 	INFO 	Keyboard events cleared
2026-08-05_16:44:46.657956 	EXP 	image_prc: autoDraw = False
2026-08-05_16:44:46.657956 	EXP 	image_prc: autoDraw = False
2026-08-05_16:44:46.657956 	EXP 	fix_cross_prc: foreColor = <psychopy.colors.Color: white, alpha=1.0>
2026-08-05_16:44:46.657956 	EXP 	fix_cross_prc: autoDraw = True
2026-08-05_16:44:47.121481 	EXP 	Sound spoken_word_prc reached end of file
2026-08-05_16:44:47.144326 	EXP 	Sound spoken_word_prc reached end of file
2026-08-05_16:44:48.142599 	EXP 	fix_cross_prc: autoDraw = False
2026-08-05_16:44:48.142599 	EXP 	fix_cross_2_prc: autoDraw = True
2026-08-05_16:44:49.143434 	EXP 	New trial (rep=0, index=4): <Trial 4 (4 in rep 0) data={'image_shown': 'ball.jpg', 'word_shown_german': 'Gesicht', 'word_shown_french': 'visage', 'word_shown_english': 'face', 'ITI_length': 1.04, 'correct_response': 'r', 'match_idx': 0, 'nonmatch_pres_side': 'right', 'thisN': 4, 'thisTrialN': 4, 'thisRepN': 0}>
2026-08-05_16:44:49.209482 	EXP 	fix_cross_2_prc: autoDraw = False
2026-08-05_16:44:49.209482 	EXP 	fix_cross_2_prc: autoDraw = False
2026-08-05_16:44:49.209482 	EXP 	image_prc: image = 'stimuli\\practice_images\\ball.jpg'
2026-08-05_16:44:49.209482 	EXP 	image_prc: autoDraw = True
2026-08-05_16:44:49.977499 	EXP 	spoken_word_prc: sampleRate = 44100
2026-08-05_16:44:49.979667 	INFO 	Resampled audio from 44100Hz to 48000Hz using method 'default'.
2026-08-05_16:44:49.979683 	DEBUG 	Converted audio clip from mono to stereo
2026-08-05_16:44:49.980216 	EXP 	Sound spoken_word_prc reached end of file
17.2671 	EXP 	Playing sound spoken_word_prc on speaker Lautsprecher (Realtek(R) Audio)
2026-08-05_16:44:49.988679 	INFO 	Keyboard events cleared
2026-08-05_16:44:49.988575 	EXP 	image_prc: autoDraw = False
2026-08-05_16:44:49.988575 	EXP 	image_prc: autoDraw = False
2026-08-05_16:44:49.988575 	EXP 	fix_cross_prc: foreColor = <psychopy.colors.Color: white, alpha=1.0>
2026-08-05_16:44:49.988575 	EXP 	fix_cross_prc: autoDraw = True
2026-08-05_16:44:50.475290 	EXP 	Device response: <KeyPress from None: t=17.749281999997038, value=r, duration=None>
2026-08-05_16:44:50.475869 	DATA 	Keypress: r
2026-08-05_16:44:50.594119 	EXP 	Sound spoken_word_prc reached end of file
2026-08-05_16:44:50.609037 	EXP 	Sound spoken_word_prc reached end of file
2026-08-05_16:44:50.645089 	EXP 	Device response: <KeyPress from None: t=17.749281999997038, value=r, duration=0.16834100000050967>
2026-08-05_16:44:50.655687 	EXP 	fix_cross_prc: foreColor = <psychopy.colors.Color: green, alpha=1.0>
2026-08-05_16:44:50.872521 	EXP 	fix_cross_prc: autoDraw = False
2026-08-05_16:44:50.872521 	EXP 	fix_cross_2_prc: autoDraw = True
2026-08-05_16:44:51.910839 	EXP 	New trial (rep=0, index=5): <Trial 5 (5 in rep 0) data={'image_shown': 'banana.jpg', 'word_shown_german': 'Banane', 'word_shown_french': 'banane', 'word_shown_english': 'banana', 'ITI_length': 0.99, 'correct_response': 'y', 'match_idx': 1, 'nonmatch_pres_side': 'right', 'thisN': 5, 'thisTrialN': 5, 'thisRepN': 0}>
2026-08-05_16:44:51.975044 	EXP 	fix_cross_2_prc: autoDraw = False
2026-08-05_16:44:51.975044 	EXP 	fix_cross_2_prc: autoDraw = False
2026-08-05_16:44:51.975044 	EXP 	image_prc: image = 'stimuli\\practice_images\\banana.jpg'
2026-08-05_16:44:51.975044 	EXP 	image_prc: autoDraw = True
2026-08-05_16:44:52.747063 	EXP 	spoken_word_prc: sampleRate = 44100
2026-08-05_16:44:52.752266 	INFO 	Resampled audio from 44100Hz to 48000Hz using method 'default'.
2026-08-05_16:44:52.752314 	DEBUG 	Converted audio clip from mono to stereo
2026-08-05_16:44:52.753288 	EXP 	Sound spoken_word_prc reached end of file
20.0319 	EXP 	Playing sound spoken_word_prc on speaker Lautsprecher (Realtek(R) Audio)
2026-08-05_16:44:52.772039 	INFO 	Keyboard events cleared
2026-08-05_16:44:52.771926 	EXP 	image_prc: autoDraw = False
2026-08-05_16:44:52.771926 	EXP 	image_prc: autoDraw = False
2026-08-05_16:44:52.771926 	EXP 	fix_cross_prc: foreColor = <psychopy.colors.Color: white, alpha=1.0>
2026-08-05_16:44:52.771926 	EXP 	fix_cross_prc: autoDraw = True
2026-08-05_16:44:53.401116 	EXP 	Sound spoken_word_prc reached end of file
2026-08-05_16:44:53.423208 	EXP 	Sound spoken_word_prc reached end of file
2026-08-05_16:44:54.239499 	EXP 	fix_cross_prc: autoDraw = False
2026-08-05_16:44:54.239499 	EXP 	fix_cross_2_prc: autoDraw = True
2026-08-05_16:44:55.223402 	EXP 	New trial (rep=0, index=6): <Trial 6 (6 in rep 0) data={'image_shown': 'glasses.jpg', 'word_shown_german': 'Brille', 'word_shown_french': 'lunettes', 'word_shown_english': 'glasses', 'ITI_length': 0.79, 'correct_response': 'r', 'match_idx': 1, 'nonmatch_pres_side': 'left', 'thisN': 6, 'thisTrialN': 6, 'thisRepN': 0}>
2026-08-05_16:44:55.306716 	EXP 	fix_cross_2_prc: autoDraw = False
2026-08-05_16:44:55.306716 	EXP 	fix_cross_2_prc: autoDraw = False
2026-08-05_16:44:55.306716 	EXP 	image_prc: image = 'stimuli\\practice_images\\glasses.jpg'
2026-08-05_16:44:55.306716 	EXP 	image_prc: autoDraw = True
2026-08-05_16:44:56.077950 	EXP 	spoken_word_prc: sampleRate = 44100
2026-08-05_16:44:56.081745 	INFO 	Resampled audio from 44100Hz to 48000Hz using method 'default'.
2026-08-05_16:44:56.081788 	DEBUG 	Converted audio clip from mono to stereo
2026-08-05_16:44:56.082792 	EXP 	Sound spoken_word_prc reached end of file
23.3651 	EXP 	Playing sound spoken_word_prc on speaker Lautsprecher (Realtek(R) Audio)
2026-08-05_16:44:56.103620 	INFO 	Keyboard events cleared
2026-08-05_16:44:56.103432 	EXP 	image_prc: autoDraw = False
2026-08-05_16:44:56.103432 	EXP 	image_prc: autoDraw = False
2026-08-05_16:44:56.103432 	EXP 	fix_cross_prc: foreColor = <psychopy.colors.Color: white, alpha=1.0>
2026-08-05_16:44:56.103432 	EXP 	fix_cross_prc: autoDraw = True
2026-08-05_16:44:56.574402 	EXP 	Sound spoken_word_prc reached end of file
2026-08-05_16:44:56.592541 	EXP 	Sound spoken_word_prc reached end of file
2026-08-05_16:44:57.586772 	EXP 	fix_cross_prc: autoDraw = False
2026-08-05_16:44:57.586772 	EXP 	fix_cross_2_prc: autoDraw = True
2026-08-05_16:44:58.371651 	EXP 	New trial (rep=0, index=7): <Trial 7 (7 in rep 0) data={'image_shown': 'basket.jpg', 'word_shown_german': 'Korb', 'word_shown_french': 'panier', 'word_shown_english': 'basket', 'ITI_length': 0.77, 'correct_response': 'y', 'match_idx': 1, 'nonmatch_pres_side': 'right', 'thisN': 7, 'thisTrialN': 7, 'thisRepN': 0}>
2026-08-05_16:44:58.423137 	EXP 	fix_cross_2_prc: autoDraw = False
2026-08-05_16:44:58.423137 	EXP 	fix_cross_2_prc: autoDraw = False
2026-08-05_16:44:58.423137 	EXP 	image_prc: image = 'stimuli\\practice_images\\basket.jpg'
2026-08-05_16:44:58.423137 	EXP 	image_prc: autoDraw = True
2026-08-05_16:44:59.200631 	EXP 	spoken_word_prc: sampleRate = 44100
2026-08-05_16:44:59.204084 	INFO 	Resampled audio from 44100Hz to 48000Hz using method 'default'.
2026-08-05_16:44:59.204137 	DEBUG 	Converted audio clip from mono to stereo
2026-08-05_16:44:59.205161 	EXP 	Sound spoken_word_prc reached end of file
26.4976 	EXP 	Playing sound spoken_word_prc on speaker Lautsprecher (Realtek(R) Audio)
2026-08-05_16:44:59.219659 	INFO 	Keyboard events cleared
2026-08-05_16:44:59.219580 	EXP 	image_prc: autoDraw = False
2026-08-05_16:44:59.219580 	EXP 	image_prc: autoDraw = False
2026-08-05_16:44:59.219580 	EXP 	fix_cross_prc: foreColor = <psychopy.colors.Color: white, alpha=1.0>
2026-08-05_16:44:59.219580 	EXP 	fix_cross_prc: autoDraw = True
2026-08-05_16:44:59.677995 	EXP 	Sound spoken_word_prc reached end of file
2026-08-05_16:44:59.688011 	EXP 	Sound spoken_word_prc reached end of file
2026-08-05_16:45:00.702307 	EXP 	fix_cross_prc: autoDraw = False
2026-08-05_16:45:00.702307 	EXP 	fix_cross_2_prc: autoDraw = True
2026-08-05_16:45:01.460789 	EXP 	New trial (rep=0, index=8): <Trial 8 (8 in rep 0) data={'image_shown': 'bear.jpg', 'word_shown_german': 'Milch', 'word_shown_french': 'lait', 'word_shown_english': 'milk', 'ITI_length': 1.23, 'correct_response': 'r', 'match_idx': 0, 'nonmatch_pres_side': 'right', 'thisN': 8, 'thisTrialN': 8, 'thisRepN': 0}>
2026-08-05_16:45:01.543542 	EXP 	fix_cross_2_prc: autoDraw = False
2026-08-05_16:45:01.543542 	EXP 	fix_cross_2_prc: autoDraw = False
2026-08-05_16:45:01.543542 	EXP 	image_prc: image = 'stimuli\\practice_images\\bear.jpg'
2026-08-05_16:45:01.543542 	EXP 	image_prc: autoDraw = True
2026-08-05_16:45:02.316114 	EXP 	spoken_word_prc: sampleRate = 44100
2026-08-05_16:45:02.318772 	INFO 	Resampled audio from 44100Hz to 48000Hz using method 'default'.
2026-08-05_16:45:02.318793 	DEBUG 	Converted audio clip from mono to stereo
2026-08-05_16:45:02.319410 	EXP 	Sound spoken_word_prc reached end of file
29.6022 	EXP 	Playing sound spoken_word_prc on speaker Lautsprecher (Realtek(R) Audio)
2026-08-05_16:45:02.337521 	INFO 	Keyboard events cleared
2026-08-05_16:45:02.337325 	EXP 	image_prc: autoDraw = False
2026-08-05_16:45:02.337325 	EXP 	image_prc: autoDraw = False
2026-08-05_16:45:02.337325 	EXP 	fix_cross_prc: foreColor = <psychopy.colors.Color: white, alpha=1.0>
2026-08-05_16:45:02.337325 	EXP 	fix_cross_prc: autoDraw = True
2026-08-05_16:45:02.862535 	EXP 	Sound spoken_word_prc reached end of file
2026-08-05_16:45:02.871513 	EXP 	Sound spoken_word_prc reached end of file
2026-08-05_16:45:03.819140 	EXP 	fix_cross_prc: foreColor = <psychopy.colors.Color: red, alpha=1.0>
2026-08-05_16:45:04.036366 	EXP 	fix_cross_prc: autoDraw = False
2026-08-05_16:45:04.036366 	EXP 	fix_cross_2_prc: autoDraw = True
2026-08-05_16:45:05.253181 	EXP 	New trial (rep=0, index=9): <Trial 9 (9 in rep 0) data={'image_shown': 'belt.jpg', 'word_shown_german': 'Gürtel', 'word_shown_french': 'ceinture', 'word_shown_english': 'belt', 'ITI_length': 1.1, 'correct_response': 'y', 'match_idx': 1, 'nonmatch_pres_side': 'left', 'thisN': 9, 'thisTrialN': 9, 'thisRepN': 0}>
2026-08-05_16:45:05.337124 	EXP 	fix_cross_2_prc: autoDraw = False
2026-08-05_16:45:05.337124 	EXP 	fix_cross_2_prc: autoDraw = False
2026-08-05_16:45:05.337124 	EXP 	image_prc: image = 'stimuli\\practice_images\\belt.jpg'
2026-08-05_16:45:05.337124 	EXP 	image_prc: autoDraw = True
2026-08-05_16:45:06.110501 	EXP 	spoken_word_prc: sampleRate = 48000
2026-08-05_16:45:06.111306 	DEBUG 	Converted audio clip from mono to stereo
2026-08-05_16:45:06.111896 	EXP 	Sound spoken_word_prc reached end of file
33.3956 	EXP 	Playing sound spoken_word_prc on speaker Lautsprecher (Realtek(R) Audio)
2026-08-05_16:45:06.134837 	INFO 	Keyboard events cleared
2026-08-05_16:45:06.134613 	EXP 	image_prc: autoDraw = False
2026-08-05_16:45:06.134613 	EXP 	image_prc: autoDraw = False
2026-08-05_16:45:06.134613 	EXP 	fix_cross_prc: foreColor = <psychopy.colors.Color: white, alpha=1.0>
2026-08-05_16:45:06.134613 	EXP 	fix_cross_prc: autoDraw = True
2026-08-05_16:45:06.684022 	EXP 	Sound spoken_word_prc reached end of file
2026-08-05_16:45:06.704090 	EXP 	Sound spoken_word_prc reached end of file
2026-08-05_16:45:07.616800 	EXP 	fix_cross_prc: autoDraw = False
2026-08-05_16:45:07.616800 	EXP 	fix_cross_2_prc: autoDraw = True
2026-08-05_16:45:08.707152 	EXP 	New trial (rep=0, index=10): <Trial 10 (10 in rep 0) data={'image_shown': 'bike.jpg', 'word_shown_german': 'Fahrrad', 'word_shown_french': 'vélo', 'word_shown_english': 'bicycle', 'ITI_length': 1.25, 'correct_response': 'y', 'match_idx': 1, 'nonmatch_pres_side': 'left', 'thisN': 10, 'thisTrialN': 10, 'thisRepN': 0}>
2026-08-05_16:45:08.786572 	EXP 	fix_cross_2_prc: autoDraw = False
2026-08-05_16:45:08.786572 	EXP 	fix_cross_2_prc: autoDraw = False
2026-08-05_16:45:08.786572 	EXP 	image_prc: image = 'stimuli\\practice_images\\bike.jpg'
2026-08-05_16:45:08.786572 	EXP 	image_prc: autoDraw = True
2026-08-05_16:45:09.569117 	EXP 	spoken_word_prc: sampleRate = 48000
2026-08-05_16:45:09.571732 	DEBUG 	Converted audio clip from mono to stereo
2026-08-05_16:45:09.572979 	EXP 	Sound spoken_word_prc reached end of file
36.8665 	EXP 	Playing sound spoken_word_prc on speaker Lautsprecher (Realtek(R) Audio)
2026-08-05_16:45:09.589073 	INFO 	Keyboard events cleared
2026-08-05_16:45:09.588905 	EXP 	image_prc: autoDraw = False
2026-08-05_16:45:09.588905 	EXP 	image_prc: autoDraw = False
2026-08-05_16:45:09.588905 	EXP 	fix_cross_prc: foreColor = <psychopy.colors.Color: white, alpha=1.0>
2026-08-05_16:45:09.588905 	EXP 	fix_cross_prc: autoDraw = True
2026-08-05_16:45:10.257446 	EXP 	Sound spoken_word_prc reached end of file
2026-08-05_16:45:10.269346 	EXP 	Sound spoken_word_prc reached end of file
2026-08-05_16:45:11.049488 	EXP 	fix_cross_prc: autoDraw = False
2026-08-05_16:45:11.049488 	EXP 	fix_cross_2_prc: autoDraw = True
2026-08-05_16:45:12.491331 	INFO 	saved data to C:\sync_folder\TSRlearn-task\psychopy_exp_files\data\0_TSRlearn_localizer-concepts_2026-08-05_16h44.17.043_trials_practice.csv
2026-08-05_16:45:12.515362 	EXP 	fix_cross_2_prc: autoDraw = False
2026-08-05_16:45:12.515362 	EXP 	fix_cross_2_prc: autoDraw = False
2026-08-05_16:45:12.515362 	EXP 	instruction_startexp: height = 0.025
2026-08-05_16:45:12.515362 	EXP 	instruction_startexp: height = 0.025
2026-08-05_16:45:12.515362 	EXP 	instruction_startexp: height = 0.025
2026-08-05_16:45:12.515362 	EXP 	instruction_startexp: text = 'Sie haben alle Übungsdurchgänge abgeschlossen.\n\nDie Hauptaufgabe beginnt jetzt.\n\nDrücken Sie immer die obere Taste (rot), wenn das Wort\nnicht zu dem vorherigen Bild passt.\n\n[Drücken Sie eine beliebige Taste, um weiterzumachen.]'
2026-08-05_16:45:12.515362 	EXP 	instruction_startexp: autoDraw = True
2026-08-05_16:45:12.817449 	INFO 	Keyboard events cleared
2026-08-05_16:45:21.168026 	DATA 	Mouse: Left button down, pos=(378,148)
2026-08-05_16:45:21.250029 	DATA 	Mouse:  Left button up, pos=(378,148)
2026-08-05_16:45:21.767668 	EXP 	Device response: <KeyPress from None: t=49.03883829999904, value=escape, duration=None>
2026-08-05_16:45:21.768680 	DATA 	Keypress: escape
2026-08-05_16:45:21.848636 	EXP 	Device response: <KeyPress from None: t=49.03883829999904, value=escape, duration=0.07131659999868134>
2026-08-05_16:45:21.848674 	EXP 	TSRlearn_localizer-concepts: status = STOPPED
2026-08-05_16:45:21.862593 	EXP 	instruction_startexp: autoDraw = False
2026-08-05_16:45:21.865296 	EXP 	TSRlearn_localizer-concepts: status = STOPPED
2026-08-05_16:45:21.882014 	INFO 	saved data to 'C:\\sync_folder\\TSRlearn-task\\psychopy_exp_files\\data\\0_TSRlearn_localizer-concepts_2026-08-05_16h44.17.043.csv'
2026-08-05_16:45:21.883287 	INFO 	saved data to C:\sync_folder\TSRlearn-task\psychopy_exp_files\data\0_TSRlearn_localizer-concepts_2026-08-05_16h44.17.043.psydat
2026-08-05_16:45:22.243477 	DEBUG 	Saving data for TSRlearn_localizer-concepts ExperimentHandler
2026-08-05_16:45:22.250795 	WARNING 	Stopping key buffers but this could be dangerous ifother keyboards rely on the same.
