23.8398 	DEBUG 	Fullscreen settings ignored as running in pilot mode.
23.8422 	INFO 	Loaded monitor calibration from ['2025_07_24 17:26']
24.4161 	INFO 	Using renderer 'AMD Radeon (TM) Graphics' for graphics
24.4161 	INFO 	OpenGL version supported by driver is 4..
24.4590 	EXP 	Created window1 = Window(allowGUI=False, allowStencil=False, autoLog=True, backendConf=UNKNOWN, backgroundFit=<method-wrapper '__getattribute__' of attributeSetter object at 0x000001CD1DCBAF40>, backgroundImage=<method-wrapper '__getattribute__' of attributeSetter object at 0x000001CD1DCBAEE0>, bitsMode=UNKNOWN, blendMode='avg', bpc=(8, 8, 8), color=array([0., 0., 0.]), colorSpace='rgb', depthBits=8, fullscr=False, gamma=None, gammaErrorPolicy='raise', infoMsg=UNKNOWN, lms=UNKNOWN, monitor=<psychopy.monitors.calibTools.Monitor object at 0x000001CD1DDED490>, multiSample=False, name='window1', numSamples=2, pos=[560.0, 240.0], screen=0, size=array([800, 600]), stencilBits=0, stereo=False, title='PsychoPy', units='height', useFBO=True, useRetina=False, viewOri=0.0, viewPos=None, viewScale=None, waitBlanking=True, winType='pyglet')
24.4591 	EXP 	window1: backgroundImage = ''
24.4591 	EXP 	window1: backgroundFit = 'none'
24.4926 	DEBUG 	TextBox2 loaded 1 chars with 0 blanks and 1 valid
24.5317 	DEBUG 	TextBox2 loaded 1 chars with 0 blanks and 1 valid
24.5570 	DEBUG 	TextBox2 loaded 1 chars with 0 blanks and 1 valid
24.5815 	DEBUG 	TextBox2 loaded 1 chars with 0 blanks and 1 valid
24.6022 	DEBUG 	TextBox2 loaded 1 chars with 0 blanks and 1 valid
24.6205 	DEBUG 	TextBox2 loaded 1 chars with 0 blanks and 1 valid
24.6402 	DEBUG 	TextBox2 loaded 1 chars with 0 blanks and 1 valid
24.6615 	DEBUG 	TextBox2 loaded 1 chars with 0 blanks and 1 valid
24.6838 	DEBUG 	TextBox2 loaded 1 chars with 0 blanks and 1 valid
24.7036 	DEBUG 	TextBox2 loaded 1 chars with 0 blanks and 1 valid
24.7242 	DEBUG 	TextBox2 loaded 1 chars with 0 blanks and 1 valid
24.7433 	DEBUG 	TextBox2 loaded 1 chars with 0 blanks and 1 valid
24.7620 	DEBUG 	TextBox2 loaded 1 chars with 0 blanks and 1 valid
24.7811 	DEBUG 	TextBox2 loaded 1 chars with 0 blanks and 1 valid
24.8000 	DEBUG 	TextBox2 loaded 1 chars with 0 blanks and 1 valid
24.8200 	DEBUG 	TextBox2 loaded 1 chars with 0 blanks and 1 valid
24.8386 	DEBUG 	TextBox2 loaded 1 chars with 0 blanks and 1 valid
24.8571 	DEBUG 	TextBox2 loaded 1 chars with 0 blanks and 1 valid
24.8755 	DEBUG 	TextBox2 loaded 1 chars with 0 blanks and 1 valid
24.8951 	DEBUG 	TextBox2 loaded 1 chars with 0 blanks and 1 valid
24.9129 	DEBUG 	TextBox2 loaded 1 chars with 0 blanks and 1 valid
24.9136 	DEBUG 	Uploading Texture Font fontname to graphics card
24.9174 	DEBUG 	Upload of Texture Font fontname complete
24.9477 	DEBUG 	TextBox2 loaded 1 chars with 0 blanks and 1 valid
24.9661 	DEBUG 	TextBox2 loaded 1 chars with 0 blanks and 1 valid
24.9836 	DEBUG 	TextBox2 loaded 1 chars with 0 blanks and 1 valid
24.9842 	DEBUG 	Uploading Texture Font fontname to graphics card
24.9856 	DEBUG 	Upload of Texture Font fontname complete
24.9905 	EXP 	window1: Attempting to measure frame rate of screen (0) ...
24.9905 	EXP 	window1: recordFrameIntervals = False
25.1878 	EXP 	window1: recordFrameIntervals = True
25.3800 	WARNING 	t of last frame was 25.19ms (=1/39)
25.4042 	WARNING 	t of last frame was 24.18ms (=1/41)
26.7213 	EXP 	Screen (0) actual frame rate measured at 59.96Hz
26.7214 	EXP 	window1: recordFrameIntervals = False
26.7440 	DEBUG 	TextBox2 loaded 1 chars with 0 blanks and 1 valid
26.7626 	DEBUG 	TextBox2 loaded 1 chars with 0 blanks and 1 valid
26.7810 	DEBUG 	TextBox2 loaded 1 chars with 0 blanks and 1 valid
26.8010 	DEBUG 	TextBox2 loaded 1 chars with 0 blanks and 1 valid
26.8185 	DEBUG 	TextBox2 loaded 1 chars with 0 blanks and 1 valid
26.8361 	DEBUG 	TextBox2 loaded 1 chars with 0 blanks and 1 valid
26.8539 	DEBUG 	TextBox2 loaded 1 chars with 0 blanks and 1 valid
26.8718 	DEBUG 	TextBox2 loaded 1 chars with 0 blanks and 1 valid
26.8909 	DEBUG 	TextBox2 loaded 1 chars with 0 blanks and 1 valid
26.9095 	DEBUG 	TextBox2 loaded 1 chars with 0 blanks and 1 valid
26.9100 	DEBUG 	Uploading Texture Font fontname to graphics card
26.9115 	DEBUG 	Upload of Texture Font fontname complete
27.3247 	INFO 	keyboard.Keyboard is using ptb backend.
27.3248 	EXP 	TSRlearn_localizer-concepts: status = STARTED
27.5087 	EXP 	Created instruction_part1 = TextStim(__class__=<class 'psychopy.visual.text.TextStim'>, alignHoriz=method-wrapper(...), alignText='center', alignVert=method-wrapper(...), anchorHoriz='center', anchorVert='center', antialias=True, autoDraw=False, autoLog=True, bold=False, color=array([1., 1., 1.]), colorSpace='rgb', contrast=1.0, depth=-1.0, draggable=False, flipHoriz=False, flipVert=False, font='Sans Sherif', fontFiles=[], height=0.025, italic=False, languageStyle='LTR', name='instruction_part1', opacity=1, ori=0.0, pos=array([0., 0.]), rgb=UNKNOWN, text='', units='height', win=Window(...), wrapWidth=1)
27.5109 	EXP 	Created instruction_part2 = TextStim(__class__=<class 'psychopy.visual.text.TextStim'>, alignHoriz=method-wrapper(...), alignText='center', alignVert=method-wrapper(...), anchorHoriz='center', anchorVert='center', antialias=True, autoDraw=False, autoLog=True, bold=False, color=array([1., 1., 1.]), colorSpace='rgb', contrast=1.0, depth=-1.0, draggable=False, flipHoriz=False, flipVert=False, font='Sans Sherif', fontFiles=[], height=0.025, italic=False, languageStyle='LTR', name='instruction_part2', opacity=1, ori=0.0, pos=array([0., 0.]), rgb=UNKNOWN, text='', units='height', win=Window(...), wrapWidth=1)
27.5122 	EXP 	Created instruction_part3 = TextStim(__class__=<class 'psychopy.visual.text.TextStim'>, alignHoriz=method-wrapper(...), alignText='center', alignVert=method-wrapper(...), anchorHoriz='center', anchorVert='center', antialias=True, autoDraw=False, autoLog=True, bold=False, color=array([1., 1., 1.]), colorSpace='rgb', contrast=1.0, depth=-1.0, draggable=False, flipHoriz=False, flipVert=False, font='Sans Sherif', fontFiles=[], height=0.025, italic=False, languageStyle='LTR', name='instruction_part3', opacity=1, ori=0.0, pos=array([0., 0.]), rgb=UNKNOWN, text='', units='height', win=Window(...), wrapWidth=1)
27.5134 	EXP 	Created instruction_part4 = TextStim(__class__=<class 'psychopy.visual.text.TextStim'>, alignHoriz=method-wrapper(...), alignText='center', alignVert=method-wrapper(...), anchorHoriz='center', anchorVert='center', antialias=True, autoDraw=False, autoLog=True, bold=False, color=array([1., 1., 1.]), colorSpace='rgb', contrast=1.0, depth=-1.0, draggable=False, flipHoriz=False, flipVert=False, font='Sans Sherif', fontFiles=[], height=0.025, italic=False, languageStyle='LTR', name='instruction_part4', opacity=1, ori=0.0, pos=array([0., 0.]), rgb=UNKNOWN, text='', units='height', win=Window(...), wrapWidth=1)
27.5205 	EXP 	Created image_prc = ImageStim(__class__=<class 'psychopy.visual.image.ImageStim'>, anchor=('center', 'center'), autoLog=True, color=array([1., 1., 1.]), colorSpace='rgb', contrast=1.0, depth=0.0, draggable=False, flipHoriz=False, flipVert=False, image='default.png', interpolate=True, mask=None, maskParams=None, name='image_prc', opacity=1, ori=0.0, pos=array([0., 0.]), size=array([0.2, 0.2]), texRes=128.0, units='height', win=Window(...))
27.7091 	INFO 	Loaded psychtoolbox audio version 3.0.19.696976569
28.0803 	WARNING 	No default speaker specified in Preferences / Hardware, using first speaker found: Lautsprecher (Realtek(R) Audio)
28.0804 	DEBUG 	Found speaker device: Lautsprecher (Realtek(R) Audio) (4.0)
28.6981 	INFO 	Created stream for speaker device: Lautsprecher (Realtek(R) Audio) (4.0)
28.7002 	EXP 	spoken_word_prc: sampleRate = 48000
28.7002 	EXP 	spoken_word_prc: channels = None
28.7149 	DEBUG 	Converted audio clip from mono to stereo
28.7275 	EXP 	Sound spoken_word_prc set volume 1.000
28.7402 	EXP 	Created fix_cross_prc = TextStim(__class__=<class 'psychopy.visual.text.TextStim'>, alignHoriz=method-wrapper(...), alignText='center', alignVert=method-wrapper(...), anchorHoriz='center', anchorVert='center', antialias=True, autoDraw=False, autoLog=True, bold=False, color=array([1., 1., 1.]), colorSpace='rgb', contrast=1.0, depth=-2.0, draggable=False, flipHoriz=False, flipVert=False, font='Sans Sherif', fontFiles=[], height=0.03, italic=False, languageStyle='LTR', name='fix_cross_prc', opacity=1, ori=0.0, pos=array([0., 0.]), rgb=UNKNOWN, text='+', units='height', win=Window(...), wrapWidth=1)
28.7433 	EXP 	Created fix_cross_2_prc = TextStim(__class__=<class 'psychopy.visual.text.TextStim'>, alignHoriz=method-wrapper(...), alignText='center', alignVert=method-wrapper(...), anchorHoriz='center', anchorVert='center', antialias=True, autoDraw=False, autoLog=True, bold=False, color=array([1., 1., 1.]), colorSpace='rgb', contrast=1.0, depth=0.0, draggable=False, flipHoriz=False, flipVert=False, font='Sans Sherif', fontFiles=[], height=0.03, italic=False, languageStyle='LTR', name='fix_cross_2_prc', opacity=1, ori=0.0, pos=array([0., 0.]), rgb=UNKNOWN, text='+', units='height', win=Window(...), wrapWidth=1)
28.7447 	EXP 	Created instruction_startexp = TextStim(__class__=<class 'psychopy.visual.text.TextStim'>, alignHoriz=method-wrapper(...), alignText='center', alignVert=method-wrapper(...), anchorHoriz='center', anchorVert='center', antialias=True, autoDraw=False, autoLog=True, bold=False, color=array([1., 1., 1.]), colorSpace='rgb', contrast=1.0, depth=-1.0, draggable=False, flipHoriz=False, flipVert=False, font='Sans Sherif', fontFiles=[], height=0.025, italic=False, languageStyle='LTR', name='instruction_startexp', opacity=1, ori=0.0, pos=array([0., 0.]), rgb=UNKNOWN, text='', units='height', win=Window(...), wrapWidth=1)
28.7458 	EXP 	Created instruction_startexp_2 = TextStim(__class__=<class 'psychopy.visual.text.TextStim'>, alignHoriz=method-wrapper(...), alignText='center', alignVert=method-wrapper(...), anchorHoriz='center', anchorVert='center', antialias=True, autoDraw=False, autoLog=True, bold=False, color=array([1., 1., 1.]), colorSpace='rgb', contrast=1.0, depth=-1.0, draggable=False, flipHoriz=False, flipVert=False, font='Sans Sherif', fontFiles=[], height=0.025, italic=False, languageStyle='LTR', name='instruction_startexp_2', opacity=1, ori=0.0, pos=array([0., 0.]), rgb=UNKNOWN, text='', units='height', win=Window(...), wrapWidth=1)
28.7511 	EXP 	Created image = ImageStim(__class__=<class 'psychopy.visual.image.ImageStim'>, anchor=('center', 'center'), autoLog=True, color=array([1., 1., 1.]), colorSpace='rgb', contrast=1.0, depth=-3.0, draggable=False, flipHoriz=False, flipVert=False, image='default.png', interpolate=True, mask=None, maskParams=None, name='image', opacity=1, ori=0.0, pos=array([0., 0.]), size=array([0.2, 0.2]), texRes=128.0, units='height', win=Window(...))
28.7884 	WARNING 	No default speaker specified in Preferences / Hardware, using first speaker found: Lautsprecher (Realtek(R) Audio)
28.7885 	DEBUG 	Found speaker device: Lautsprecher (Realtek(R) Audio) (4.0)
28.8061 	INFO 	Created stream for speaker device: Lautsprecher (Realtek(R) Audio) (4.0)
28.8092 	EXP 	spoken_word: sampleRate = 48000
28.8092 	EXP 	spoken_word: channels = None
28.8206 	DEBUG 	Converted audio clip from mono to stereo
28.8269 	EXP 	Sound spoken_word set volume 1.000
28.8297 	EXP 	Created fix_cross = TextStim(__class__=<class 'psychopy.visual.text.TextStim'>, alignHoriz=method-wrapper(...), alignText='center', alignVert=method-wrapper(...), anchorHoriz='center', anchorVert='center', antialias=True, autoDraw=False, autoLog=True, bold=False, color=array([1., 1., 1.]), colorSpace='rgb', contrast=1.0, depth=-4.0, draggable=False, flipHoriz=False, flipVert=False, font='Sans Sherif', fontFiles=[], height=0.03, italic=False, languageStyle='LTR', name='fix_cross', opacity=1, ori=0.0, pos=array([0., 0.]), rgb=UNKNOWN, text='+', units='height', win=Window(...), wrapWidth=1)
28.8314 	EXP 	Created fix_cross_2 = TextStim(__class__=<class 'psychopy.visual.text.TextStim'>, alignHoriz=method-wrapper(...), alignText='center', alignVert=method-wrapper(...), anchorHoriz='center', anchorVert='center', antialias=True, autoDraw=False, autoLog=True, bold=False, color=array([1., 1., 1.]), colorSpace='rgb', contrast=1.0, depth=-3.0, draggable=False, flipHoriz=False, flipVert=False, font='Sans Sherif', fontFiles=[], height=0.03, italic=False, languageStyle='LTR', name='fix_cross_2', opacity=1, ori=0.0, pos=array([0., 0.]), rgb=UNKNOWN, text='+', units='height', win=Window(...), wrapWidth=1)
28.8325 	EXP 	Created breaks_instruction = TextStim(__class__=<class 'psychopy.visual.text.TextStim'>, alignHoriz=method-wrapper(...), alignText='center', alignVert=method-wrapper(...), anchorHoriz='center', anchorVert='center', antialias=True, autoDraw=False, autoLog=True, bold=False, color=array([1., 1., 1.]), colorSpace='rgb', contrast=1.0, depth=-3.0, draggable=False, flipHoriz=False, flipVert=False, font='Sans Sherif', fontFiles=[], height=0.025, italic=False, languageStyle='LTR', name='breaks_instruction', opacity=1, ori=0.0, pos=array([0., 0.]), rgb=UNKNOWN, text='', units='height', win=Window(...), wrapWidth=1)
28.8391 	EXP 	Created progress_bar_breaks = Progress(__class__=<class 'psychopy.visual.progress.Progress'>, anchor=('left', 'center'), autoDraw=False, autoLog=True, closeShape=True, color=method-wrapper(...), colorSpace='rgb', contrast=None, depth=-6, draggable=False, fillColor=array([0, 0, 0]), fillColorSpace='rgb', fillRGB=array([0, 0, 0]), interpolate=True, lineColor=array([1., 1., 1.]), lineColorSpace='rgb', lineRGB=array([1, 1, 1]), lineWidth=4.0, name='progress_bar_breaks', opacity=1.0, ori=0.0, pos=array([-0.2 , -0.07]), size=array([0.4  , 0.015]), units='height', vertices=ndarray(...), win=Window(...), windingRule=None)
28.8410 	EXP 	Created progress_bar_breaksBar = ShapeStim(__class__=<class 'psychopy.visual.shape.ShapeStim'>, anchor=('left', 'center'), autoDraw=False, autoLog=True, closeShape=True, color=method-wrapper(...), colorSpace='rgb', contrast=None, depth=-6, draggable=False, fillColor=array([1, 1, 1]), fillColorSpace='rgb', fillRGB=array([1, 1, 1]), interpolate=True, lineColor=array([0., 0., 0.]), lineColorSpace='rgb', lineRGB=array([0, 0, 0]), lineWidth=1.5, name='progress_bar_breaksBar', opacity=1.0, ori=0.0, pos=array([-0.2 , -0.07]), size=array([0.4  , 0.015]), units='height', vertices=ndarray(...), win=Window(...), windingRule=None)
28.8425 	EXP 	Created instruction_continuebreak = TextStim(__class__=<class 'psychopy.visual.text.TextStim'>, alignHoriz=method-wrapper(...), alignText='center', alignVert=method-wrapper(...), anchorHoriz='center', anchorVert='center', antialias=True, autoDraw=False, autoLog=True, bold=False, color=array([1., 1., 1.]), colorSpace='rgb', contrast=1.0, depth=-8.0, draggable=False, flipHoriz=False, flipVert=False, font='Sans Sherif', fontFiles=[], height=0.025, italic=False, languageStyle='LTR', name='instruction_continuebreak', opacity=1, ori=0.0, pos=array([0., 0.]), rgb=UNKNOWN, text='', units='height', win=Window(...), wrapWidth=1)
28.8438 	EXP 	Created instruction_end = TextStim(__class__=<class 'psychopy.visual.text.TextStim'>, alignHoriz=method-wrapper(...), alignText='center', alignVert=method-wrapper(...), anchorHoriz='center', anchorVert='center', antialias=True, autoDraw=False, autoLog=True, bold=False, color=array([1., 1., 1.]), colorSpace='rgb', contrast=1.0, depth=-2.0, draggable=False, flipHoriz=False, flipVert=False, font='Sans Sherif', fontFiles=[], height=0.025, italic=False, languageStyle='LTR', name='instruction_end', opacity=1, ori=0.0, pos=array([0., 0.]), rgb=UNKNOWN, text='', units='height', win=Window(...), wrapWidth=1)
2026-08-06_17:10:42.704320 	EXP 	progress_bar_breaks: direction = 'horizontal'
2026-08-06_17:10:42.704320 	EXP 	progress_bar_breaks: progress = 0.0
2026-08-06_17:10:42.752801 	EXP 	instruction_part1: height = 0.025
2026-08-06_17:10:42.752801 	EXP 	instruction_part1: height = 0.025
2026-08-06_17:10:42.752801 	EXP 	instruction_part1: height = 0.025
2026-08-06_17:10:42.752801 	EXP 	instruction_part1: text = 'Willkommen zum ersten Teil des Experiments.\nIn diesem Teil sehen Sie verschiedene Bilder\nund hören Wörter.\nIhre Aufgabe ist es zu entscheiden, ob die Wörter\ndie Dinge beschreiben, die Sie auf den Bildern sehen.\n\n[Drücken Sie eine beliebige Taste, um fortzufahren.]'
2026-08-06_17:10:42.752801 	EXP 	instruction_part1: autoDraw = True
2026-08-06_17:10:43.222523 	INFO 	Keyboard events cleared
2026-08-06_17:10:47.176177 	DATA 	Mouse: Left button down, pos=(510,271)
2026-08-06_17:10:47.329127 	DATA 	Mouse:  Left button up, pos=(510,271)
2026-08-06_17:10:48.230603 	EXP 	Device response: <KeyPress from None: t=5.433221699990099, value=r, duration=None>
2026-08-06_17:10:48.231471 	DATA 	Keypress: r
2026-08-06_17:10:48.255759 	EXP 	Device response: <KeyPress from None: t=5.433221699990099, value=r, duration=0.11373219999950379>
2026-08-06_17:10:48.270797 	EXP 	instruction_part1: autoDraw = False
2026-08-06_17:10:48.270797 	EXP 	instruction_part2: height = 0.025
2026-08-06_17:10:48.270797 	EXP 	instruction_part2: height = 0.025
2026-08-06_17:10:48.270797 	EXP 	instruction_part2: height = 0.025
2026-08-06_17:10:48.270797 	EXP 	instruction_part2: text = 'Sie sehen zuerst ein Bild.\nDanach hören Sie ein gesprochenes Wort.\nEntscheiden Sie, ob das Wort zu dem Bild passt oder nicht.\n\n[Drücken Sie eine beliebige Taste, um fortzufahren.]'
2026-08-06_17:10:48.270797 	EXP 	instruction_part2: autoDraw = True
2026-08-06_17:10:48.772864 	INFO 	Keyboard events cleared
2026-08-06_17:10:49.074396 	EXP 	Device response: <KeyPress from None: t=6.364721099991584, value=r, duration=None>
2026-08-06_17:10:49.075493 	DATA 	Keypress: r
2026-08-06_17:10:49.240931 	EXP 	Device response: <KeyPress from None: t=6.364721099991584, value=r, duration=0.17033429999719374>
2026-08-06_17:10:49.269498 	EXP 	instruction_part2: autoDraw = False
2026-08-06_17:10:49.269498 	EXP 	instruction_part3: height = 0.025
2026-08-06_17:10:49.269498 	EXP 	instruction_part3: height = 0.025
2026-08-06_17:10:49.269498 	EXP 	instruction_part3: height = 0.025
2026-08-06_17:10:49.269498 	EXP 	instruction_part3: text = 'Wenn das Wort nicht zu dem Bild passt, reagieren Sie bitte sofort.\nDrücken Sie die obere Taste (rot), wenn das Wort\nnicht zu dem Bild passt, das Sie gerade gesehen haben.\n\nWenn das Wort zu dem Bild passt, drücken Sie keine Taste.\n\nDas Fixationskreuz verändert kurz seine Farbe,\num anzuzeigen, ob Ihre Antwort richtig war.\n\n[Drücken Sie eine beliebige Taste, um fortzufahren.]'
2026-08-06_17:10:49.269498 	EXP 	instruction_part3: autoDraw = True
2026-08-06_17:10:49.753306 	INFO 	Keyboard events cleared
2026-08-06_17:10:50.089205 	EXP 	Device response: <KeyPress from None: t=7.3933292999863625, value=r, duration=None>
2026-08-06_17:10:50.089746 	DATA 	Keypress: r
2026-08-06_17:10:50.255455 	EXP 	Device response: <KeyPress from None: t=7.3933292999863625, value=r, duration=0.16080080000392627>
2026-08-06_17:10:50.284637 	EXP 	instruction_part3: autoDraw = False
2026-08-06_17:10:50.284637 	EXP 	instruction_part4: height = 0.025
2026-08-06_17:10:50.284637 	EXP 	instruction_part4: height = 0.025
2026-08-06_17:10:50.284637 	EXP 	instruction_part4: height = 0.025
2026-08-06_17:10:50.284637 	EXP 	instruction_part4: text = 'Bitte antworten Sie so schnell und genau wie möglich.\nWir beginnen nun mit einigen Übungsdurchgängen.\nNutzen Sie die obere Taste (rot) für Nicht-Übereinstimmungen.\n\n[Drücken Sie eine beliebige Taste, um fortzufahren.]'
2026-08-06_17:10:50.284637 	EXP 	instruction_part4: autoDraw = True
2026-08-06_17:10:50.555719 	EXP 	Device response: <KeyPress from None: t=7.850169399986044, value=r, duration=None>
2026-08-06_17:10:50.556648 	DATA 	Keypress: r
2026-08-06_17:10:50.706058 	EXP 	Device response: <KeyPress from None: t=7.850169399986044, value=r, duration=0.15632770000956953>
2026-08-06_17:10:50.769639 	INFO 	Keyboard events cleared
2026-08-06_17:10:50.875140 	EXP 	Device response: <KeyPress from None: t=8.166610499989474, value=r, duration=None>
2026-08-06_17:10:50.875846 	DATA 	Keypress: r
2026-08-06_17:10:51.222593 	EXP 	Device response: <KeyPress from None: t=8.166610499989474, value=r, duration=0.3485906999994768>
2026-08-06_17:10:51.230474 	DEBUG 	Read excel file with openpyxl: sequences/localiser_trials_prc.xlsx
2026-08-06_17:10:51.232224 	EXP 	Imported sequences/localiser_trials_prc.xlsx as conditions, 11 conditions, 8 params
2026-08-06_17:10:51.232673 	EXP 	New trial (rep=0, index=0): <Trial 0 (0 in rep 0) data={'image_shown': 'anchor.jpg', 'word_shown_german': 'Anker', 'word_shown_french': 'ancre', 'word_shown_english': 'anchor', 'ITI_length': 0.75, 'correct_response': 'y', 'match_idx': 1, 'nonmatch_pres_side': 'right', 'thisN': 0, 'thisTrialN': 0, 'thisRepN': 0}>
2026-08-06_17:10:51.319616 	EXP 	instruction_part4: autoDraw = False
2026-08-06_17:10:51.319616 	EXP 	image_prc: image = 'stimuli\\practice_images\\anchor.jpg'
2026-08-06_17:10:51.319616 	EXP 	image_prc: autoDraw = True
2026-08-06_17:10:51.471829 	EXP 	Device response: <KeyPress from None: t=8.767805399998906, value=r, duration=None>
2026-08-06_17:10:51.472183 	DATA 	Keypress: r
2026-08-06_17:10:51.605250 	EXP 	Device response: <KeyPress from None: t=8.767805399998906, value=r, duration=0.13376969999808352>
2026-08-06_17:10:52.058504 	EXP 	spoken_word_prc: sampleRate = 44100
2026-08-06_17:10:52.062904 	INFO 	Resampled audio from 44100Hz to 48000Hz using method 'default'.
2026-08-06_17:10:52.062932 	DEBUG 	Converted audio clip from mono to stereo
2026-08-06_17:10:52.064046 	EXP 	Sound spoken_word_prc reached end of file
9.3764 	EXP 	Playing sound spoken_word_prc on speaker Lautsprecher (Realtek(R) Audio)
2026-08-06_17:10:52.084888 	INFO 	Keyboard events cleared
2026-08-06_17:10:52.084760 	EXP 	image_prc: autoDraw = False
2026-08-06_17:10:52.084760 	EXP 	image_prc: autoDraw = False
2026-08-06_17:10:52.084760 	EXP 	fix_cross_prc: foreColor = <psychopy.colors.Color: white, alpha=1.0>
2026-08-06_17:10:52.084760 	EXP 	fix_cross_prc: autoDraw = True
2026-08-06_17:10:52.607223 	EXP 	Sound spoken_word_prc reached end of file
2026-08-06_17:10:52.624940 	EXP 	Sound spoken_word_prc reached end of file
2026-08-06_17:10:53.584877 	EXP 	fix_cross_prc: autoDraw = True
2026-08-06_17:10:53.584877 	EXP 	fix_cross_prc: autoDraw = False
2026-08-06_17:10:53.584877 	EXP 	fix_cross_2_prc: autoDraw = True
2026-08-06_17:10:54.322586 	EXP 	New trial (rep=0, index=1): <Trial 1 (1 in rep 0) data={'image_shown': 'ant.jpg', 'word_shown_german': 'Ameise', 'word_shown_french': 'fourmi', 'word_shown_english': 'ant', 'ITI_length': 0.89, 'correct_response': 'r', 'match_idx': 1, 'nonmatch_pres_side': 'left', 'thisN': 1, 'thisTrialN': 1, 'thisRepN': 0}>
2026-08-06_17:10:54.387832 	EXP 	fix_cross_2_prc: autoDraw = False
2026-08-06_17:10:54.387832 	EXP 	fix_cross_2_prc: autoDraw = False
2026-08-06_17:10:54.387832 	EXP 	image_prc: image = 'stimuli\\practice_images\\ant.jpg'
2026-08-06_17:10:54.387832 	EXP 	image_prc: autoDraw = True
2026-08-06_17:10:55.141248 	EXP 	spoken_word_prc: sampleRate = 44100
2026-08-06_17:10:55.151165 	INFO 	Resampled audio from 44100Hz to 48000Hz using method 'default'.
2026-08-06_17:10:55.151248 	DEBUG 	Converted audio clip from mono to stereo
2026-08-06_17:10:55.152385 	EXP 	Sound spoken_word_prc reached end of file
12.4592 	EXP 	Playing sound spoken_word_prc on speaker Lautsprecher (Realtek(R) Audio)
2026-08-06_17:10:55.167711 	INFO 	Keyboard events cleared
2026-08-06_17:10:55.167484 	EXP 	image_prc: autoDraw = False
2026-08-06_17:10:55.167484 	EXP 	image_prc: autoDraw = False
2026-08-06_17:10:55.167484 	EXP 	fix_cross_prc: foreColor = <psychopy.colors.Color: white, alpha=1.0>
2026-08-06_17:10:55.167484 	EXP 	fix_cross_prc: autoDraw = True
2026-08-06_17:10:55.865860 	EXP 	Sound spoken_word_prc reached end of file
2026-08-06_17:10:55.887940 	EXP 	Sound spoken_word_prc reached end of file
2026-08-06_17:10:56.667804 	EXP 	fix_cross_prc: autoDraw = True
2026-08-06_17:10:56.667804 	EXP 	fix_cross_prc: autoDraw = False
2026-08-06_17:10:56.667804 	EXP 	fix_cross_2_prc: autoDraw = True
2026-08-06_17:10:57.552808 	EXP 	New trial (rep=0, index=2): <Trial 2 (2 in rep 0) data={'image_shown': 'axe.jpg', 'word_shown_german': 'Pferd', 'word_shown_french': 'cheval', 'word_shown_english': 'horse', 'ITI_length': 0.85, 'correct_response': 'y', 'match_idx': 0, 'nonmatch_pres_side': 'left', 'thisN': 2, 'thisTrialN': 2, 'thisRepN': 0}>
2026-08-06_17:10:57.603835 	EXP 	fix_cross_2_prc: autoDraw = False
2026-08-06_17:10:57.603835 	EXP 	fix_cross_2_prc: autoDraw = False
2026-08-06_17:10:57.603835 	EXP 	image_prc: image = 'stimuli\\practice_images\\axe.jpg'
2026-08-06_17:10:57.603835 	EXP 	image_prc: autoDraw = True
2026-08-06_17:10:58.352988 	EXP 	spoken_word_prc: sampleRate = 44100
2026-08-06_17:10:58.355560 	INFO 	Resampled audio from 44100Hz to 48000Hz using method 'default'.
2026-08-06_17:10:58.355578 	DEBUG 	Converted audio clip from mono to stereo
2026-08-06_17:10:58.356036 	EXP 	Sound spoken_word_prc reached end of file
15.6730 	EXP 	Playing sound spoken_word_prc on speaker Lautsprecher (Realtek(R) Audio)
2026-08-06_17:10:58.366830 	INFO 	Keyboard events cleared
2026-08-06_17:10:58.366751 	EXP 	image_prc: autoDraw = False
2026-08-06_17:10:58.366751 	EXP 	image_prc: autoDraw = False
2026-08-06_17:10:58.366751 	EXP 	fix_cross_prc: foreColor = <psychopy.colors.Color: white, alpha=1.0>
2026-08-06_17:10:58.366751 	EXP 	fix_cross_prc: autoDraw = True
2026-08-06_17:10:58.901265 	EXP 	Sound spoken_word_prc reached end of file
2026-08-06_17:10:58.918593 	EXP 	Sound spoken_word_prc reached end of file
2026-08-06_17:10:59.069226 	EXP 	Device response: <KeyPress from None: t=16.374715999991167, value=r, duration=None>
2026-08-06_17:10:59.070192 	DATA 	Keypress: r
2026-08-06_17:10:59.234815 	EXP 	Device response: <KeyPress from None: t=16.374715999991167, value=r, duration=0.16196660000423435>
2026-08-06_17:10:59.249508 	EXP 	fix_cross_prc: foreColor = <psychopy.colors.Color: green, alpha=1.0>
2026-08-06_17:10:59.465936 	EXP 	fix_cross_prc: autoDraw = False
2026-08-06_17:10:59.465936 	EXP 	fix_cross_2_prc: autoDraw = True
2026-08-06_17:11:00.301742 	EXP 	New trial (rep=0, index=3): <Trial 3 (3 in rep 0) data={'image_shown': 'bus.jpg', 'word_shown_german': 'Bus', 'word_shown_french': 'bus', 'word_shown_english': 'bus', 'ITI_length': 1.01, 'correct_response': 'y', 'match_idx': 1, 'nonmatch_pres_side': 'right', 'thisN': 3, 'thisTrialN': 3, 'thisRepN': 0}>
2026-08-06_17:11:00.352245 	EXP 	fix_cross_2_prc: autoDraw = False
2026-08-06_17:11:00.352245 	EXP 	fix_cross_2_prc: autoDraw = False
2026-08-06_17:11:00.352245 	EXP 	image_prc: image = 'stimuli\\practice_images\\bus.jpg'
2026-08-06_17:11:00.352245 	EXP 	image_prc: autoDraw = True
2026-08-06_17:11:01.101907 	EXP 	spoken_word_prc: sampleRate = 44100
2026-08-06_17:11:01.104930 	INFO 	Resampled audio from 44100Hz to 48000Hz using method 'default'.
2026-08-06_17:11:01.104947 	DEBUG 	Converted audio clip from mono to stereo
2026-08-06_17:11:01.105386 	EXP 	Sound spoken_word_prc reached end of file
18.4221 	EXP 	Playing sound spoken_word_prc on speaker Lautsprecher (Realtek(R) Audio)
2026-08-06_17:11:01.115711 	INFO 	Keyboard events cleared
2026-08-06_17:11:01.115636 	EXP 	image_prc: autoDraw = False
2026-08-06_17:11:01.115636 	EXP 	image_prc: autoDraw = False
2026-08-06_17:11:01.115636 	EXP 	fix_cross_prc: foreColor = <psychopy.colors.Color: white, alpha=1.0>
2026-08-06_17:11:01.115636 	EXP 	fix_cross_prc: autoDraw = True
2026-08-06_17:11:01.581528 	EXP 	Sound spoken_word_prc reached end of file
2026-08-06_17:11:01.599917 	EXP 	Sound spoken_word_prc reached end of file
2026-08-06_17:11:02.200623 	EXP 	Device response: <KeyPress from None: t=19.502640799997607, value=r, duration=None>
2026-08-06_17:11:02.201058 	DATA 	Keypress: r
2026-08-06_17:11:02.384479 	EXP 	Device response: <KeyPress from None: t=19.502640799997607, value=r, duration=0.17733199999202043>
2026-08-06_17:11:02.398540 	EXP 	fix_cross_prc: foreColor = <psychopy.colors.Color: red, alpha=1.0>
2026-08-06_17:11:02.598850 	EXP 	fix_cross_prc: autoDraw = False
2026-08-06_17:11:02.598850 	EXP 	fix_cross_2_prc: autoDraw = True
2026-08-06_17:11:03.600281 	EXP 	New trial (rep=0, index=4): <Trial 4 (4 in rep 0) data={'image_shown': 'ball.jpg', 'word_shown_german': 'Gesicht', 'word_shown_french': 'visage', 'word_shown_english': 'face', 'ITI_length': 1.04, 'correct_response': 'r', 'match_idx': 0, 'nonmatch_pres_side': 'right', 'thisN': 4, 'thisTrialN': 4, 'thisRepN': 0}>
2026-08-06_17:11:03.651047 	EXP 	fix_cross_2_prc: autoDraw = False
2026-08-06_17:11:03.651047 	EXP 	fix_cross_2_prc: autoDraw = False
2026-08-06_17:11:03.651047 	EXP 	image_prc: image = 'stimuli\\practice_images\\ball.jpg'
2026-08-06_17:11:03.651047 	EXP 	image_prc: autoDraw = True
2026-08-06_17:11:04.401688 	EXP 	spoken_word_prc: sampleRate = 44100
2026-08-06_17:11:04.403838 	INFO 	Resampled audio from 44100Hz to 48000Hz using method 'default'.
2026-08-06_17:11:04.403855 	DEBUG 	Converted audio clip from mono to stereo
2026-08-06_17:11:04.404344 	EXP 	Sound spoken_word_prc reached end of file
21.7217 	EXP 	Playing sound spoken_word_prc on speaker Lautsprecher (Realtek(R) Audio)
2026-08-06_17:11:04.414893 	INFO 	Keyboard events cleared
2026-08-06_17:11:04.414799 	EXP 	image_prc: autoDraw = False
2026-08-06_17:11:04.414799 	EXP 	image_prc: autoDraw = False
2026-08-06_17:11:04.414799 	EXP 	fix_cross_prc: foreColor = <psychopy.colors.Color: white, alpha=1.0>
2026-08-06_17:11:04.414799 	EXP 	fix_cross_prc: autoDraw = True
2026-08-06_17:11:05.022926 	EXP 	Sound spoken_word_prc reached end of file
2026-08-06_17:11:05.036060 	EXP 	Sound spoken_word_prc reached end of file
2026-08-06_17:11:05.400173 	EXP 	Device response: <KeyPress from None: t=22.698347699988517, value=r, duration=None>
2026-08-06_17:11:05.400656 	DATA 	Keypress: r
2026-08-06_17:11:05.567008 	EXP 	Device response: <KeyPress from None: t=22.698347699988517, value=r, duration=0.1723377000016626>
2026-08-06_17:11:05.580985 	EXP 	fix_cross_prc: foreColor = <psychopy.colors.Color: green, alpha=1.0>
2026-08-06_17:11:05.797576 	EXP 	fix_cross_prc: autoDraw = False
2026-08-06_17:11:05.797576 	EXP 	fix_cross_2_prc: autoDraw = True
2026-08-06_17:11:06.833354 	EXP 	New trial (rep=0, index=5): <Trial 5 (5 in rep 0) data={'image_shown': 'banana.jpg', 'word_shown_german': 'Banane', 'word_shown_french': 'banane', 'word_shown_english': 'banana', 'ITI_length': 0.99, 'correct_response': 'y', 'match_idx': 1, 'nonmatch_pres_side': 'right', 'thisN': 5, 'thisTrialN': 5, 'thisRepN': 0}>
2026-08-06_17:11:06.884100 	EXP 	fix_cross_2_prc: autoDraw = False
2026-08-06_17:11:06.884100 	EXP 	fix_cross_2_prc: autoDraw = False
2026-08-06_17:11:06.884100 	EXP 	image_prc: image = 'stimuli\\practice_images\\banana.jpg'
2026-08-06_17:11:06.884100 	EXP 	image_prc: autoDraw = True
2026-08-06_17:11:07.635458 	EXP 	spoken_word_prc: sampleRate = 44100
2026-08-06_17:11:07.642463 	INFO 	Resampled audio from 44100Hz to 48000Hz using method 'default'.
2026-08-06_17:11:07.642504 	DEBUG 	Converted audio clip from mono to stereo
2026-08-06_17:11:07.643427 	EXP 	Sound spoken_word_prc reached end of file
24.9542 	EXP 	Playing sound spoken_word_prc on speaker Lautsprecher (Realtek(R) Audio)
2026-08-06_17:11:07.663692 	INFO 	Keyboard events cleared
2026-08-06_17:11:07.663569 	EXP 	image_prc: autoDraw = False
2026-08-06_17:11:07.663569 	EXP 	image_prc: autoDraw = False
2026-08-06_17:11:07.663569 	EXP 	fix_cross_prc: foreColor = <psychopy.colors.Color: white, alpha=1.0>
2026-08-06_17:11:07.663569 	EXP 	fix_cross_prc: autoDraw = True
2026-08-06_17:11:08.284083 	EXP 	Sound spoken_word_prc reached end of file
2026-08-06_17:11:08.298529 	EXP 	Sound spoken_word_prc reached end of file
2026-08-06_17:11:09.163216 	EXP 	fix_cross_prc: autoDraw = True
2026-08-06_17:11:09.163216 	EXP 	fix_cross_prc: autoDraw = False
2026-08-06_17:11:09.163216 	EXP 	fix_cross_2_prc: autoDraw = True
2026-08-06_17:11:10.148710 	EXP 	New trial (rep=0, index=6): <Trial 6 (6 in rep 0) data={'image_shown': 'glasses.jpg', 'word_shown_german': 'Brille', 'word_shown_french': 'lunettes', 'word_shown_english': 'glasses', 'ITI_length': 0.79, 'correct_response': 'r', 'match_idx': 1, 'nonmatch_pres_side': 'left', 'thisN': 6, 'thisTrialN': 6, 'thisRepN': 0}>
2026-08-06_17:11:10.198947 	EXP 	fix_cross_2_prc: autoDraw = False
2026-08-06_17:11:10.198947 	EXP 	fix_cross_2_prc: autoDraw = False
2026-08-06_17:11:10.198947 	EXP 	image_prc: image = 'stimuli\\practice_images\\glasses.jpg'
2026-08-06_17:11:10.198947 	EXP 	image_prc: autoDraw = True
2026-08-06_17:11:10.948943 	EXP 	spoken_word_prc: sampleRate = 44100
2026-08-06_17:11:10.952038 	INFO 	Resampled audio from 44100Hz to 48000Hz using method 'default'.
2026-08-06_17:11:10.952055 	DEBUG 	Converted audio clip from mono to stereo
2026-08-06_17:11:10.952512 	EXP 	Sound spoken_word_prc reached end of file
28.2691 	EXP 	Playing sound spoken_word_prc on speaker Lautsprecher (Realtek(R) Audio)
2026-08-06_17:11:10.962543 	INFO 	Keyboard events cleared
2026-08-06_17:11:10.962443 	EXP 	image_prc: autoDraw = False
2026-08-06_17:11:10.962443 	EXP 	image_prc: autoDraw = False
2026-08-06_17:11:10.962443 	EXP 	fix_cross_prc: foreColor = <psychopy.colors.Color: white, alpha=1.0>
2026-08-06_17:11:10.962443 	EXP 	fix_cross_prc: autoDraw = True
2026-08-06_17:11:11.448941 	EXP 	Sound spoken_word_prc reached end of file
2026-08-06_17:11:11.464015 	EXP 	Sound spoken_word_prc reached end of file
2026-08-06_17:11:11.581089 	EXP 	Device response: <KeyPress from None: t=28.878101999987848, value=r, duration=None>
2026-08-06_17:11:11.581533 	DATA 	Keypress: r
2026-08-06_17:11:11.780917 	EXP 	Device response: <KeyPress from None: t=28.878101999987848, value=r, duration=0.20690830000967253>
2026-08-06_17:11:11.795501 	EXP 	fix_cross_prc: foreColor = <psychopy.colors.Color: red, alpha=1.0>
2026-08-06_17:11:12.012097 	EXP 	fix_cross_prc: autoDraw = False
2026-08-06_17:11:12.012097 	EXP 	fix_cross_2_prc: autoDraw = True
2026-08-06_17:11:12.797387 	EXP 	New trial (rep=0, index=7): <Trial 7 (7 in rep 0) data={'image_shown': 'basket.jpg', 'word_shown_german': 'Korb', 'word_shown_french': 'panier', 'word_shown_english': 'basket', 'ITI_length': 0.77, 'correct_response': 'y', 'match_idx': 1, 'nonmatch_pres_side': 'right', 'thisN': 7, 'thisTrialN': 7, 'thisRepN': 0}>
2026-08-06_17:11:12.848140 	EXP 	fix_cross_2_prc: autoDraw = False
2026-08-06_17:11:12.848140 	EXP 	fix_cross_2_prc: autoDraw = False
2026-08-06_17:11:12.848140 	EXP 	image_prc: image = 'stimuli\\practice_images\\basket.jpg'
2026-08-06_17:11:12.848140 	EXP 	image_prc: autoDraw = True
2026-08-06_17:11:13.599535 	EXP 	spoken_word_prc: sampleRate = 44100
2026-08-06_17:11:13.602098 	INFO 	Resampled audio from 44100Hz to 48000Hz using method 'default'.
2026-08-06_17:11:13.602121 	DEBUG 	Converted audio clip from mono to stereo
2026-08-06_17:11:13.602676 	EXP 	Sound spoken_word_prc reached end of file
30.9186 	EXP 	Playing sound spoken_word_prc on speaker Lautsprecher (Realtek(R) Audio)
2026-08-06_17:11:13.612202 	INFO 	Keyboard events cleared
2026-08-06_17:11:13.612092 	EXP 	image_prc: autoDraw = False
2026-08-06_17:11:13.612092 	EXP 	image_prc: autoDraw = False
2026-08-06_17:11:13.612092 	EXP 	fix_cross_prc: foreColor = <psychopy.colors.Color: white, alpha=1.0>
2026-08-06_17:11:13.612092 	EXP 	fix_cross_prc: autoDraw = True
2026-08-06_17:11:14.072863 	EXP 	Sound spoken_word_prc reached end of file
2026-08-06_17:11:14.096945 	EXP 	Sound spoken_word_prc reached end of file
2026-08-06_17:11:14.463266 	EXP 	Device response: <KeyPress from None: t=31.76674719998846, value=r, duration=None>
2026-08-06_17:11:14.463683 	DATA 	Keypress: r
2026-08-06_17:11:14.613407 	EXP 	Device response: <KeyPress from None: t=31.76674719998846, value=r, duration=0.1418151000107173>
2026-08-06_17:11:14.627929 	EXP 	fix_cross_prc: foreColor = <psychopy.colors.Color: red, alpha=1.0>
2026-08-06_17:11:14.828196 	EXP 	fix_cross_prc: autoDraw = False
2026-08-06_17:11:14.828196 	EXP 	fix_cross_2_prc: autoDraw = True
2026-08-06_17:11:15.596396 	EXP 	New trial (rep=0, index=8): <Trial 8 (8 in rep 0) data={'image_shown': 'bear.jpg', 'word_shown_german': 'Milch', 'word_shown_french': 'lait', 'word_shown_english': 'milk', 'ITI_length': 1.23, 'correct_response': 'r', 'match_idx': 0, 'nonmatch_pres_side': 'right', 'thisN': 8, 'thisTrialN': 8, 'thisRepN': 0}>
2026-08-06_17:11:15.647189 	EXP 	fix_cross_2_prc: autoDraw = False
2026-08-06_17:11:15.647189 	EXP 	fix_cross_2_prc: autoDraw = False
2026-08-06_17:11:15.647189 	EXP 	image_prc: image = 'stimuli\\practice_images\\bear.jpg'
2026-08-06_17:11:15.647189 	EXP 	image_prc: autoDraw = True
2026-08-06_17:11:16.397110 	EXP 	spoken_word_prc: sampleRate = 44100
2026-08-06_17:11:16.399774 	INFO 	Resampled audio from 44100Hz to 48000Hz using method 'default'.
2026-08-06_17:11:16.399794 	DEBUG 	Converted audio clip from mono to stereo
2026-08-06_17:11:16.400282 	EXP 	Sound spoken_word_prc reached end of file
33.7172 	EXP 	Playing sound spoken_word_prc on speaker Lautsprecher (Realtek(R) Audio)
2026-08-06_17:11:16.410835 	INFO 	Keyboard events cleared
2026-08-06_17:11:16.410760 	EXP 	image_prc: autoDraw = False
2026-08-06_17:11:16.410760 	EXP 	image_prc: autoDraw = False
2026-08-06_17:11:16.410760 	EXP 	fix_cross_prc: foreColor = <psychopy.colors.Color: white, alpha=1.0>
2026-08-06_17:11:16.410760 	EXP 	fix_cross_prc: autoDraw = True
2026-08-06_17:11:16.946535 	EXP 	Sound spoken_word_prc reached end of file
2026-08-06_17:11:16.962414 	EXP 	Sound spoken_word_prc reached end of file
2026-08-06_17:11:17.463276 	EXP 	Device response: <KeyPress from None: t=34.759868299996015, value=r, duration=None>
2026-08-06_17:11:17.463797 	DATA 	Keypress: r
2026-08-06_17:11:17.596363 	EXP 	Device response: <KeyPress from None: t=34.759868299996015, value=r, duration=0.13383959999191575>
2026-08-06_17:11:17.610713 	EXP 	fix_cross_prc: foreColor = <psychopy.colors.Color: green, alpha=1.0>
2026-08-06_17:11:17.827071 	EXP 	fix_cross_prc: autoDraw = False
2026-08-06_17:11:17.827071 	EXP 	fix_cross_2_prc: autoDraw = True
2026-08-06_17:11:19.045376 	EXP 	New trial (rep=0, index=9): <Trial 9 (9 in rep 0) data={'image_shown': 'belt.jpg', 'word_shown_german': 'Gürtel', 'word_shown_french': 'ceinture', 'word_shown_english': 'belt', 'ITI_length': 1.1, 'correct_response': 'y', 'match_idx': 1, 'nonmatch_pres_side': 'left', 'thisN': 9, 'thisTrialN': 9, 'thisRepN': 0}>
2026-08-06_17:11:19.096219 	EXP 	fix_cross_2_prc: autoDraw = False
2026-08-06_17:11:19.096219 	EXP 	fix_cross_2_prc: autoDraw = False
2026-08-06_17:11:19.096219 	EXP 	image_prc: image = 'stimuli\\practice_images\\belt.jpg'
2026-08-06_17:11:19.096219 	EXP 	image_prc: autoDraw = True
2026-08-06_17:11:19.847744 	EXP 	spoken_word_prc: sampleRate = 48000
2026-08-06_17:11:19.848485 	DEBUG 	Converted audio clip from mono to stereo
2026-08-06_17:11:19.849213 	EXP 	Sound spoken_word_prc reached end of file
37.1668 	EXP 	Playing sound spoken_word_prc on speaker Lautsprecher (Realtek(R) Audio)
2026-08-06_17:11:19.860152 	INFO 	Keyboard events cleared
2026-08-06_17:11:19.860043 	EXP 	image_prc: autoDraw = False
2026-08-06_17:11:19.860043 	EXP 	image_prc: autoDraw = False
2026-08-06_17:11:19.860043 	EXP 	fix_cross_prc: foreColor = <psychopy.colors.Color: white, alpha=1.0>
2026-08-06_17:11:19.860043 	EXP 	fix_cross_prc: autoDraw = True
2026-08-06_17:11:20.419271 	EXP 	Sound spoken_word_prc reached end of file
2026-08-06_17:11:20.428669 	EXP 	Sound spoken_word_prc reached end of file
2026-08-06_17:11:20.678758 	EXP 	Device response: <KeyPress from None: t=37.98372729998664, value=r, duration=None>
2026-08-06_17:11:20.679247 	DATA 	Keypress: r
2026-08-06_17:11:20.845394 	EXP 	Device response: <KeyPress from None: t=37.98372729998664, value=r, duration=0.16622680000727996>
2026-08-06_17:11:20.860178 	EXP 	fix_cross_prc: foreColor = <psychopy.colors.Color: red, alpha=1.0>
2026-08-06_17:11:21.059790 	EXP 	fix_cross_prc: autoDraw = False
2026-08-06_17:11:21.059790 	EXP 	fix_cross_2_prc: autoDraw = True
2026-08-06_17:11:22.147768 	EXP 	New trial (rep=0, index=10): <Trial 10 (10 in rep 0) data={'image_shown': 'bike.jpg', 'word_shown_german': 'Fahrrad', 'word_shown_french': 'vélo', 'word_shown_english': 'bicycle', 'ITI_length': 1.25, 'correct_response': 'y', 'match_idx': 1, 'nonmatch_pres_side': 'left', 'thisN': 10, 'thisTrialN': 10, 'thisRepN': 0}>
2026-08-06_17:11:22.212598 	EXP 	fix_cross_2_prc: autoDraw = False
2026-08-06_17:11:22.212598 	EXP 	fix_cross_2_prc: autoDraw = False
2026-08-06_17:11:22.212598 	EXP 	image_prc: image = 'stimuli\\practice_images\\bike.jpg'
2026-08-06_17:11:22.212598 	EXP 	image_prc: autoDraw = True
2026-08-06_17:11:22.961910 	EXP 	spoken_word_prc: sampleRate = 48000
2026-08-06_17:11:22.962856 	DEBUG 	Converted audio clip from mono to stereo
2026-08-06_17:11:22.963386 	EXP 	Sound spoken_word_prc reached end of file
40.2821 	EXP 	Playing sound spoken_word_prc on speaker Lautsprecher (Realtek(R) Audio)
2026-08-06_17:11:22.975673 	INFO 	Keyboard events cleared
2026-08-06_17:11:22.975585 	EXP 	image_prc: autoDraw = False
2026-08-06_17:11:22.975585 	EXP 	image_prc: autoDraw = False
2026-08-06_17:11:22.975585 	EXP 	fix_cross_prc: foreColor = <psychopy.colors.Color: white, alpha=1.0>
2026-08-06_17:11:22.975585 	EXP 	fix_cross_prc: autoDraw = True
2026-08-06_17:11:23.654265 	EXP 	Sound spoken_word_prc reached end of file
2026-08-06_17:11:23.677293 	EXP 	Sound spoken_word_prc reached end of file
2026-08-06_17:11:24.491670 	EXP 	fix_cross_prc: autoDraw = True
2026-08-06_17:11:24.491670 	EXP 	fix_cross_prc: autoDraw = False
2026-08-06_17:11:24.491670 	EXP 	fix_cross_2_prc: autoDraw = True
2026-08-06_17:11:25.879937 	INFO 	saved data to C:\sync_folder\TSRlearn-task\psychopy_exp_files\data\2_TSRlearn_localizer-concepts_2026-08-06_17h10.20.646_trials_practice.csv
2026-08-06_17:11:25.906872 	EXP 	fix_cross_2_prc: autoDraw = False
2026-08-06_17:11:25.906872 	EXP 	fix_cross_2_prc: autoDraw = False
2026-08-06_17:11:25.906872 	EXP 	instruction_startexp: height = 0.025
2026-08-06_17:11:25.906872 	EXP 	instruction_startexp: height = 0.025
2026-08-06_17:11:25.906872 	EXP 	instruction_startexp: height = 0.025
2026-08-06_17:11:25.906872 	EXP 	instruction_startexp: text = 'Sie haben alle Übungsdurchgänge abgeschlossen.\n\nDie Hauptaufgabe beginnt jetzt.\n\nDrücken Sie immer die obere Taste (rot), wenn das Wort\nnicht zu dem vorherigen Bild passt.\n\n[Drücken Sie eine beliebige Taste, um weiterzumachen.]'
2026-08-06_17:11:25.906872 	EXP 	instruction_startexp: autoDraw = True
2026-08-06_17:11:26.241417 	INFO 	Keyboard events cleared
2026-08-06_17:11:27.692853 	EXP 	Device response: <KeyPress from None: t=44.98626529998728, value=r, duration=None>
2026-08-06_17:11:27.693427 	DATA 	Keypress: r
2026-08-06_17:11:27.826129 	EXP 	Device response: <KeyPress from None: t=44.98626529998728, value=r, duration=0.13992030000372324>
2026-08-06_17:11:27.855886 	EXP 	instruction_startexp: autoDraw = False
2026-08-06_17:11:27.855886 	EXP 	instruction_startexp_2: height = 0.025
2026-08-06_17:11:27.855886 	EXP 	instruction_startexp_2: height = 0.025
2026-08-06_17:11:27.855886 	EXP 	instruction_startexp_2: height = 0.025
2026-08-06_17:11:27.855886 	EXP 	instruction_startexp_2: text = 'Das MEG-Signal ist sehr empfindlich gegenüber\nAugen- und Körperbewegungen. Bitte bewegen und blinzeln Sie\nwährend der Aufgabenblöcke so wenig wie möglich.\n\nNach jedem Block gibt es eine kurze Pause, in der Sie sich\nbewegen und ausruhen können.\n\nSobald die Aufgabe wieder beginnt, sitzen Sie bitte wieder still.\n\n[Drücken Sie eine beliebige Taste, um die Hauptaufgabe zu starten.]'
2026-08-06_17:11:27.855886 	EXP 	instruction_startexp_2: autoDraw = True
2026-08-06_17:11:28.340941 	INFO 	Keyboard events cleared
2026-08-06_17:11:28.543039 	EXP 	Device response: <KeyPress from None: t=45.842347300000256, value=r, duration=None>
2026-08-06_17:11:28.543535 	DATA 	Keypress: r
2026-08-06_17:11:28.676455 	EXP 	Device response: <KeyPress from None: t=45.842347300000256, value=r, duration=0.1318674999929499>
2026-08-06_17:11:28.797429 	DEBUG 	Read excel file with openpyxl: sequences/localizer_conditions_02_old.xlsx
2026-08-06_17:11:28.896511 	EXP 	Imported sequences/localizer_conditions_02_old.xlsx as conditions, 500 conditions, 15 params
2026-08-06_17:11:28.902080 	EXP 	New trial (rep=0, index=0): <Trial 0 (0 in rep 0) data={'block': 1, 'trial_in_block': 1, 'concept': 'ball', 'concept_num': 1, 'concept_num_word': 1, 'exemplar_num': 5, 'image_shown': 'ball\\ball_05.jpg', 'word_shown_english': 'ball', 'word_shown_german': 'Ball', 'word_shown_french': 'Ballon', 'is_prompt': 1, 'is_mismatch': 0, 'ITI_length': 1.22, 'correct_response': None, 'nonmatch_pres_side': None, 'thisN': 0, 'thisTrialN': 0, 'thisRepN': 0}>
2026-08-06_17:11:29.046957 	EXP 	instruction_startexp_2: autoDraw = False
2026-08-06_17:11:29.046957 	EXP 	image: image = 'stimuli\\ball\\ball_05.jpg'
2026-08-06_17:11:29.046957 	EXP 	image: autoDraw = True
2026-08-06_17:11:29.793927 	EXP 	spoken_word: sampleRate = 24000
2026-08-06_17:11:29.795799 	INFO 	Resampled audio from 24000Hz to 48000Hz using method 'default'.
2026-08-06_17:11:29.795816 	DEBUG 	Converted audio clip from mono to stereo
2026-08-06_17:11:29.796799 	EXP 	Sound spoken_word reached end of file
47.1134 	EXP 	Playing sound spoken_word on speaker Lautsprecher (Realtek(R) Audio)
2026-08-06_17:11:29.807438 	INFO 	Keyboard events cleared
2026-08-06_17:11:29.807258 	EXP 	image: autoDraw = False
2026-08-06_17:11:29.807258 	EXP 	image: autoDraw = False
2026-08-06_17:11:29.807258 	EXP 	fix_cross: foreColor = <psychopy.colors.Color: white, alpha=1.0>
2026-08-06_17:11:29.807258 	EXP 	fix_cross: autoDraw = True
2026-08-06_17:11:30.563222 	EXP 	Sound spoken_word reached end of file
2026-08-06_17:11:30.575597 	EXP 	Sound spoken_word reached end of file
2026-08-06_17:11:31.306155 	EXP 	fix_cross: autoDraw = False
2026-08-06_17:11:31.322875 	EXP 	fix_cross: foreColor = <psychopy.colors.Color: white, alpha=1.0>
2026-08-06_17:11:31.322875 	EXP 	fix_cross_prc: autoDraw = True
2026-08-06_17:11:31.322875 	EXP 	fix_cross: autoDraw = False
2026-08-06_17:11:31.322875 	EXP 	fix_cross_2: autoDraw = True
2026-08-06_17:11:32.549859 	EXP 	New trial (rep=0, index=1): <Trial 1 (1 in rep 0) data={'block': 1, 'trial_in_block': 2, 'concept': 'bicycle', 'concept_num': 2, 'concept_num_word': 2, 'exemplar_num': 36, 'image_shown': 'bicycle\\bicycle_36.jpg', 'word_shown_english': 'bicycle', 'word_shown_german': 'Fahrrad', 'word_shown_french': 'Vélo', 'is_prompt': 1, 'is_mismatch': 0, 'ITI_length': 1.24, 'correct_response': None, 'nonmatch_pres_side': None, 'thisN': 1, 'thisTrialN': 1, 'thisRepN': 0}>
2026-08-06_17:11:32.594618 	EXP 	fix_cross_2: autoDraw = False
2026-08-06_17:11:32.594618 	EXP 	fix_cross_2: autoDraw = False
2026-08-06_17:11:32.594618 	EXP 	breaks_instruction: height = 0.025
2026-08-06_17:11:32.594618 	EXP 	breaks_instruction: height = 0.025
2026-08-06_17:11:32.594618 	EXP 	breaks_instruction: height = 0.025
2026-08-06_17:11:32.594618 	EXP 	breaks_instruction: text = 'Pause, die Aufgabe geht gleich weiter.\nEs sind noch 9 Blöcke übrig.'
2026-08-06_17:11:32.594618 	EXP 	instruction_continuebreak: height = 0.025
2026-08-06_17:11:32.594618 	EXP 	instruction_continuebreak: height = 0.025
2026-08-06_17:11:32.594618 	EXP 	instruction_continuebreak: height = 0.025
2026-08-06_17:11:32.594618 	EXP 	instruction_continuebreak: text = 'Die Pause ist vorbei.\nBitte drücken Sie eine beliebige Taste,\nsobald sie bereit sind, weiterzumachen.'
2026-08-06_17:11:32.594618 	EXP 	breaks_instruction: autoDraw = False
2026-08-06_17:11:32.594618 	EXP 	progress_bar_breaks: autoDraw = False
2026-08-06_17:11:32.594618 	EXP 	instruction_continuebreak: autoDraw = False
2026-08-06_17:11:32.594618 	EXP 	image: image = 'stimuli\\bicycle\\bicycle_36.jpg'
2026-08-06_17:11:32.594618 	EXP 	image: autoDraw = True
2026-08-06_17:11:33.342319 	EXP 	spoken_word: sampleRate = 48000
2026-08-06_17:11:33.343212 	DEBUG 	Converted audio clip from mono to stereo
2026-08-06_17:11:33.343967 	EXP 	Sound spoken_word reached end of file
50.6621 	EXP 	Playing sound spoken_word on speaker Lautsprecher (Realtek(R) Audio)
2026-08-06_17:11:33.355968 	INFO 	Keyboard events cleared
2026-08-06_17:11:33.355770 	EXP 	image: autoDraw = False
2026-08-06_17:11:33.355770 	EXP 	image: autoDraw = False
2026-08-06_17:11:33.355770 	EXP 	fix_cross: foreColor = <psychopy.colors.Color: white, alpha=1.0>
2026-08-06_17:11:33.355770 	EXP 	fix_cross: autoDraw = True
2026-08-06_17:11:34.031383 	EXP 	Sound spoken_word reached end of file
2026-08-06_17:11:34.040764 	EXP 	Sound spoken_word reached end of file
2026-08-06_17:11:34.855252 	EXP 	fix_cross: autoDraw = False
2026-08-06_17:11:34.872501 	EXP 	fix_cross: foreColor = <psychopy.colors.Color: white, alpha=1.0>
2026-08-06_17:11:34.872501 	EXP 	fix_cross_prc: autoDraw = True
2026-08-06_17:11:34.872501 	EXP 	fix_cross: autoDraw = False
2026-08-06_17:11:34.872501 	EXP 	fix_cross_2: autoDraw = True
2026-08-06_17:11:36.106955 	EXP 	New trial (rep=0, index=2): <Trial 2 (2 in rep 0) data={'block': 1, 'trial_in_block': 3, 'concept': 'dog', 'concept_num': 5, 'concept_num_word': 5, 'exemplar_num': 30, 'image_shown': 'dog\\dog_30.jpg', 'word_shown_english': 'dog', 'word_shown_german': 'Hund', 'word_shown_french': 'Chien', 'is_prompt': 1, 'is_mismatch': 0, 'ITI_length': 0.91, 'correct_response': None, 'nonmatch_pres_side': None, 'thisN': 2, 'thisTrialN': 2, 'thisRepN': 0}>
2026-08-06_17:11:36.140961 	EXP 	fix_cross_2: autoDraw = False
2026-08-06_17:11:36.140961 	EXP 	fix_cross_2: autoDraw = False
2026-08-06_17:11:36.140961 	EXP 	breaks_instruction: text = 'Pause, die Aufgabe geht gleich weiter.\nEs sind noch 9 Blöcke übrig.'
2026-08-06_17:11:36.140961 	EXP 	instruction_continuebreak: text = 'Die Pause ist vorbei.\nBitte drücken Sie eine beliebige Taste,\nsobald sie bereit sind, weiterzumachen.'
2026-08-06_17:11:36.140961 	EXP 	breaks_instruction: autoDraw = False
2026-08-06_17:11:36.140961 	EXP 	progress_bar_breaks: autoDraw = False
2026-08-06_17:11:36.140961 	EXP 	instruction_continuebreak: autoDraw = False
2026-08-06_17:11:36.140961 	EXP 	image: image = 'stimuli\\dog\\dog_30.jpg'
2026-08-06_17:11:36.140961 	EXP 	image: autoDraw = True
2026-08-06_17:11:36.891873 	EXP 	spoken_word: sampleRate = 44100
2026-08-06_17:11:36.894486 	INFO 	Resampled audio from 44100Hz to 48000Hz using method 'default'.
2026-08-06_17:11:36.894511 	DEBUG 	Converted audio clip from mono to stereo
2026-08-06_17:11:36.895326 	EXP 	Sound spoken_word reached end of file
54.2114 	EXP 	Playing sound spoken_word on speaker Lautsprecher (Realtek(R) Audio)
2026-08-06_17:11:36.904920 	INFO 	Keyboard events cleared
2026-08-06_17:11:36.904730 	EXP 	image: autoDraw = False
2026-08-06_17:11:36.904730 	EXP 	image: autoDraw = False
2026-08-06_17:11:36.904730 	EXP 	fix_cross: foreColor = <psychopy.colors.Color: white, alpha=1.0>
2026-08-06_17:11:36.904730 	EXP 	fix_cross: autoDraw = True
2026-08-06_17:11:37.058210 	DATA 	Mouse: Left button down, pos=(510,271)
2026-08-06_17:11:37.257425 	DATA 	Mouse:  Left button up, pos=(510,271)
2026-08-06_17:11:37.368028 	EXP 	Sound spoken_word reached end of file
2026-08-06_17:11:37.389199 	EXP 	Sound spoken_word reached end of file
2026-08-06_17:11:37.806382 	EXP 	Device response: <KeyPress from None: t=55.103937799998675, value=r, duration=None>
2026-08-06_17:11:37.806990 	DATA 	Keypress: r
2026-08-06_17:11:37.956549 	EXP 	Device response: <KeyPress from None: t=55.103937799998675, value=r, duration=0.15205889999924693>
2026-08-06_17:11:37.986763 	EXP 	fix_cross: foreColor = <psychopy.colors.Color: red, alpha=1.0>
2026-08-06_17:11:38.170738 	EXP 	fix_cross: autoDraw = False
2026-08-06_17:11:38.170738 	EXP 	fix_cross_2: autoDraw = True
2026-08-06_17:11:40.072747 	EXP 	New trial (rep=0, index=3): <Trial 3 (3 in rep 0) data={'block': 1, 'trial_in_block': 4, 'concept': 'flower', 'concept_num': 6, 'concept_num_word': 6, 'exemplar_num': 23, 'image_shown': 'flower\\flower_23.jpg', 'word_shown_english': 'flower', 'word_shown_german': 'Blume', 'word_shown_french': 'Fleur', 'is_prompt': 1, 'is_mismatch': 0, 'ITI_length': 1.15, 'correct_response': None, 'nonmatch_pres_side': None, 'thisN': 3, 'thisTrialN': 3, 'thisRepN': 0}>
2026-08-06_17:11:40.139570 	EXP 	fix_cross_2: autoDraw = False
2026-08-06_17:11:40.139570 	EXP 	fix_cross_2: autoDraw = False
2026-08-06_17:11:40.139570 	EXP 	breaks_instruction: text = 'Pause, die Aufgabe geht gleich weiter.\nEs sind noch 9 Blöcke übrig.'
2026-08-06_17:11:40.139570 	EXP 	instruction_continuebreak: text = 'Die Pause ist vorbei.\nBitte drücken Sie eine beliebige Taste,\nsobald sie bereit sind, weiterzumachen.'
2026-08-06_17:11:40.139570 	EXP 	breaks_instruction: autoDraw = False
2026-08-06_17:11:40.139570 	EXP 	progress_bar_breaks: autoDraw = False
2026-08-06_17:11:40.139570 	EXP 	instruction_continuebreak: autoDraw = False
2026-08-06_17:11:40.139570 	EXP 	image: image = 'stimuli\\flower\\flower_23.jpg'
2026-08-06_17:11:40.139570 	EXP 	image: autoDraw = True
2026-08-06_17:11:40.890846 	EXP 	spoken_word: sampleRate = 24000
2026-08-06_17:11:40.892405 	INFO 	Resampled audio from 24000Hz to 48000Hz using method 'default'.
2026-08-06_17:11:40.892423 	DEBUG 	Converted audio clip from mono to stereo
2026-08-06_17:11:40.893112 	EXP 	Sound spoken_word reached end of file
58.2099 	EXP 	Playing sound spoken_word on speaker Lautsprecher (Realtek(R) Audio)
2026-08-06_17:11:40.903483 	INFO 	Keyboard events cleared
2026-08-06_17:11:40.903295 	EXP 	image: autoDraw = False
2026-08-06_17:11:40.903295 	EXP 	image: autoDraw = False
2026-08-06_17:11:40.903295 	EXP 	fix_cross: foreColor = <psychopy.colors.Color: white, alpha=1.0>
2026-08-06_17:11:40.903295 	EXP 	fix_cross: autoDraw = True
2026-08-06_17:11:41.775092 	EXP 	Sound spoken_word reached end of file
2026-08-06_17:11:41.788815 	EXP 	Sound spoken_word reached end of file
2026-08-06_17:11:42.402840 	EXP 	fix_cross: autoDraw = False
2026-08-06_17:11:42.419425 	EXP 	fix_cross: foreColor = <psychopy.colors.Color: white, alpha=1.0>
2026-08-06_17:11:42.419425 	EXP 	fix_cross_prc: autoDraw = True
2026-08-06_17:11:42.419425 	EXP 	fix_cross: autoDraw = False
2026-08-06_17:11:42.419425 	EXP 	fix_cross_2: autoDraw = True
2026-08-06_17:11:43.555748 	EXP 	New trial (rep=0, index=4): <Trial 4 (4 in rep 0) data={'block': 1, 'trial_in_block': 5, 'concept': 'ball', 'concept_num': 1, 'concept_num_word': 8, 'exemplar_num': 43, 'image_shown': 'ball\\ball_43.jpg', 'word_shown_english': 'hand', 'word_shown_german': 'Hand', 'word_shown_french': 'Main', 'is_prompt': 1, 'is_mismatch': 1, 'ITI_length': 1.01, 'correct_response': 'r', 'nonmatch_pres_side': 'left', 'thisN': 4, 'thisTrialN': 4, 'thisRepN': 0}>
2026-08-06_17:11:43.648509 	EXP 	fix_cross_2: autoDraw = False
2026-08-06_17:11:43.648509 	EXP 	fix_cross_2: autoDraw = False
2026-08-06_17:11:43.648509 	EXP 	breaks_instruction: text = 'Pause, die Aufgabe geht gleich weiter.\nEs sind noch 9 Blöcke übrig.'
2026-08-06_17:11:43.648509 	EXP 	instruction_continuebreak: text = 'Die Pause ist vorbei.\nBitte drücken Sie eine beliebige Taste,\nsobald sie bereit sind, weiterzumachen.'
2026-08-06_17:11:43.648509 	EXP 	breaks_instruction: autoDraw = False
2026-08-06_17:11:43.648509 	EXP 	progress_bar_breaks: autoDraw = False
2026-08-06_17:11:43.648509 	EXP 	instruction_continuebreak: autoDraw = False
2026-08-06_17:11:43.648509 	EXP 	image: image = 'stimuli\\ball\\ball_43.jpg'
2026-08-06_17:11:43.648509 	EXP 	image: autoDraw = True
2026-08-06_17:11:44.390234 	EXP 	spoken_word: sampleRate = 44100
2026-08-06_17:11:44.392849 	INFO 	Resampled audio from 44100Hz to 48000Hz using method 'default'.
2026-08-06_17:11:44.392871 	DEBUG 	Converted audio clip from mono to stereo
2026-08-06_17:11:44.393735 	EXP 	Sound spoken_word reached end of file
61.7090 	EXP 	Playing sound spoken_word on speaker Lautsprecher (Realtek(R) Audio)
2026-08-06_17:11:44.402646 	INFO 	Keyboard events cleared
2026-08-06_17:11:44.402406 	EXP 	image: autoDraw = False
2026-08-06_17:11:44.402406 	EXP 	image: autoDraw = False
2026-08-06_17:11:44.402406 	EXP 	fix_cross: foreColor = <psychopy.colors.Color: white, alpha=1.0>
2026-08-06_17:11:44.402406 	EXP 	fix_cross: autoDraw = True
2026-08-06_17:11:44.863471 	EXP 	Sound spoken_word reached end of file
2026-08-06_17:11:44.888147 	EXP 	Sound spoken_word reached end of file
2026-08-06_17:11:45.354316 	EXP 	Device response: <KeyPress from None: t=62.645475299999816, value=r, duration=None>
2026-08-06_17:11:45.355127 	DATA 	Keypress: r
2026-08-06_17:11:45.487705 	EXP 	Device response: <KeyPress from None: t=62.645475299999816, value=r, duration=0.1422580999933416>
2026-08-06_17:11:45.517851 	EXP 	fix_cross: foreColor = <psychopy.colors.Color: green, alpha=1.0>
2026-08-06_17:11:45.701895 	EXP 	fix_cross: autoDraw = False
2026-08-06_17:11:45.701895 	EXP 	fix_cross_2: autoDraw = True
2026-08-06_17:11:47.705744 	EXP 	New trial (rep=0, index=5): <Trial 5 (5 in rep 0) data={'block': 1, 'trial_in_block': 6, 'concept': 'dog', 'concept_num': 5, 'concept_num_word': 5, 'exemplar_num': 1, 'image_shown': 'dog\\dog_01.jpg', 'word_shown_english': 'dog', 'word_shown_german': 'Hund', 'word_shown_french': 'Chien', 'is_prompt': 1, 'is_mismatch': 0, 'ITI_length': 0.8, 'correct_response': None, 'nonmatch_pres_side': None, 'thisN': 5, 'thisTrialN': 5, 'thisRepN': 0}>
2026-08-06_17:11:47.756875 	EXP 	fix_cross_2: autoDraw = False
2026-08-06_17:11:47.756875 	EXP 	fix_cross_2: autoDraw = False
2026-08-06_17:11:47.756875 	EXP 	breaks_instruction: text = 'Pause, die Aufgabe geht gleich weiter.\nEs sind noch 9 Blöcke übrig.'
2026-08-06_17:11:47.756875 	EXP 	instruction_continuebreak: text = 'Die Pause ist vorbei.\nBitte drücken Sie eine beliebige Taste,\nsobald sie bereit sind, weiterzumachen.'
2026-08-06_17:11:47.756875 	EXP 	breaks_instruction: autoDraw = False
2026-08-06_17:11:47.756875 	EXP 	progress_bar_breaks: autoDraw = False
2026-08-06_17:11:47.756875 	EXP 	instruction_continuebreak: autoDraw = False
2026-08-06_17:11:47.756875 	EXP 	image: image = 'stimuli\\dog\\dog_01.jpg'
2026-08-06_17:11:47.756875 	EXP 	image: autoDraw = True
2026-08-06_17:11:48.505912 	EXP 	spoken_word: sampleRate = 44100
2026-08-06_17:11:48.508394 	INFO 	Resampled audio from 44100Hz to 48000Hz using method 'default'.
2026-08-06_17:11:48.508420 	DEBUG 	Converted audio clip from mono to stereo
2026-08-06_17:11:48.509033 	EXP 	Sound spoken_word reached end of file
65.8253 	EXP 	Playing sound spoken_word on speaker Lautsprecher (Realtek(R) Audio)
2026-08-06_17:11:48.518366 	INFO 	Keyboard events cleared
2026-08-06_17:11:48.518165 	EXP 	image: autoDraw = False
2026-08-06_17:11:48.518165 	EXP 	image: autoDraw = False
2026-08-06_17:11:48.518165 	EXP 	fix_cross: foreColor = <psychopy.colors.Color: white, alpha=1.0>
2026-08-06_17:11:48.518165 	EXP 	fix_cross: autoDraw = True
2026-08-06_17:11:48.985459 	EXP 	Sound spoken_word reached end of file
2026-08-06_17:11:49.002604 	EXP 	Sound spoken_word reached end of file
2026-08-06_17:11:49.536631 	EXP 	Device response: <KeyPress from None: t=66.83118529999047, value=r, duration=None>
2026-08-06_17:11:49.537403 	DATA 	Keypress: r
2026-08-06_17:11:49.686816 	EXP 	Device response: <KeyPress from None: t=66.83118529999047, value=r, duration=0.1539204000000609>
2026-08-06_17:11:49.716645 	EXP 	fix_cross: foreColor = <psychopy.colors.Color: red, alpha=1.0>
2026-08-06_17:11:49.917122 	EXP 	fix_cross: autoDraw = False
2026-08-06_17:11:49.917122 	EXP 	fix_cross_2: autoDraw = True
2026-08-06_17:11:51.703349 	EXP 	New trial (rep=0, index=6): <Trial 6 (6 in rep 0) data={'block': 1, 'trial_in_block': 7, 'concept': 'ball', 'concept_num': 1, 'concept_num_word': 1, 'exemplar_num': 27, 'image_shown': 'ball\\ball_27.jpg', 'word_shown_english': 'ball', 'word_shown_german': 'Ball', 'word_shown_french': 'Ballon', 'is_prompt': 1, 'is_mismatch': 0, 'ITI_length': 0.91, 'correct_response': None, 'nonmatch_pres_side': None, 'thisN': 6, 'thisTrialN': 6, 'thisRepN': 0}>
2026-08-06_17:11:51.753060 	EXP 	fix_cross_2: autoDraw = False
2026-08-06_17:11:51.753060 	EXP 	fix_cross_2: autoDraw = False
2026-08-06_17:11:51.753060 	EXP 	breaks_instruction: text = 'Pause, die Aufgabe geht gleich weiter.\nEs sind noch 9 Blöcke übrig.'
2026-08-06_17:11:51.753060 	EXP 	instruction_continuebreak: text = 'Die Pause ist vorbei.\nBitte drücken Sie eine beliebige Taste,\nsobald sie bereit sind, weiterzumachen.'
2026-08-06_17:11:51.753060 	EXP 	breaks_instruction: autoDraw = False
2026-08-06_17:11:51.753060 	EXP 	progress_bar_breaks: autoDraw = False
2026-08-06_17:11:51.753060 	EXP 	instruction_continuebreak: autoDraw = False
2026-08-06_17:11:51.753060 	EXP 	image: image = 'stimuli\\ball\\ball_27.jpg'
2026-08-06_17:11:51.753060 	EXP 	image: autoDraw = True
2026-08-06_17:11:52.503304 	EXP 	spoken_word: sampleRate = 24000
2026-08-06_17:11:52.504622 	INFO 	Resampled audio from 24000Hz to 48000Hz using method 'default'.
2026-08-06_17:11:52.504637 	DEBUG 	Converted audio clip from mono to stereo
2026-08-06_17:11:52.505221 	EXP 	Sound spoken_word reached end of file
69.8229 	EXP 	Playing sound spoken_word on speaker Lautsprecher (Realtek(R) Audio)
2026-08-06_17:11:52.516584 	INFO 	Keyboard events cleared
2026-08-06_17:11:52.516397 	EXP 	image: autoDraw = False
2026-08-06_17:11:52.516397 	EXP 	image: autoDraw = False
2026-08-06_17:11:52.516397 	EXP 	fix_cross: foreColor = <psychopy.colors.Color: white, alpha=1.0>
2026-08-06_17:11:52.516397 	EXP 	fix_cross: autoDraw = True
2026-08-06_17:11:53.261736 	EXP 	Sound spoken_word reached end of file
2026-08-06_17:11:53.285411 	EXP 	Sound spoken_word reached end of file
2026-08-06_17:11:53.618699 	EXP 	Device response: <KeyPress from None: t=70.92113779998908, value=r, duration=None>
2026-08-06_17:11:53.619412 	DATA 	Keypress: r
2026-08-06_17:11:53.785105 	EXP 	Device response: <KeyPress from None: t=70.92113779998908, value=r, duration=0.15395900000294205>
2026-08-06_17:11:53.815324 	EXP 	fix_cross: foreColor = <psychopy.colors.Color: red, alpha=1.0>
2026-08-06_17:11:53.999250 	EXP 	fix_cross: autoDraw = False
2026-08-06_17:11:53.999250 	EXP 	fix_cross_2: autoDraw = True
2026-08-06_17:11:55.901704 	EXP 	New trial (rep=0, index=7): <Trial 7 (7 in rep 0) data={'block': 1, 'trial_in_block': 8, 'concept': 'bicycle', 'concept_num': 2, 'concept_num_word': 2, 'exemplar_num': 39, 'image_shown': 'bicycle\\bicycle_39.jpg', 'word_shown_english': 'bicycle', 'word_shown_german': 'Fahrrad', 'word_shown_french': 'Vélo', 'is_prompt': 1, 'is_mismatch': 0, 'ITI_length': 1.16, 'correct_response': None, 'nonmatch_pres_side': None, 'thisN': 7, 'thisTrialN': 7, 'thisRepN': 0}>
2026-08-06_17:11:55.951726 	EXP 	fix_cross_2: autoDraw = False
2026-08-06_17:11:55.951726 	EXP 	fix_cross_2: autoDraw = False
2026-08-06_17:11:55.951726 	EXP 	breaks_instruction: text = 'Pause, die Aufgabe geht gleich weiter.\nEs sind noch 9 Blöcke übrig.'
2026-08-06_17:11:55.951726 	EXP 	instruction_continuebreak: text = 'Die Pause ist vorbei.\nBitte drücken Sie eine beliebige Taste,\nsobald sie bereit sind, weiterzumachen.'
2026-08-06_17:11:55.951726 	EXP 	breaks_instruction: autoDraw = False
2026-08-06_17:11:55.951726 	EXP 	progress_bar_breaks: autoDraw = False
2026-08-06_17:11:55.951726 	EXP 	instruction_continuebreak: autoDraw = False
2026-08-06_17:11:55.951726 	EXP 	image: image = 'stimuli\\bicycle\\bicycle_39.jpg'
2026-08-06_17:11:55.951726 	EXP 	image: autoDraw = True
2026-08-06_17:11:56.702028 	EXP 	spoken_word: sampleRate = 48000
2026-08-06_17:11:56.703003 	DEBUG 	Converted audio clip from mono to stereo
2026-08-06_17:11:56.703683 	EXP 	Sound spoken_word reached end of file
74.0217 	EXP 	Playing sound spoken_word on speaker Lautsprecher (Realtek(R) Audio)
2026-08-06_17:11:56.715160 	INFO 	Keyboard events cleared
2026-08-06_17:11:56.714994 	EXP 	image: autoDraw = False
2026-08-06_17:11:56.714994 	EXP 	image: autoDraw = False
2026-08-06_17:11:56.714994 	EXP 	fix_cross: foreColor = <psychopy.colors.Color: white, alpha=1.0>
2026-08-06_17:11:56.714994 	EXP 	fix_cross: autoDraw = True
2026-08-06_17:11:57.393153 	EXP 	Sound spoken_word reached end of file
2026-08-06_17:11:57.419077 	EXP 	Sound spoken_word reached end of file
2026-08-06_17:11:58.214698 	EXP 	fix_cross: autoDraw = False
2026-08-06_17:11:58.231476 	EXP 	fix_cross: foreColor = <psychopy.colors.Color: white, alpha=1.0>
2026-08-06_17:11:58.231476 	EXP 	fix_cross_prc: autoDraw = True
2026-08-06_17:11:58.231476 	EXP 	fix_cross: autoDraw = False
2026-08-06_17:11:58.231476 	EXP 	fix_cross_2: autoDraw = True
2026-08-06_17:11:59.384018 	EXP 	New trial (rep=0, index=8): <Trial 8 (8 in rep 0) data={'block': 1, 'trial_in_block': 9, 'concept': 'bread', 'concept_num': 3, 'concept_num_word': 3, 'exemplar_num': 44, 'image_shown': 'bread\\bread_44.jpg', 'word_shown_english': 'bread', 'word_shown_german': 'Brot', 'word_shown_french': 'Pain', 'is_prompt': 1, 'is_mismatch': 0, 'ITI_length': 1.04, 'correct_response': None, 'nonmatch_pres_side': None, 'thisN': 8, 'thisTrialN': 8, 'thisRepN': 0}>
2026-08-06_17:11:59.472141 	EXP 	fix_cross_2: autoDraw = False
2026-08-06_17:11:59.472141 	EXP 	fix_cross_2: autoDraw = False
2026-08-06_17:11:59.472141 	EXP 	breaks_instruction: text = 'Pause, die Aufgabe geht gleich weiter.\nEs sind noch 9 Blöcke übrig.'
2026-08-06_17:11:59.472141 	EXP 	instruction_continuebreak: text = 'Die Pause ist vorbei.\nBitte drücken Sie eine beliebige Taste,\nsobald sie bereit sind, weiterzumachen.'
2026-08-06_17:11:59.472141 	EXP 	breaks_instruction: autoDraw = False
2026-08-06_17:11:59.472141 	EXP 	progress_bar_breaks: autoDraw = False
2026-08-06_17:11:59.472141 	EXP 	instruction_continuebreak: autoDraw = False
2026-08-06_17:11:59.472141 	EXP 	image: image = 'stimuli\\bread\\bread_44.jpg'
2026-08-06_17:11:59.472141 	EXP 	image: autoDraw = True
2026-08-06_17:12:00.217307 	EXP 	spoken_word: sampleRate = 24000
2026-08-06_17:12:00.220156 	INFO 	Resampled audio from 24000Hz to 48000Hz using method 'default'.
2026-08-06_17:12:00.220177 	DEBUG 	Converted audio clip from mono to stereo
2026-08-06_17:12:00.221068 	EXP 	Sound spoken_word reached end of file
77.5370 	EXP 	Playing sound spoken_word on speaker Lautsprecher (Realtek(R) Audio)
2026-08-06_17:12:00.230743 	INFO 	Keyboard events cleared
2026-08-06_17:12:00.230561 	EXP 	image: autoDraw = False
2026-08-06_17:12:00.230561 	EXP 	image: autoDraw = False
2026-08-06_17:12:00.230561 	EXP 	fix_cross: foreColor = <psychopy.colors.Color: white, alpha=1.0>
2026-08-06_17:12:00.230561 	EXP 	fix_cross: autoDraw = True
2026-08-06_17:12:01.127548 	EXP 	Sound spoken_word reached end of file
2026-08-06_17:12:01.148615 	EXP 	Sound spoken_word reached end of file
2026-08-06_17:12:01.729981 	EXP 	fix_cross: autoDraw = False
2026-08-06_17:12:01.746591 	EXP 	fix_cross: foreColor = <psychopy.colors.Color: white, alpha=1.0>
2026-08-06_17:12:01.746591 	EXP 	fix_cross_prc: autoDraw = True
2026-08-06_17:12:01.746591 	EXP 	fix_cross: autoDraw = False
2026-08-06_17:12:01.746591 	EXP 	fix_cross_2: autoDraw = True
2026-08-06_17:12:02.782936 	EXP 	New trial (rep=0, index=9): <Trial 9 (9 in rep 0) data={'block': 1, 'trial_in_block': 10, 'concept': 'hammer', 'concept_num': 7, 'concept_num_word': 7, 'exemplar_num': 26, 'image_shown': 'hammer\\hammer_26.jpg', 'word_shown_english': 'hammer', 'word_shown_german': 'Hammer', 'word_shown_french': 'Marteau', 'is_prompt': 1, 'is_mismatch': 0, 'ITI_length': 0.88, 'correct_response': None, 'nonmatch_pres_side': None, 'thisN': 9, 'thisTrialN': 9, 'thisRepN': 0}>
2026-08-06_17:12:02.867907 	EXP 	fix_cross_2: autoDraw = False
2026-08-06_17:12:02.867907 	EXP 	fix_cross_2: autoDraw = False
2026-08-06_17:12:02.867907 	EXP 	breaks_instruction: text = 'Pause, die Aufgabe geht gleich weiter.\nEs sind noch 9 Blöcke übrig.'
2026-08-06_17:12:02.867907 	EXP 	instruction_continuebreak: text = 'Die Pause ist vorbei.\nBitte drücken Sie eine beliebige Taste,\nsobald sie bereit sind, weiterzumachen.'
2026-08-06_17:12:02.867907 	EXP 	breaks_instruction: autoDraw = False
2026-08-06_17:12:02.867907 	EXP 	progress_bar_breaks: autoDraw = False
2026-08-06_17:12:02.867907 	EXP 	instruction_continuebreak: autoDraw = False
2026-08-06_17:12:02.867907 	EXP 	image: image = 'stimuli\\hammer\\hammer_26.jpg'
2026-08-06_17:12:02.867907 	EXP 	image: autoDraw = True
2026-08-06_17:12:03.615856 	EXP 	spoken_word: sampleRate = 44100
2026-08-06_17:12:03.618019 	INFO 	Resampled audio from 44100Hz to 48000Hz using method 'default'.
2026-08-06_17:12:03.618039 	DEBUG 	Converted audio clip from mono to stereo
2026-08-06_17:12:03.618570 	EXP 	Sound spoken_word reached end of file
80.9359 	EXP 	Playing sound spoken_word on speaker Lautsprecher (Realtek(R) Audio)
2026-08-06_17:12:03.629616 	INFO 	Keyboard events cleared
2026-08-06_17:12:03.629452 	EXP 	image: autoDraw = False
2026-08-06_17:12:03.629452 	EXP 	image: autoDraw = False
2026-08-06_17:12:03.629452 	EXP 	fix_cross: foreColor = <psychopy.colors.Color: white, alpha=1.0>
2026-08-06_17:12:03.629452 	EXP 	fix_cross: autoDraw = True
2026-08-06_17:12:04.115273 	EXP 	Sound spoken_word reached end of file
2026-08-06_17:12:04.131772 	EXP 	Sound spoken_word reached end of file
2026-08-06_17:12:04.499970 	EXP 	Device response: <KeyPress from None: t=81.80013379998854, value=r, duration=None>
2026-08-06_17:12:04.500831 	DATA 	Keypress: r
2026-08-06_17:12:04.666133 	EXP 	Device response: <KeyPress from None: t=81.80013379998854, value=r, duration=0.15817629999946803>
2026-08-06_17:12:04.695454 	EXP 	fix_cross: foreColor = <psychopy.colors.Color: red, alpha=1.0>
2026-08-06_17:12:04.879098 	EXP 	fix_cross: autoDraw = False
2026-08-06_17:12:04.879098 	EXP 	fix_cross_2: autoDraw = True
2026-08-06_17:12:06.747713 	EXP 	New trial (rep=0, index=10): <Trial 10 (10 in rep 0) data={'block': 1, 'trial_in_block': 11, 'concept': 'flower', 'concept_num': 6, 'concept_num_word': 6, 'exemplar_num': 17, 'image_shown': 'flower\\flower_17.jpg', 'word_shown_english': 'flower', 'word_shown_german': 'Blume', 'word_shown_french': 'Fleur', 'is_prompt': 1, 'is_mismatch': 0, 'ITI_length': 0.88, 'correct_response': None, 'nonmatch_pres_side': None, 'thisN': 10, 'thisTrialN': 10, 'thisRepN': 0}>
2026-08-06_17:12:06.801381 	EXP 	fix_cross_2: autoDraw = False
2026-08-06_17:12:06.801381 	EXP 	fix_cross_2: autoDraw = False
2026-08-06_17:12:06.801381 	EXP 	breaks_instruction: text = 'Pause, die Aufgabe geht gleich weiter.\nEs sind noch 9 Blöcke übrig.'
2026-08-06_17:12:06.801381 	EXP 	instruction_continuebreak: text = 'Die Pause ist vorbei.\nBitte drücken Sie eine beliebige Taste,\nsobald sie bereit sind, weiterzumachen.'
2026-08-06_17:12:06.801381 	EXP 	breaks_instruction: autoDraw = False
2026-08-06_17:12:06.801381 	EXP 	progress_bar_breaks: autoDraw = False
2026-08-06_17:12:06.801381 	EXP 	instruction_continuebreak: autoDraw = False
2026-08-06_17:12:06.801381 	EXP 	image: image = 'stimuli\\flower\\flower_17.jpg'
2026-08-06_17:12:06.801381 	EXP 	image: autoDraw = True
2026-08-06_17:12:07.548766 	EXP 	spoken_word: sampleRate = 24000
2026-08-06_17:12:07.550153 	INFO 	Resampled audio from 24000Hz to 48000Hz using method 'default'.
2026-08-06_17:12:07.550172 	DEBUG 	Converted audio clip from mono to stereo
2026-08-06_17:12:07.550901 	EXP 	Sound spoken_word reached end of file
84.8683 	EXP 	Playing sound spoken_word on speaker Lautsprecher (Realtek(R) Audio)
2026-08-06_17:12:07.561784 	INFO 	Keyboard events cleared
2026-08-06_17:12:07.561559 	EXP 	image: autoDraw = False
2026-08-06_17:12:07.561559 	EXP 	image: autoDraw = False
2026-08-06_17:12:07.561559 	EXP 	fix_cross: foreColor = <psychopy.colors.Color: white, alpha=1.0>
2026-08-06_17:12:07.561559 	EXP 	fix_cross: autoDraw = True
2026-08-06_17:12:08.431781 	EXP 	Sound spoken_word reached end of file
2026-08-06_17:12:08.446869 	EXP 	Sound spoken_word reached end of file
2026-08-06_17:12:08.863826 	EXP 	Device response: <KeyPress from None: t=86.16533459999482, value=r, duration=None>
2026-08-06_17:12:08.864494 	DATA 	Keypress: r
2026-08-06_17:12:09.013475 	EXP 	Device response: <KeyPress from None: t=86.16533459999482, value=r, duration=0.1518418999912683>
2026-08-06_17:12:09.043696 	EXP 	fix_cross: foreColor = <psychopy.colors.Color: red, alpha=1.0>
2026-08-06_17:12:09.077970 	EXP 	fix_cross: autoDraw = False
2026-08-06_17:12:09.077970 	EXP 	fix_cross: autoDraw = True
2026-08-06_17:12:09.094449 	EXP 	fix_cross: autoDraw = False
2026-08-06_17:12:09.094449 	EXP 	fix_cross: autoDraw = True
2026-08-06_17:12:09.111005 	EXP 	fix_cross: autoDraw = False
2026-08-06_17:12:09.111005 	EXP 	fix_cross: autoDraw = True
2026-08-06_17:12:09.128040 	EXP 	fix_cross: autoDraw = False
2026-08-06_17:12:09.128040 	EXP 	fix_cross: autoDraw = True
2026-08-06_17:12:09.144406 	EXP 	fix_cross: autoDraw = False
2026-08-06_17:12:09.144406 	EXP 	fix_cross: autoDraw = True
2026-08-06_17:12:09.161154 	EXP 	fix_cross: autoDraw = False
2026-08-06_17:12:09.161154 	EXP 	fix_cross: autoDraw = True
2026-08-06_17:12:09.177680 	EXP 	fix_cross: autoDraw = False
2026-08-06_17:12:09.177680 	EXP 	fix_cross: autoDraw = True
2026-08-06_17:12:09.194284 	EXP 	fix_cross: autoDraw = False
2026-08-06_17:12:09.194284 	EXP 	fix_cross: autoDraw = True
2026-08-06_17:12:09.210995 	EXP 	fix_cross: autoDraw = False
2026-08-06_17:12:09.210995 	EXP 	fix_cross: autoDraw = True
2026-08-06_17:12:09.227771 	EXP 	fix_cross: autoDraw = False
2026-08-06_17:12:09.227771 	EXP 	fix_cross: autoDraw = True
2026-08-06_17:12:09.227771 	EXP 	fix_cross: autoDraw = False
2026-08-06_17:12:09.227771 	EXP 	fix_cross_2: autoDraw = True
2026-08-06_17:12:11.097302 	EXP 	New trial (rep=0, index=11): <Trial 11 (11 in rep 0) data={'block': 1, 'trial_in_block': 12, 'concept': 'bread', 'concept_num': 3, 'concept_num_word': 3, 'exemplar_num': 19, 'image_shown': 'bread\\bread_19.jpg', 'word_shown_english': 'bread', 'word_shown_german': 'Brot', 'word_shown_french': 'Pain', 'is_prompt': 1, 'is_mismatch': 0, 'ITI_length': 0.76, 'correct_response': None, 'nonmatch_pres_side': None, 'thisN': 11, 'thisTrialN': 11, 'thisRepN': 0}>
2026-08-06_17:12:11.163666 	EXP 	fix_cross_2: autoDraw = False
2026-08-06_17:12:11.163666 	EXP 	fix_cross_2: autoDraw = False
2026-08-06_17:12:11.163666 	EXP 	breaks_instruction: text = 'Pause, die Aufgabe geht gleich weiter.\nEs sind noch 9 Blöcke übrig.'
2026-08-06_17:12:11.163666 	EXP 	instruction_continuebreak: text = 'Die Pause ist vorbei.\nBitte drücken Sie eine beliebige Taste,\nsobald sie bereit sind, weiterzumachen.'
2026-08-06_17:12:11.163666 	EXP 	breaks_instruction: autoDraw = False
2026-08-06_17:12:11.163666 	EXP 	progress_bar_breaks: autoDraw = False
2026-08-06_17:12:11.163666 	EXP 	instruction_continuebreak: autoDraw = False
2026-08-06_17:12:11.163666 	EXP 	image: image = 'stimuli\\bread\\bread_19.jpg'
2026-08-06_17:12:11.163666 	EXP 	image: autoDraw = True
2026-08-06_17:12:11.913975 	EXP 	spoken_word: sampleRate = 24000
2026-08-06_17:12:11.916100 	INFO 	Resampled audio from 24000Hz to 48000Hz using method 'default'.
2026-08-06_17:12:11.916126 	DEBUG 	Converted audio clip from mono to stereo
2026-08-06_17:12:11.917111 	EXP 	Sound spoken_word reached end of file
89.2336 	EXP 	Playing sound spoken_word on speaker Lautsprecher (Realtek(R) Audio)
2026-08-06_17:12:11.927667 	INFO 	Keyboard events cleared
2026-08-06_17:12:11.927441 	EXP 	image: autoDraw = False
2026-08-06_17:12:11.927441 	EXP 	image: autoDraw = False
2026-08-06_17:12:11.927441 	EXP 	fix_cross: foreColor = <psychopy.colors.Color: white, alpha=1.0>
2026-08-06_17:12:11.927441 	EXP 	fix_cross: autoDraw = True
2026-08-06_17:12:12.819766 	EXP 	Sound spoken_word reached end of file
2026-08-06_17:12:12.829148 	EXP 	Sound spoken_word reached end of file
2026-08-06_17:12:13.426438 	EXP 	fix_cross: autoDraw = False
2026-08-06_17:12:13.443218 	EXP 	fix_cross: foreColor = <psychopy.colors.Color: white, alpha=1.0>
2026-08-06_17:12:13.443218 	EXP 	fix_cross_prc: autoDraw = True
2026-08-06_17:12:13.443218 	EXP 	fix_cross: autoDraw = False
2026-08-06_17:12:13.443218 	EXP 	fix_cross_2: autoDraw = True
2026-08-06_17:12:14.195610 	EXP 	New trial (rep=0, index=12): <Trial 12 (12 in rep 0) data={'block': 1, 'trial_in_block': 13, 'concept': 'hand', 'concept_num': 8, 'concept_num_word': 8, 'exemplar_num': 21, 'image_shown': 'hand\\hand_21.jpg', 'word_shown_english': 'hand', 'word_shown_german': 'Hand', 'word_shown_french': 'Main', 'is_prompt': 1, 'is_mismatch': 0, 'ITI_length': 0.83, 'correct_response': None, 'nonmatch_pres_side': None, 'thisN': 12, 'thisTrialN': 12, 'thisRepN': 0}>
2026-08-06_17:12:14.245629 	EXP 	fix_cross_2: autoDraw = False
2026-08-06_17:12:14.245629 	EXP 	fix_cross_2: autoDraw = False
2026-08-06_17:12:14.245629 	EXP 	breaks_instruction: text = 'Pause, die Aufgabe geht gleich weiter.\nEs sind noch 9 Blöcke übrig.'
2026-08-06_17:12:14.245629 	EXP 	instruction_continuebreak: text = 'Die Pause ist vorbei.\nBitte drücken Sie eine beliebige Taste,\nsobald sie bereit sind, weiterzumachen.'
2026-08-06_17:12:14.245629 	EXP 	breaks_instruction: autoDraw = False
2026-08-06_17:12:14.245629 	EXP 	progress_bar_breaks: autoDraw = False
2026-08-06_17:12:14.245629 	EXP 	instruction_continuebreak: autoDraw = False
2026-08-06_17:12:14.245629 	EXP 	image: image = 'stimuli\\hand\\hand_21.jpg'
2026-08-06_17:12:14.245629 	EXP 	image: autoDraw = True
2026-08-06_17:12:14.996498 	EXP 	spoken_word: sampleRate = 44100
2026-08-06_17:12:14.998907 	INFO 	Resampled audio from 44100Hz to 48000Hz using method 'default'.
2026-08-06_17:12:14.998934 	DEBUG 	Converted audio clip from mono to stereo
2026-08-06_17:12:14.999546 	EXP 	Sound spoken_word reached end of file
92.3161 	EXP 	Playing sound spoken_word on speaker Lautsprecher (Realtek(R) Audio)
2026-08-06_17:12:15.009681 	INFO 	Keyboard events cleared
2026-08-06_17:12:15.009464 	EXP 	image: autoDraw = False
2026-08-06_17:12:15.009464 	EXP 	image: autoDraw = False
2026-08-06_17:12:15.009464 	EXP 	fix_cross: foreColor = <psychopy.colors.Color: white, alpha=1.0>
2026-08-06_17:12:15.009464 	EXP 	fix_cross: autoDraw = True
2026-08-06_17:12:15.466932 	EXP 	Sound spoken_word reached end of file
2026-08-06_17:12:15.478175 	EXP 	Sound spoken_word reached end of file
2026-08-06_17:12:16.510282 	EXP 	fix_cross: autoDraw = False
2026-08-06_17:12:16.526253 	EXP 	fix_cross: foreColor = <psychopy.colors.Color: white, alpha=1.0>
2026-08-06_17:12:16.526253 	EXP 	fix_cross_prc: autoDraw = True
2026-08-06_17:12:16.526253 	EXP 	fix_cross: autoDraw = False
2026-08-06_17:12:16.526253 	EXP 	fix_cross_2: autoDraw = True
2026-08-06_17:12:17.348131 	EXP 	New trial (rep=0, index=13): <Trial 13 (13 in rep 0) data={'block': 1, 'trial_in_block': 14, 'concept': 'chair', 'concept_num': 4, 'concept_num_word': 4, 'exemplar_num': 9, 'image_shown': 'chair\\chair_09.jpg', 'word_shown_english': 'chair', 'word_shown_german': 'Stuhl', 'word_shown_french': 'Chaise', 'is_prompt': 1, 'is_mismatch': 0, 'ITI_length': 1.07, 'correct_response': None, 'nonmatch_pres_side': None, 'thisN': 13, 'thisTrialN': 13, 'thisRepN': 0}>
2026-08-06_17:12:17.413495 	EXP 	fix_cross_2: autoDraw = False
2026-08-06_17:12:17.413495 	EXP 	fix_cross_2: autoDraw = False
2026-08-06_17:12:17.413495 	EXP 	breaks_instruction: text = 'Pause, die Aufgabe geht gleich weiter.\nEs sind noch 9 Blöcke übrig.'
2026-08-06_17:12:17.413495 	EXP 	instruction_continuebreak: text = 'Die Pause ist vorbei.\nBitte drücken Sie eine beliebige Taste,\nsobald sie bereit sind, weiterzumachen.'
2026-08-06_17:12:17.413495 	EXP 	breaks_instruction: autoDraw = False
2026-08-06_17:12:17.413495 	EXP 	progress_bar_breaks: autoDraw = False
2026-08-06_17:12:17.413495 	EXP 	instruction_continuebreak: autoDraw = False
2026-08-06_17:12:17.413495 	EXP 	image: image = 'stimuli\\chair\\chair_09.jpg'
2026-08-06_17:12:17.413495 	EXP 	image: autoDraw = True
2026-08-06_17:12:17.562450 	DATA 	Mouse: Left button down, pos=(519,284)
2026-08-06_17:12:17.712980 	DATA 	Mouse:  Left button up, pos=(519,284)
2026-08-06_17:12:18.190861 	EXP 	spoken_word: sampleRate = 44100
2026-08-06_17:12:18.194463 	INFO 	Resampled audio from 44100Hz to 48000Hz using method 'default'.
2026-08-06_17:12:18.194502 	DEBUG 	Converted audio clip from mono to stereo
2026-08-06_17:12:18.195342 	EXP 	Sound spoken_word reached end of file
95.5174 	EXP 	Playing sound spoken_word on speaker Lautsprecher (Realtek(R) Audio)
2026-08-06_17:12:18.207942 	INFO 	Keyboard events cleared
2026-08-06_17:12:18.207728 	EXP 	image: autoDraw = False
2026-08-06_17:12:18.207728 	EXP 	image: autoDraw = False
2026-08-06_17:12:18.207728 	EXP 	fix_cross: foreColor = <psychopy.colors.Color: white, alpha=1.0>
2026-08-06_17:12:18.207728 	EXP 	fix_cross: autoDraw = True
2026-08-06_17:12:18.738331 	EXP 	Sound spoken_word reached end of file
2026-08-06_17:12:18.760635 	EXP 	Sound spoken_word reached end of file
2026-08-06_17:12:19.060821 	EXP 	Device response: <KeyPress from None: t=96.36461049999343, value=escape, duration=None>
2026-08-06_17:12:19.061535 	DATA 	Keypress: escape
2026-08-06_17:12:19.160920 	EXP 	Device response: <KeyPress from None: t=96.36461049999343, value=escape, duration=0.09960990000399761>
2026-08-06_17:12:19.160964 	EXP 	TSRlearn_localizer-concepts: status = STOPPED
2026-08-06_17:12:19.175157 	EXP 	fix_cross_prc: autoDraw = False
2026-08-06_17:12:19.175157 	EXP 	fix_cross: autoDraw = False
2026-08-06_17:12:19.178390 	EXP 	TSRlearn_localizer-concepts: status = STOPPED
2026-08-06_17:12:19.207087 	INFO 	saved data to 'C:\\sync_folder\\TSRlearn-task\\psychopy_exp_files\\data\\2_TSRlearn_localizer-concepts_2026-08-06_17h10.20.646.csv'
2026-08-06_17:12:19.212229 	INFO 	saved data to C:\sync_folder\TSRlearn-task\psychopy_exp_files\data\2_TSRlearn_localizer-concepts_2026-08-06_17h10.20.646.psydat
2026-08-06_17:12:19.544152 	DEBUG 	Saving data for TSRlearn_localizer-concepts ExperimentHandler
2026-08-06_17:12:19.546634 	WARNING 	Stopping key buffers but this could be dangerous ifother keyboards rely on the same.
